../Drivers/STM32L4xx_HAL_Driver/Src/stm32l4xx_ll_sdmmc.c:215:19:SDMMC_Init	8	static
../Drivers/STM32L4xx_HAL_Driver/Src/stm32l4xx_ll_sdmmc.c:272:10:SDMMC_ReadFIFO	0	static
../Drivers/STM32L4xx_HAL_Driver/Src/stm32l4xx_ll_sdmmc.c:284:19:SDMMC_WriteFIFO	0	static
../Drivers/STM32L4xx_HAL_Driver/Src/stm32l4xx_ll_sdmmc.c:316:19:SDMMC_PowerState_ON	8	static
../Drivers/STM32L4xx_HAL_Driver/Src/stm32l4xx_ll_sdmmc.c:352:19:SDMMC_PowerState_OFF	0	static
../Drivers/STM32L4xx_HAL_Driver/Src/stm32l4xx_ll_sdmmc.c:373:10:SDMMC_GetPowerState	0	static
../Drivers/STM32L4xx_HAL_Driver/Src/stm32l4xx_ll_sdmmc.c:386:19:SDMMC_SendCommand	8	static
../Drivers/STM32L4xx_HAL_Driver/Src/stm32l4xx_ll_sdmmc.c:416:9:SDMMC_GetCommandResponse	0	static
../Drivers/STM32L4xx_HAL_Driver/Src/stm32l4xx_ll_sdmmc.c:433:10:SDMMC_GetResponse	0	static
../Drivers/STM32L4xx_HAL_Driver/Src/stm32l4xx_ll_sdmmc.c:454:19:SDMMC_ConfigData	8	static
../Drivers/STM32L4xx_HAL_Driver/Src/stm32l4xx_ll_sdmmc.c:489:10:SDMMC_GetDataCounter	0	static
../Drivers/STM32L4xx_HAL_Driver/Src/stm32l4xx_ll_sdmmc.c:499:10:SDMMC_GetFIFOCount	0	static
../Drivers/STM32L4xx_HAL_Driver/Src/stm32l4xx_ll_sdmmc.c:513:19:SDMMC_SetSDMMCReadWaitMode	0	static
../Drivers/STM32L4xx_HAL_Driver/Src/stm32l4xx_ll_sdmmc.c:846:10:SDMMC_CmdGoIdleState	32	static
../Drivers/STM32L4xx_HAL_Driver/Src/stm32l4xx_ll_sdmmc.c:1294:10:SDMMC_GetCmdResp1	8	static
../Drivers/STM32L4xx_HAL_Driver/Src/stm32l4xx_ll_sdmmc.c:549:10:SDMMC_CmdBlockLength	40	static
../Drivers/STM32L4xx_HAL_Driver/Src/stm32l4xx_ll_sdmmc.c:573:10:SDMMC_CmdReadSingleBlock	40	static
../Drivers/STM32L4xx_HAL_Driver/Src/stm32l4xx_ll_sdmmc.c:597:10:SDMMC_CmdReadMultiBlock	40	static
../Drivers/STM32L4xx_HAL_Driver/Src/stm32l4xx_ll_sdmmc.c:621:10:SDMMC_CmdWriteSingleBlock	40	static
../Drivers/STM32L4xx_HAL_Driver/Src/stm32l4xx_ll_sdmmc.c:645:10:SDMMC_CmdWriteMultiBlock	40	static
../Drivers/STM32L4xx_HAL_Driver/Src/stm32l4xx_ll_sdmmc.c:669:10:SDMMC_CmdSDEraseStartAdd	40	static
../Drivers/STM32L4xx_HAL_Driver/Src/stm32l4xx_ll_sdmmc.c:693:10:SDMMC_CmdSDEraseEndAdd	40	static
../Drivers/STM32L4xx_HAL_Driver/Src/stm32l4xx_ll_sdmmc.c:717:10:SDMMC_CmdEraseStartAdd	40	static
../Drivers/STM32L4xx_HAL_Driver/Src/stm32l4xx_ll_sdmmc.c:741:10:SDMMC_CmdEraseEndAdd	40	static
../Drivers/STM32L4xx_HAL_Driver/Src/stm32l4xx_ll_sdmmc.c:765:10:SDMMC_CmdErase	40	static
../Drivers/STM32L4xx_HAL_Driver/Src/stm32l4xx_ll_sdmmc.c:789:10:SDMMC_CmdStopTransfer	40	static
../Drivers/STM32L4xx_HAL_Driver/Src/stm32l4xx_ll_sdmmc.c:822:10:SDMMC_CmdSelDesel	40	static
../Drivers/STM32L4xx_HAL_Driver/Src/stm32l4xx_ll_sdmmc.c:900:10:SDMMC_CmdAppCommand	40	static
../Drivers/STM32L4xx_HAL_Driver/Src/stm32l4xx_ll_sdmmc.c:956:10:SDMMC_CmdBusWidth	40	static
../Drivers/STM32L4xx_HAL_Driver/Src/stm32l4xx_ll_sdmmc.c:1200:10:SDMMC_CmdSwitch	0	static
../Drivers/STM32L4xx_HAL_Driver/Src/stm32l4xx_ll_sdmmc.c:979:10:SDMMC_CmdSendSCR	40	static
../Drivers/STM32L4xx_HAL_Driver/Src/stm32l4xx_ll_sdmmc.c:1078:10:SDMMC_CmdSetRelAddMmc	40	static
../Drivers/STM32L4xx_HAL_Driver/Src/stm32l4xx_ll_sdmmc.c:1103:10:SDMMC_CmdSleepMmc	40	static
../Drivers/STM32L4xx_HAL_Driver/Src/stm32l4xx_ll_sdmmc.c:1128:10:SDMMC_CmdSendStatus	40	static
../Drivers/STM32L4xx_HAL_Driver/Src/stm32l4xx_ll_sdmmc.c:1151:10:SDMMC_CmdStatusRegister	40	static
../Drivers/STM32L4xx_HAL_Driver/Src/stm32l4xx_ll_sdmmc.c:1252:10:SDMMC_CmdSendEXTCSD	40	static
../Drivers/STM32L4xx_HAL_Driver/Src/stm32l4xx_ll_sdmmc.c:1435:10:SDMMC_GetCmdResp2	0	static
../Drivers/STM32L4xx_HAL_Driver/Src/stm32l4xx_ll_sdmmc.c:1003:10:SDMMC_CmdSendCID	32	static
../Drivers/STM32L4xx_HAL_Driver/Src/stm32l4xx_ll_sdmmc.c:1028:10:SDMMC_CmdSendCSD	32	static
../Drivers/STM32L4xx_HAL_Driver/Src/stm32l4xx_ll_sdmmc.c:1479:10:SDMMC_GetCmdResp3	0	static
../Drivers/STM32L4xx_HAL_Driver/Src/stm32l4xx_ll_sdmmc.c:928:10:SDMMC_CmdAppOperCommand	32	static
../Drivers/STM32L4xx_HAL_Driver/Src/stm32l4xx_ll_sdmmc.c:1176:10:SDMMC_CmdOpCondition	32	static
../Drivers/STM32L4xx_HAL_Driver/Src/stm32l4xx_ll_sdmmc.c:1519:10:SDMMC_GetCmdResp6	8	static
../Drivers/STM32L4xx_HAL_Driver/Src/stm32l4xx_ll_sdmmc.c:1053:10:SDMMC_CmdSetRelAdd	40	static
../Drivers/STM32L4xx_HAL_Driver/Src/stm32l4xx_ll_sdmmc.c:1592:10:SDMMC_GetCmdResp7	0	static
../Drivers/STM32L4xx_HAL_Driver/Src/stm32l4xx_ll_sdmmc.c:869:10:SDMMC_CmdOperCond	32	static
