Archive member included to satisfy reference by file (symbol)

/Applications/STM32CubeIDE.app/Contents/Eclipse/plugins/com.st.stm32cube.ide.mcu.externaltools.gnu-tools-for-stm32.14.3.rel1.macosaarch64_1.0.0.202602081740/tools/bin/../lib/gcc/arm-none-eabi/14.3.1/../../../../arm-none-eabi/lib/thumb/v7e-m+fp/hard/libc_nano.a(libc_a-exit.o)
                              /Applications/STM32CubeIDE.app/Contents/Eclipse/plugins/com.st.stm32cube.ide.mcu.externaltools.gnu-tools-for-stm32.14.3.rel1.macosaarch64_1.0.0.202602081740/tools/bin/../lib/gcc/arm-none-eabi/14.3.1/../../../../arm-none-eabi/lib/thumb/v7e-m+fp/hard/crt0.o (exit)
/Applications/STM32CubeIDE.app/Contents/Eclipse/plugins/com.st.stm32cube.ide.mcu.externaltools.gnu-tools-for-stm32.14.3.rel1.macosaarch64_1.0.0.202602081740/tools/bin/../lib/gcc/arm-none-eabi/14.3.1/../../../../arm-none-eabi/lib/thumb/v7e-m+fp/hard/libc_nano.a(libc_a-findfp.o)
                              /Applications/STM32CubeIDE.app/Contents/Eclipse/plugins/com.st.stm32cube.ide.mcu.externaltools.gnu-tools-for-stm32.14.3.rel1.macosaarch64_1.0.0.202602081740/tools/bin/../lib/gcc/arm-none-eabi/14.3.1/../../../../arm-none-eabi/lib/thumb/v7e-m+fp/hard/libc_nano.a(libc_a-exit.o) (__stdio_exit_handler)
/Applications/STM32CubeIDE.app/Contents/Eclipse/plugins/com.st.stm32cube.ide.mcu.externaltools.gnu-tools-for-stm32.14.3.rel1.macosaarch64_1.0.0.202602081740/tools/bin/../lib/gcc/arm-none-eabi/14.3.1/../../../../arm-none-eabi/lib/thumb/v7e-m+fp/hard/libc_nano.a(libc_a-fwalk.o)
                              /Applications/STM32CubeIDE.app/Contents/Eclipse/plugins/com.st.stm32cube.ide.mcu.externaltools.gnu-tools-for-stm32.14.3.rel1.macosaarch64_1.0.0.202602081740/tools/bin/../lib/gcc/arm-none-eabi/14.3.1/../../../../arm-none-eabi/lib/thumb/v7e-m+fp/hard/libc_nano.a(libc_a-findfp.o) (_fwalk_sglue)
/Applications/STM32CubeIDE.app/Contents/Eclipse/plugins/com.st.stm32cube.ide.mcu.externaltools.gnu-tools-for-stm32.14.3.rel1.macosaarch64_1.0.0.202602081740/tools/bin/../lib/gcc/arm-none-eabi/14.3.1/../../../../arm-none-eabi/lib/thumb/v7e-m+fp/hard/libc_nano.a(libc_a-printf.o)
                              ./Core/Src/bootloader.o (printf)
/Applications/STM32CubeIDE.app/Contents/Eclipse/plugins/com.st.stm32cube.ide.mcu.externaltools.gnu-tools-for-stm32.14.3.rel1.macosaarch64_1.0.0.202602081740/tools/bin/../lib/gcc/arm-none-eabi/14.3.1/../../../../arm-none-eabi/lib/thumb/v7e-m+fp/hard/libc_nano.a(libc_a-puts.o)
                              ./Core/Src/bootloader.o (puts)
/Applications/STM32CubeIDE.app/Contents/Eclipse/plugins/com.st.stm32cube.ide.mcu.externaltools.gnu-tools-for-stm32.14.3.rel1.macosaarch64_1.0.0.202602081740/tools/bin/../lib/gcc/arm-none-eabi/14.3.1/../../../../arm-none-eabi/lib/thumb/v7e-m+fp/hard/libc_nano.a(libc_a-memset.o)
                              /Applications/STM32CubeIDE.app/Contents/Eclipse/plugins/com.st.stm32cube.ide.mcu.externaltools.gnu-tools-for-stm32.14.3.rel1.macosaarch64_1.0.0.202602081740/tools/bin/../lib/gcc/arm-none-eabi/14.3.1/../../../../arm-none-eabi/lib/thumb/v7e-m+fp/hard/crt0.o (memset)
/Applications/STM32CubeIDE.app/Contents/Eclipse/plugins/com.st.stm32cube.ide.mcu.externaltools.gnu-tools-for-stm32.14.3.rel1.macosaarch64_1.0.0.202602081740/tools/bin/../lib/gcc/arm-none-eabi/14.3.1/../../../../arm-none-eabi/lib/thumb/v7e-m+fp/hard/libc_nano.a(libc_a-errno.o)
                              ./Core/Src/syscalls.o (__errno)
/Applications/STM32CubeIDE.app/Contents/Eclipse/plugins/com.st.stm32cube.ide.mcu.externaltools.gnu-tools-for-stm32.14.3.rel1.macosaarch64_1.0.0.202602081740/tools/bin/../lib/gcc/arm-none-eabi/14.3.1/../../../../arm-none-eabi/lib/thumb/v7e-m+fp/hard/libc_nano.a(libc_a-init.o)
                              /Applications/STM32CubeIDE.app/Contents/Eclipse/plugins/com.st.stm32cube.ide.mcu.externaltools.gnu-tools-for-stm32.14.3.rel1.macosaarch64_1.0.0.202602081740/tools/bin/../lib/gcc/arm-none-eabi/14.3.1/../../../../arm-none-eabi/lib/thumb/v7e-m+fp/hard/crt0.o (__libc_init_array)
/Applications/STM32CubeIDE.app/Contents/Eclipse/plugins/com.st.stm32cube.ide.mcu.externaltools.gnu-tools-for-stm32.14.3.rel1.macosaarch64_1.0.0.202602081740/tools/bin/../lib/gcc/arm-none-eabi/14.3.1/../../../../arm-none-eabi/lib/thumb/v7e-m+fp/hard/libc_nano.a(libc_a-lock.o)
                              /Applications/STM32CubeIDE.app/Contents/Eclipse/plugins/com.st.stm32cube.ide.mcu.externaltools.gnu-tools-for-stm32.14.3.rel1.macosaarch64_1.0.0.202602081740/tools/bin/../lib/gcc/arm-none-eabi/14.3.1/../../../../arm-none-eabi/lib/thumb/v7e-m+fp/hard/libc_nano.a(libc_a-findfp.o) (__retarget_lock_init_recursive)
/Applications/STM32CubeIDE.app/Contents/Eclipse/plugins/com.st.stm32cube.ide.mcu.externaltools.gnu-tools-for-stm32.14.3.rel1.macosaarch64_1.0.0.202602081740/tools/bin/../lib/gcc/arm-none-eabi/14.3.1/../../../../arm-none-eabi/lib/thumb/v7e-m+fp/hard/libc_nano.a(libc_a-impure.o)
[...]
Memory Configuration

Name             Origin             Length             Attributes
RAM              0x20000000         0x0000c000         xrw
RAM2             0x10000000         0x00004000         xrw
FLASH            0x08000000         0x00008000         xr
*default*        0x00000000         0xffffffff

Linker script and memory map

LOAD /Applications/STM32CubeIDE.app/Contents/Eclipse/plugins/com.st.stm32cube.ide.mcu.externaltools.gnu-tools-for-stm32.14.3.rel1.macosaarch64_1.0.0.202602081740/tools/bin/../lib/gcc/arm-none-eabi/14.3.1/thumb/v7e-m+fp/hard/crti.o
LOAD /Applications/STM32CubeIDE.app/Contents/Eclipse/plugins/com.st.stm32cube.ide.mcu.externaltools.gnu-tools-for-stm32.14.3.rel1.macosaarch64_1.0.0.202602081740/tools/bin/../lib/gcc/arm-none-eabi/14.3.1/thumb/v7e-m+fp/hard/crtbegin.o
LOAD /Applications/STM32CubeIDE.app/Contents/Eclipse/plugins/com.st.stm32cube.ide.mcu.externaltools.gnu-tools-for-stm32.14.3.rel1.macosaarch64_1.0.0.202602081740/tools/bin/../lib/gcc/arm-none-eabi/14.3.1/../../../../arm-none-eabi/lib/thumb/v7e-m+fp/hard/crt0.o
LOAD ./Core/Src/bootloader.o
LOAD ./Core/Src/main.o
LOAD ./Core/Src/stm32l4xx_hal_msp.o
LOAD ./Core/Src/stm32l4xx_it.o
LOAD ./Core/Src/syscalls.o
LOAD ./Core/Src/sysmem.o
LOAD ./Core/Src/system_stm32l4xx.o
LOAD ./Core/Startup/startup_stm32l431rctx.o
LOAD ./Drivers/STM32L4xx_HAL_Driver/Src/stm32l4xx_hal.o
LOAD ./Drivers/STM32L4xx_HAL_Driver/Src/stm32l4xx_hal_cortex.o
LOAD ./Drivers/STM32L4xx_HAL_Driver/Src/stm32l4xx_hal_dma.o
LOAD ./Drivers/STM32L4xx_HAL_Driver/Src/stm32l4xx_hal_dma_ex.o
LOAD ./Drivers/STM32L4xx_HAL_Driver/Src/stm32l4xx_hal_exti.o
LOAD ./Drivers/STM32L4xx_HAL_Driver/Src/stm32l4xx_hal_flash.o
LOAD ./Drivers/STM32L4xx_HAL_Driver/Src/stm32l4xx_hal_flash_ex.o
LOAD ./Drivers/STM32L4xx_HAL_Driver/Src/stm32l4xx_hal_flash_ramfunc.o
LOAD ./Drivers/STM32L4xx_HAL_Driver/Src/stm32l4xx_hal_gpio.o
LOAD ./Drivers/STM32L4xx_HAL_Driver/Src/stm32l4xx_hal_i2c.o
LOAD ./Drivers/STM32L4xx_HAL_Driver/Src/stm32l4xx_hal_i2c_ex.o
LOAD ./Drivers/STM32L4xx_HAL_Driver/Src/stm32l4xx_hal_mmc.o
LOAD ./Drivers/STM32L4xx_HAL_Driver/Src/stm32l4xx_hal_mmc_ex.o
LOAD ./Drivers/STM32L4xx_HAL_Driver/Src/stm32l4xx_hal_pwr.o
LOAD ./Drivers/STM32L4xx_HAL_Driver/Src/stm32l4xx_hal_pwr_ex.o
LOAD ./Drivers/STM32L4xx_HAL_Driver/Src/stm32l4xx_hal_rcc.o
LOAD ./Drivers/STM32L4xx_HAL_Driver/Src/stm32l4xx_hal_rcc_ex.o
LOAD ./Drivers/STM32L4xx_HAL_Driver/Src/stm32l4xx_hal_sd.o
LOAD ./Drivers/STM32L4xx_HAL_Driver/Src/stm32l4xx_hal_sd_ex.o
LOAD ./Drivers/STM32L4xx_HAL_Driver/Src/stm32l4xx_ll_sdmmc.o
LOAD ./FATFS/App/fatfs.o
LOAD ./FATFS/Target/bsp_driver_sd.o
LOAD ./FATFS/Target/sd_diskio.o
LOAD ./Middlewares/Third_Party/FatFs/src/diskio.o
LOAD ./Middlewares/Third_Party/FatFs/src/ff.o
LOAD ./Middlewares/Third_Party/FatFs/src/ff_gen_drv.o
LOAD ./Middlewares/Third_Party/FatFs/src/option/syscall.o
START GROUP
LOAD /Applications/STM32CubeIDE.app/Contents/Eclipse/plugins/com.st.stm32cube.ide.mcu.externaltools.gnu-tools-for-stm32.14.3.rel1.macosaarch64_1.0.0.202602081740/tools/bin/../lib/gcc/arm-none-eabi/14.3.1/../../../../arm-none-eabi/lib/thumb/v7e-m+fp/hard/libc_nano.a
LOAD /Applications/STM32CubeIDE.app/Contents/Eclipse/plugins/com.st.stm32cube.ide.mcu.externaltools.gnu-tools-for-stm32.14.3.rel1.macosaarch64_1.0.0.202602081740/tools/bin/../lib/gcc/arm-none-eabi/14.3.1/../../../../arm-none-eabi/lib/thumb/v7e-m+fp/hard/libm.a
END GROUP
START GROUP
LOAD /Applications/STM32CubeIDE.app/Contents/Eclipse/plugins/com.st.stm32cube.ide.mcu.externaltools.gnu-tools-for-stm32.14.3.rel1.macosaarch64_1.0.0.202602081740/tools/bin/../lib/gcc/arm-none-eabi/14.3.1/thumb/v7e-m+fp/hard/libgcc.a
LOAD /Applications/STM32CubeIDE.app/Contents/Eclipse/plugins/com.st.stm32cube.ide.mcu.externaltools.gnu-tools-for-stm32.14.3.rel1.macosaarch64_1.0.0.202602081740/tools/bin/../lib/gcc/arm-none-eabi/14.3.1/../../../../arm-none-eabi/lib/thumb/v7e-m+fp/hard/libc_nano.a
END GROUP
START GROUP
LOAD /Applications/STM32CubeIDE.app/Contents/Eclipse/plugins/com.st.stm32cube.ide.mcu.externaltools.gnu-tools-for-stm32.14.3.rel1.macosaarch64_1.0.0.202602081740/tools/bin/../lib/gcc/arm-none-eabi/14.3.1/thumb/v7e-m+fp/hard/libgcc.a
LOAD /Applications/STM32CubeIDE.app/Contents/Eclipse/plugins/com.st.stm32cube.ide.mcu.externaltools.gnu-tools-for-stm32.14.3.rel1.macosaarch64_1.0.0.202602081740/tools/bin/../lib/gcc/arm-none-eabi/14.3.1/../../../../arm-none-eabi/lib/thumb/v7e-m+fp/hard/libc_nano.a
LOAD /Applications/STM32CubeIDE.app/Contents/Eclipse/plugins/com.st.stm32cube.ide.mcu.externaltools.gnu-tools-for-stm32.14.3.rel1.macosaarch64_1.0.0.202602081740/tools/bin/../lib/gcc/arm-none-eabi/14.3.1/../../../../arm-none-eabi/lib/thumb/v7e-m+fp/hard/libnosys.a
END GROUP
START GROUP
LOAD /Applications/STM32CubeIDE.app/Contents/Eclipse/plugins/com.st.stm32cube.ide.mcu.externaltools.gnu-tools-for-stm32.14.3.rel1.macosaarch64_1.0.0.202602081740/tools/bin/../lib/gcc/arm-none-eabi/14.3.1/thumb/v7e-m+fp/hard/libgcc.a
LOAD /Applications/STM32CubeIDE.app/Contents/Eclipse/plugins/com.st.stm32cube.ide.mcu.externaltools.gnu-tools-for-stm32.14.3.rel1.macosaarch64_1.0.0.202602081740/tools/bin/../lib/gcc/arm-none-eabi/14.3.1/../../../../arm-none-eabi/lib/thumb/v7e-m+fp/hard/libc_nano.a
LOAD /Applications/STM32CubeIDE.app/Contents/Eclipse/plugins/com.st.stm32cube.ide.mcu.externaltools.gnu-tools-for-stm32.14.3.rel1.macosaarch64_1.0.0.202602081740/tools/bin/../lib/gcc/arm-none-eabi/14.3.1/../../../../arm-none-eabi/lib/thumb/v7e-m+fp/hard/libnosys.a
END GROUP
LOAD /Applications/STM32CubeIDE.app/Contents/Eclipse/plugins/com.st.stm32cube.ide.mcu.externaltools.gnu-tools-for-stm32.14.3.rel1.macosaarch64_1.0.0.202602081740/tools/bin/../lib/gcc/arm-none-eabi/14.3.1/thumb/v7e-m+fp/hard/crtend.o
LOAD /Applications/STM32CubeIDE.app/Contents/Eclipse/plugins/com.st.stm32cube.ide.mcu.externaltools.gnu-tools-for-stm32.14.3.rel1.macosaarch64_1.0.0.202602081740/tools/bin/../lib/gcc/arm-none-eabi/14.3.1/thumb/v7e-m+fp/hard/crtn.o
                0x2000c000                        _estack = (ORIGIN (RAM) + LENGTH (RAM))
                0x00000200                        _Min_Heap_Size = 0x200
                0x00000400                        _Min_Stack_Size = 0x400

.isr_vector     0x08000000      0x18c
                0x08000000                        . = ALIGN (0x4)
 *(.isr_vector)
 .isr_vector    0x08000000      0x18c ./Core/Startup/startup_stm32l431rctx.o
                0x08000000                g_pfnVectors
                0x0800018c                        . = ALIGN (0x4)

.text           0x08000190     0x42dc
                0x08000190                        . = ALIGN (0x4)
 *(.text)
 .text          0x08000190       0x40 /Applications/STM32CubeIDE.app/Contents/Eclipse/plugins/com.st.stm32cube.ide.mcu.externaltools.gnu-tools-for-stm32.14.3.rel1.macosaarch64_1.0.0.202602081740/tools/bin/../lib/gcc/arm-none-eabi/14.3.1/thumb/v7e-m+fp/hard/crtbegin.o
 .text          0x080001d0       0xa0 /Applications/STM32CubeIDE.app/Contents/Eclipse/plugins/com.st.stm32cube.ide.mcu.externaltools.gnu-tools-for-stm32.14.3.rel1.macosaarch64_1.0.0.202602081740/tools/bin/../lib/gcc/arm-none-eabi/14.3.1/../../../../arm-none-eabi/lib/thumb/v7e-m+fp/hard/libc_nano.a(libc_a-memchr.o)
                0x080001d0                memchr
 *(.text*)
 .text.calculateBinaryCRC
                0x08000270       0x64 ./Core/Src/bootloader.o
                0x08000270                calculateBinaryCRC
 .text.calculateFileCRC
                0x080002d4       0x88 ./Core/Src/bootloader.o
                0x080002d4                calculateFileCRC
 .text.calculateFlashCRC
                0x0800035c       0x28 ./Core/Src/bootloader.o
                0x0800035c                calculateFlashCRC
 .text._write   0x08000384       0x40 ./Core/Src/main.o
                0x08000384                _write
 .text.SystemClock_Config
                0x080003c4       0x72 ./Core/Src/main.o
                0x080003c4                SystemClock_Config
 *fill*         0x08000436        0x2 
 .text.startup.main
                0x08000438       0xe8 ./Core/Src/main.o
                0x08000438                main
 .text.Error_Handler
                0x08000520        0x4 ./Core/Src/main.o
                0x08000520                Error_Handler
 .text.HAL_MspInit
                0x08000524       0x30 ./Core/Src/stm32l4xx_hal_msp.o
                0x08000524                HAL_MspInit
 .text.HAL_SD_MspInit
                0x08000554       0xb8 ./Core/Src/stm32l4xx_hal_msp.o
                0x08000554                HAL_SD_MspInit
 .text.HAL_SD_MspDeInit
                0x0800060c       0x3c ./Core/Src/stm32l4xx_hal_msp.o
                0x0800060c                HAL_SD_MspDeInit
 .text.NMI_Handler
                0x08000648        0x2 ./Core/Src/stm32l4xx_it.o
                0x08000648                NMI_Handler
 .text.HardFault_Handler
                0x0800064a        0x2 ./Core/Src/stm32l4xx_it.o
                0x0800064a                HardFault_Handler
 .text.MemManage_Handler
                0x0800064c        0x2 ./Core/Src/stm32l4xx_it.o
                0x0800064c                MemManage_Handler
 .text.BusFault_Handler
                0x0800064e        0x2 ./Core/Src/stm32l4xx_it.o
                0x0800064e                BusFault_Handler
 .text.UsageFault_Handler
                0x08000650        0x2 ./Core/Src/stm32l4xx_it.o
                0x08000650                UsageFault_Handler
 .text.SVC_Handler
                0x08000652        0x2 ./Core/Src/stm32l4xx_it.o
                0x08000652                SVC_Handler
 .text.DebugMon_Handler
                0x08000654        0x2 ./Core/Src/stm32l4xx_it.o
                0x08000654                DebugMon_Handler
 .text.PendSV_Handler
                0x08000656        0x2 ./Core/Src/stm32l4xx_it.o
                0x08000656                PendSV_Handler
 .text.SysTick_Handler
                0x08000658        0x4 ./Core/Src/stm32l4xx_it.o
                0x08000658                SysTick_Handler
 .text._read    0x0800065c       0x1c ./Core/Src/syscalls.o
                0x0800065c                _read
 .text._close   0x08000678        0x6 ./Core/Src/syscalls.o
                0x08000678                _close
 .text._fstat   0x0800067e        0xa ./Core/Src/syscalls.o
                0x0800067e                _fstat
 .text._isatty  0x08000688        0x4 ./Core/Src/syscalls.o
                0x08000688                _isatty
 .text._lseek   0x0800068c        0x4 ./Core/Src/syscalls.o
                0x0800068c                _lseek
 .text._sbrk    0x08000690       0x3c ./Core/Src/sysmem.o
                0x08000690                _sbrk
 .text.SystemInit
                0x080006cc       0x14 ./Core/Src/system_stm32l4xx.o
                0x080006cc                SystemInit
 .text.Reset_Handler
                0x080006e0       0x50 ./Core/Startup/startup_stm32l431rctx.o
                0x080006e0                Reset_Handler
 .text.Default_Handler
                0x08000730        0x2 ./Core/Startup/startup_stm32l431rctx.o
                0x08000730                TIM1_BRK_TIM15_IRQHandler
                0x08000730                EXTI2_IRQHandler
                0x08000730                TIM1_CC_IRQHandler
                0x08000730                TSC_IRQHandler
                0x08000730                TAMP_STAMP_IRQHandler
                0x08000730                EXTI3_IRQHandler
                0x08000730                LPTIM2_IRQHandler
                0x08000730                I2C3_ER_IRQHandler
                0x08000730                EXTI0_IRQHandler
                0x08000730                I2C2_EV_IRQHandler
                0x08000730                CAN1_RX0_IRQHandler
                0x08000730                FPU_IRQHandler
                0x08000730                TIM1_UP_TIM16_IRQHandler
                0x08000730                SPI1_IRQHandler
                0x08000730                TIM6_DAC_IRQHandler
                0x08000730                DMA2_Channel2_IRQHandler
                0x08000730                DMA1_Channel4_IRQHandler
                0x08000730                ADC1_IRQHandler
                0x08000730                USART3_IRQHandler
                0x08000730                DMA1_Channel7_IRQHandler
                0x08000730                CAN1_RX1_IRQHandler
                0x08000730                DMA2_Channel1_IRQHandler
                0x08000730                QUADSPI_IRQHandler
                0x08000730                I2C1_EV_IRQHandler
                0x08000730                DMA1_Channel6_IRQHandler
                0x08000730                DMA2_Channel4_IRQHandler
                0x08000730                RCC_IRQHandler
                0x08000730                TIM1_TRG_COM_IRQHandler
                0x08000730                DMA1_Channel1_IRQHandler
                0x08000730                Default_Handler
                0x08000730                DMA2_Channel7_IRQHandler
                0x08000730                EXTI15_10_IRQHandler
                0x08000730                TIM7_IRQHandler
                0x08000730                SDMMC1_IRQHandler
                0x08000730                I2C3_EV_IRQHandler
                0x08000730                EXTI9_5_IRQHandler
                0x08000730                RTC_WKUP_IRQHandler
                0x08000730                PVD_PVM_IRQHandler
                0x08000730                SPI2_IRQHandler
                0x08000730                CAN1_TX_IRQHandler
                0x08000730                DMA2_Channel5_IRQHandler
                0x08000730                CRS_IRQHandler
                0x08000730                DMA1_Channel5_IRQHandler
                0x08000730                EXTI4_IRQHandler
                0x08000730                RNG_IRQHandler
                0x08000730                DMA1_Channel3_IRQHandler
                0x08000730                COMP_IRQHandler
                0x08000730                WWDG_IRQHandler
                0x08000730                LPUART1_IRQHandler
                0x08000730                DMA2_Channel6_IRQHandler
                0x08000730                TIM2_IRQHandler
                0x08000730                EXTI1_IRQHandler
                0x08000730                USART2_IRQHandler
                0x08000730                I2C2_ER_IRQHandler
                0x08000730                DMA1_Channel2_IRQHandler
                0x08000730                CAN1_SCE_IRQHandler
                0x08000730                FLASH_IRQHandler
                0x08000730                USART1_IRQHandler
                0x08000730                SPI3_IRQHandler
                0x08000730                I2C1_ER_IRQHandler
                0x08000730                SWPMI1_IRQHandler
                0x08000730                LPTIM1_IRQHandler
                0x08000730                SAI1_IRQHandler
                0x08000730                DMA2_Channel3_IRQHandler
                0x08000730                RTC_Alarm_IRQHandler
 *fill*         0x08000732        0x2 
 .text.HAL_InitTick
                0x08000734       0x4c ./Drivers/STM32L4xx_HAL_Driver/Src/stm32l4xx_hal.o
                0x08000734                HAL_InitTick
 .text.HAL_Init
                0x08000780       0x1e ./Drivers/STM32L4xx_HAL_Driver/Src/stm32l4xx_hal.o
                0x08000780                HAL_Init
 *fill*         0x0800079e        0x2 
 .text.HAL_IncTick
                0x080007a0       0x18 ./Drivers/STM32L4xx_HAL_Driver/Src/stm32l4xx_hal.o
                0x080007a0                HAL_IncTick
 .text.HAL_GetTick
                0x080007b8        0xc ./Drivers/STM32L4xx_HAL_Driver/Src/stm32l4xx_hal.o
                0x080007b8                HAL_GetTick
 .text.HAL_Delay
                0x080007c4       0x28 ./Drivers/STM32L4xx_HAL_Driver/Src/stm32l4xx_hal.o
                0x080007c4                HAL_Delay
 .text.HAL_NVIC_SetPriorityGrouping
                0x080007ec       0x24 ./Drivers/STM32L4xx_HAL_Driver/Src/stm32l4xx_hal_cortex.o
                0x080007ec                HAL_NVIC_SetPriorityGrouping
 .text.HAL_NVIC_SetPriority
                0x08000810       0x64 ./Drivers/STM32L4xx_HAL_Driver/Src/stm32l4xx_hal_cortex.o
                0x08000810                HAL_NVIC_SetPriority
 .text.HAL_SYSTICK_Config
                0x08000874       0x28 ./Drivers/STM32L4xx_HAL_Driver/Src/stm32l4xx_hal_cortex.o
                0x08000874                HAL_SYSTICK_Config
 .text.HAL_GPIO_Init
                0x0800089c      0x188 ./Drivers/STM32L4xx_HAL_Driver/Src/stm32l4xx_hal_gpio.o
                0x0800089c                HAL_GPIO_Init
 .text.HAL_GPIO_DeInit
                0x08000a24       0xf4 ./Drivers/STM32L4xx_HAL_Driver/Src/stm32l4xx_hal_gpio.o
                0x08000a24                HAL_GPIO_DeInit
 .text.HAL_GPIO_WritePin
                0x08000b18        0xa ./Drivers/STM32L4xx_HAL_Driver/Src/stm32l4xx_hal_gpio.o
                0x08000b18                HAL_GPIO_WritePin
 *fill*         0x08000b22        0x2 
 .text.HAL_PWREx_GetVoltageRange
                0x08000b24       0x10 ./Drivers/STM32L4xx_HAL_Driver/Src/stm32l4xx_hal_pwr_ex.o
                0x08000b24                HAL_PWREx_GetVoltageRange
 .text.HAL_PWREx_ControlVoltageScaling
                0x08000b34       0x6c ./Drivers/STM32L4xx_HAL_Driver/Src/stm32l4xx_hal_pwr_ex.o
                0x08000b34                HAL_PWREx_ControlVoltageScaling
 .text.RCC_SetFlashLatencyFromMSIRange
                0x08000ba0       0x84 ./Drivers/STM32L4xx_HAL_Driver/Src/stm32l4xx_hal_rcc.o
 .text.HAL_RCC_GetSysClockFreq
                0x08000c24       0x94 ./Drivers/STM32L4xx_HAL_Driver/Src/stm32l4xx_hal_rcc.o
                0x08000c24                HAL_RCC_GetSysClockFreq
 .text.HAL_RCC_OscConfig
                0x08000cb8      0x544 ./Drivers/STM32L4xx_HAL_Driver/Src/stm32l4xx_hal_rcc.o
                0x08000cb8                HAL_RCC_OscConfig
 .text.HAL_RCC_ClockConfig
                0x080011fc      0x154 ./Drivers/STM32L4xx_HAL_Driver/Src/stm32l4xx_hal_rcc.o
                0x080011fc                HAL_RCC_ClockConfig
 .text.HAL_RCC_GetPCLK1Freq
                0x08001350       0x24 ./Drivers/STM32L4xx_HAL_Driver/Src/stm32l4xx_hal_rcc.o
                0x08001350                HAL_RCC_GetPCLK1Freq
 .text.HAL_RCC_GetPCLK2Freq
                0x08001374       0x24 ./Drivers/STM32L4xx_HAL_Driver/Src/stm32l4xx_hal_rcc.o
                0x08001374                HAL_RCC_GetPCLK2Freq
 .text.RCCEx_PLLSAI1_Config
                0x08001398      0x10c ./Drivers/STM32L4xx_HAL_Driver/Src/stm32l4xx_hal_rcc_ex.o
 .text.HAL_RCCEx_PeriphCLKConfig
                0x080014a4      0x2b4 ./Drivers/STM32L4xx_HAL_Driver/Src/stm32l4xx_hal_rcc_ex.o
                0x080014a4                HAL_RCCEx_PeriphCLKConfig
 .text.HAL_RCCEx_GetPeriphCLKFreq
                0x08001758      0x384 ./Drivers/STM32L4xx_HAL_Driver/Src/stm32l4xx_hal_rcc_ex.o
                0x08001758                HAL_RCCEx_GetPeriphCLKFreq
 .text.SD_FindSCR.constprop.0
                0x08001adc       0xcc ./Drivers/STM32L4xx_HAL_Driver/Src/stm32l4xx_hal_sd.o
 .text.HAL_SD_DeInit
                0x08001ba8       0x26 ./Drivers/STM32L4xx_HAL_Driver/Src/stm32l4xx_hal_sd.o
                0x08001ba8                HAL_SD_DeInit
 *fill*         0x08001bce        0x2 
 .text.HAL_SD_ReadBlocks
                0x08001bd0      0x1f4 ./Drivers/STM32L4xx_HAL_Driver/Src/stm32l4xx_hal_sd.o
                0x08001bd0                HAL_SD_ReadBlocks
 .text.HAL_SD_WriteBlocks
                0x08001dc4      0x18c ./Drivers/STM32L4xx_HAL_Driver/Src/stm32l4xx_hal_sd.o
                0x08001dc4                HAL_SD_WriteBlocks
 .text.HAL_SD_GetCardCSD
                0x08001f50      0x168 ./Drivers/STM32L4xx_HAL_Driver/Src/stm32l4xx_hal_sd.o
                0x08001f50                HAL_SD_GetCardCSD
 .text.HAL_SD_InitCard
                0x080020b8      0x224 ./Drivers/STM32L4xx_HAL_Driver/Src/stm32l4xx_hal_sd.o
                0x080020b8                HAL_SD_InitCard
 .text.HAL_SD_GetCardInfo
                0x080022dc       0x24 ./Drivers/STM32L4xx_HAL_Driver/Src/stm32l4xx_hal_sd.o
                0x080022dc                HAL_SD_GetCardInfo
 .text.HAL_SD_ConfigWideBusOperation
                0x08002300      0x144 ./Drivers/STM32L4xx_HAL_Driver/Src/stm32l4xx_hal_sd.o
                0x08002300                HAL_SD_ConfigWideBusOperation
 .text.HAL_SD_Init
                0x08002444       0x4e ./Drivers/STM32L4xx_HAL_Driver/Src/stm32l4xx_hal_sd.o
                0x08002444                HAL_SD_Init
 .text.HAL_SD_GetCardState
                0x08002492       0x28 ./Drivers/STM32L4xx_HAL_Driver/Src/stm32l4xx_hal_sd.o
                0x08002492                HAL_SD_GetCardState
 .text.SDMMC_Init
                0x080024ba       0x36 ./Drivers/STM32L4xx_HAL_Driver/Src/stm32l4xx_ll_sdmmc.o
                0x080024ba                SDMMC_Init
 .text.SDMMC_ReadFIFO
                0x080024f0        0x6 ./Drivers/STM32L4xx_HAL_Driver/Src/stm32l4xx_ll_sdmmc.o
                0x080024f0                SDMMC_ReadFIFO
 .text.SDMMC_WriteFIFO
                0x080024f6        0xa ./Drivers/STM32L4xx_HAL_Driver/Src/stm32l4xx_ll_sdmmc.o
                0x080024f6                SDMMC_WriteFIFO
 .text.SDMMC_PowerState_ON
                0x08002500       0x10 ./Drivers/STM32L4xx_HAL_Driver/Src/stm32l4xx_ll_sdmmc.o
                0x08002500                SDMMC_PowerState_ON
 .text.SDMMC_PowerState_OFF
                0x08002510        0x8 ./Drivers/STM32L4xx_HAL_Driver/Src/stm32l4xx_ll_sdmmc.o
                0x08002510                SDMMC_PowerState_OFF
 .text.SDMMC_GetPowerState
                0x08002518        0x8 ./Drivers/STM32L4xx_HAL_Driver/Src/stm32l4xx_ll_sdmmc.o
                0x08002518                SDMMC_GetPowerState
 .text.SDMMC_SendCommand
                0x08002520       0x22 ./Drivers/STM32L4xx_HAL_Driver/Src/stm32l4xx_ll_sdmmc.o
                0x08002520                SDMMC_SendCommand
 .text.SDMMC_GetResponse
                0x08002542        0x6 ./Drivers/STM32L4xx_HAL_Driver/Src/stm32l4xx_ll_sdmmc.o
                0x08002542                SDMMC_GetResponse
 .text.SDMMC_ConfigData
                0x08002548       0x26 ./Drivers/STM32L4xx_HAL_Driver/Src/stm32l4xx_ll_sdmmc.o
                0x08002548                SDMMC_ConfigData
 *fill*         0x0800256e        0x2 
 .text.SDMMC_CmdGoIdleState
                0x08002570       0x50 ./Drivers/STM32L4xx_HAL_Driver/Src/stm32l4xx_ll_sdmmc.o
                0x08002570                SDMMC_CmdGoIdleState
 .text.SDMMC_GetCmdResp1
                0x080025c0      0x11c ./Drivers/STM32L4xx_HAL_Driver/Src/stm32l4xx_ll_sdmmc.o
                0x080025c0                SDMMC_GetCmdResp1
 .text.SDMMC_CmdBlockLength
                0x080026dc       0x32 ./Drivers/STM32L4xx_HAL_Driver/Src/stm32l4xx_ll_sdmmc.o
                0x080026dc                SDMMC_CmdBlockLength
 .text.SDMMC_CmdReadSingleBlock
                0x0800270e       0x32 ./Drivers/STM32L4xx_HAL_Driver/Src/stm32l4xx_ll_sdmmc.o
                0x0800270e                SDMMC_CmdReadSingleBlock
 .text.SDMMC_CmdReadMultiBlock
                0x08002740       0x32 ./Drivers/STM32L4xx_HAL_Driver/Src/stm32l4xx_ll_sdmmc.o
                0x08002740                SDMMC_CmdReadMultiBlock
 .text.SDMMC_CmdWriteSingleBlock
                0x08002772       0x32 ./Drivers/STM32L4xx_HAL_Driver/Src/stm32l4xx_ll_sdmmc.o
                0x08002772                SDMMC_CmdWriteSingleBlock
 .text.SDMMC_CmdWriteMultiBlock
                0x080027a4       0x32 ./Drivers/STM32L4xx_HAL_Driver/Src/stm32l4xx_ll_sdmmc.o
                0x080027a4                SDMMC_CmdWriteMultiBlock
 *fill*         0x080027d6        0x2 
 .text.SDMMC_CmdStopTransfer
                0x080027d8       0x34 ./Drivers/STM32L4xx_HAL_Driver/Src/stm32l4xx_ll_sdmmc.o
                0x080027d8                SDMMC_CmdStopTransfer
 .text.SDMMC_CmdSelDesel
                0x0800280c       0x32 ./Drivers/STM32L4xx_HAL_Driver/Src/stm32l4xx_ll_sdmmc.o
                0x0800280c                SDMMC_CmdSelDesel
 .text.SDMMC_CmdAppCommand
                0x0800283e       0x32 ./Drivers/STM32L4xx_HAL_Driver/Src/stm32l4xx_ll_sdmmc.o
                0x0800283e                SDMMC_CmdAppCommand
 .text.SDMMC_CmdBusWidth
                0x08002870       0x32 ./Drivers/STM32L4xx_HAL_Driver/Src/stm32l4xx_ll_sdmmc.o
                0x08002870                SDMMC_CmdBusWidth
 .text.SDMMC_CmdSendSCR
                0x080028a2       0x32 ./Drivers/STM32L4xx_HAL_Driver/Src/stm32l4xx_ll_sdmmc.o
                0x080028a2                SDMMC_CmdSendSCR
 .text.SDMMC_CmdSendStatus
                0x080028d4       0x32 ./Drivers/STM32L4xx_HAL_Driver/Src/stm32l4xx_ll_sdmmc.o
                0x080028d4                SDMMC_CmdSendStatus
 *fill*         0x08002906        0x2 
 .text.SDMMC_GetCmdResp2
                0x08002908       0x4c ./Drivers/STM32L4xx_HAL_Driver/Src/stm32l4xx_ll_sdmmc.o
                0x08002908                SDMMC_GetCmdResp2
 .text.SDMMC_CmdSendCID
                0x08002954       0x2c ./Drivers/STM32L4xx_HAL_Driver/Src/stm32l4xx_ll_sdmmc.o
                0x08002954                SDMMC_CmdSendCID
 .text.SDMMC_CmdSendCSD
                0x08002980       0x2c ./Drivers/STM32L4xx_HAL_Driver/Src/stm32l4xx_ll_sdmmc.o
                0x08002980                SDMMC_CmdSendCSD
 .text.SDMMC_GetCmdResp3
                0x080029ac       0x44 ./Drivers/STM32L4xx_HAL_Driver/Src/stm32l4xx_ll_sdmmc.o
                0x080029ac                SDMMC_GetCmdResp3
 .text.SDMMC_CmdAppOperCommand
                0x080029f0       0x34 ./Drivers/STM32L4xx_HAL_Driver/Src/stm32l4xx_ll_sdmmc.o
                0x080029f0                SDMMC_CmdAppOperCommand
 .text.SDMMC_GetCmdResp6
                0x08002a24       0x80 ./Drivers/STM32L4xx_HAL_Driver/Src/stm32l4xx_ll_sdmmc.o
                0x08002a24                SDMMC_GetCmdResp6
 .text.SDMMC_CmdSetRelAdd
                0x08002aa4       0x32 ./Drivers/STM32L4xx_HAL_Driver/Src/stm32l4xx_ll_sdmmc.o
                0x08002aa4                SDMMC_CmdSetRelAdd
 *fill*         0x08002ad6        0x2 
 .text.SDMMC_GetCmdResp7
                0x08002ad8       0x54 ./Drivers/STM32L4xx_HAL_Driver/Src/stm32l4xx_ll_sdmmc.o
                0x08002ad8                SDMMC_GetCmdResp7
 .text.SDMMC_CmdOperCond
                0x08002b2c       0x30 ./Drivers/STM32L4xx_HAL_Driver/Src/stm32l4xx_ll_sdmmc.o
                0x08002b2c                SDMMC_CmdOperCond
 .text.MX_FATFS_Init
                0x08002b5c       0x1c ./FATFS/App/fatfs.o
                0x08002b5c                MX_FATFS_Init
 .text.BSP_SD_ReadBlocks
                0x08002b78       0x20 ./FATFS/Target/bsp_driver_sd.o
                0x08002b78                BSP_SD_ReadBlocks
 .text.BSP_SD_WriteBlocks
                0x08002b98       0x20 ./FATFS/Target/bsp_driver_sd.o
                0x08002b98                BSP_SD_WriteBlocks
 .text.BSP_SD_GetCardState
                0x08002bb8       0x14 ./FATFS/Target/bsp_driver_sd.o
                0x08002bb8                BSP_SD_GetCardState
 .text.BSP_SD_GetCardInfo
                0x08002bcc        0xc ./FATFS/Target/bsp_driver_sd.o
                0x08002bcc                BSP_SD_GetCardInfo
 .text.BSP_SD_IsDetected
                0x08002bd8       0x10 ./FATFS/Target/bsp_driver_sd.o
                0x08002bd8                BSP_SD_IsDetected
 .text.BSP_SD_Init
                0x08002be8       0x1c ./FATFS/Target/bsp_driver_sd.o
                0x08002be8                BSP_SD_Init
 .text.SD_ioctl
                0x08002c04       0x50 ./FATFS/Target/sd_diskio.o
                0x08002c04                SD_ioctl
 .text.SD_write
                0x08002c54       0x20 ./FATFS/Target/sd_diskio.o
                0x08002c54                SD_write
 .text.SD_status
                0x08002c74       0x20 ./FATFS/Target/sd_diskio.o
                0x08002c74                SD_status
 .text.SD_read  0x08002c94       0x20 ./FATFS/Target/sd_diskio.o
                0x08002c94                SD_read
 .text.SD_initialize
                0x08002cb4       0x2c ./FATFS/Target/sd_diskio.o
                0x08002cb4                SD_initialize
 .text.disk_status
                0x08002ce0       0x14 ./Middlewares/Third_Party/FatFs/src/diskio.o
                0x08002ce0                disk_status
 .text.disk_initialize
                0x08002cf4       0x20 ./Middlewares/Third_Party/FatFs/src/diskio.o
                0x08002cf4                disk_initialize
 .text.disk_read
                0x08002d14       0x1c ./Middlewares/Third_Party/FatFs/src/diskio.o
                0x08002d14                disk_read
 .text.ld_dword
                0x08002d30        0x4 ./Middlewares/Third_Party/FatFs/src/ff.o
 .text.get_ldnumber
                0x08002d34       0x30 ./Middlewares/Third_Party/FatFs/src/ff.o
 .text.validate
                0x08002d64       0x34 ./Middlewares/Third_Party/FatFs/src/ff.o
 .text.move_window
                0x08002d98       0x2a ./Middlewares/Third_Party/FatFs/src/ff.o
 *fill*         0x08002dc2        0x2 
 .text.check_fs
                0x08002dc4       0x78 ./Middlewares/Third_Party/FatFs/src/ff.o
 .text.find_volume.isra.0
                0x08002e3c      0x1ac ./Middlewares/Third_Party/FatFs/src/ff.o
 .text.get_fat.isra.0
                0x08002fe8       0xac ./Middlewares/Third_Party/FatFs/src/ff.o
 .text.dir_sdi.constprop.0
                0x08003094       0x7c ./Middlewares/Third_Party/FatFs/src/ff.o
 .text.f_mount  0x08003110       0x48 ./Middlewares/Third_Party/FatFs/src/ff.o
                0x08003110                f_mount
 .text.f_open   0x08003158      0x270 ./Middlewares/Third_Party/FatFs/src/ff.o
                0x08003158                f_open
 .text.f_read   0x080033c8      0x120 ./Middlewares/Third_Party/FatFs/src/ff.o
                0x080033c8                f_read
 .text.f_close  0x080034e8       0x12 ./Middlewares/Third_Party/FatFs/src/ff.o
                0x080034e8                f_close
 *fill*         0x080034fa        0x2 
 .text.FATFS_LinkDriverEx
                0x080034fc       0x40 ./Middlewares/Third_Party/FatFs/src/ff_gen_drv.o
                0x080034fc                FATFS_LinkDriverEx
 .text.FATFS_LinkDriver
                0x0800353c        0x6 ./Middlewares/Third_Party/FatFs/src/ff_gen_drv.o
                0x0800353c                FATFS_LinkDriver
 *fill*         0x08003542        0x2 
 .text.std      0x08003544       0x6c /Applications/STM32CubeIDE.app/Contents/Eclipse/plugins/com.st.stm32cube.ide.mcu.externaltools.gnu-tools-for-stm32.14.3.rel1.macosaarch64_1.0.0.202602081740/tools/bin/../lib/gcc/arm-none-eabi/14.3.1/../../../../arm-none-eabi/lib/thumb/v7e-m+fp/hard/libc_nano.a(libc_a-findfp.o)
 .text.stdio_exit_handler
                0x080035b0       0x18 /Applications/STM32CubeIDE.app/Contents/Eclipse/plugins/com.st.stm32cube.ide.mcu.externaltools.gnu-tools-for-stm32.14.3.rel1.macosaarch64_1.0.0.202602081740/tools/bin/../lib/gcc/arm-none-eabi/14.3.1/../../../../arm-none-eabi/lib/thumb/v7e-m+fp/hard/libc_nano.a(libc_a-findfp.o)
 .text.cleanup_stdio
                0x080035c8       0x40 /Applications/STM32CubeIDE.app/Contents/Eclipse/plugins/com.st.stm32cube.ide.mcu.externaltools.gnu-tools-for-stm32.14.3.rel1.macosaarch64_1.0.0.202602081740/tools/bin/../lib/gcc/arm-none-eabi/14.3.1/../../../../arm-none-eabi/lib/thumb/v7e-m+fp/hard/libc_nano.a(libc_a-findfp.o)
 .text.global_stdio_init.part.0
                0x08003608       0x40 /Applications/STM32CubeIDE.app/Contents/Eclipse/plugins/com.st.stm32cube.ide.mcu.externaltools.gnu-tools-for-stm32.14.3.rel1.macosaarch64_1.0.0.202602081740/tools/bin/../lib/gcc/arm-none-eabi/14.3.1/../../../../arm-none-eabi/lib/thumb/v7e-m+fp/hard/libc_nano.a(libc_a-findfp.o)
 .text.__sfp_lock_acquire
                0x08003648        0xc /Applications/STM32CubeIDE.app/Contents/Eclipse/plugins/com.st.stm32cube.ide.mcu.externaltools.gnu-tools-for-stm32.14.3.rel1.macosaarch64_1.0.0.202602081740/tools/bin/../lib/gcc/arm-none-eabi/14.3.1/../../../../arm-none-eabi/lib/thumb/v7e-m+fp/hard/libc_nano.a(libc_a-findfp.o)
                0x08003648                __sfp_lock_acquire
 .text.__sfp_lock_release
                0x08003654        0xc /Applications/STM32CubeIDE.app/Contents/Eclipse/plugins/com.st.stm32cube.ide.mcu.externaltools.gnu-tools-for-stm32.14.3.rel1.macosaarch64_1.0.0.202602081740/tools/bin/../lib/gcc/arm-none-eabi/14.3.1/../../../../arm-none-eabi/lib/thumb/v7e-m+fp/hard/libc_nano.a(libc_a-findfp.o)
                0x08003654                __sfp_lock_release
 .text.__sinit  0x08003660       0x30 /Applications/STM32CubeIDE.app/Contents/Eclipse/plugins/com.st.stm32cube.ide.mcu.externaltools.gnu-tools-for-stm32.14.3.rel1.macosaarch64_1.0.0.202602081740/tools/bin/../lib/gcc/arm-none-eabi/14.3.1/../../../../arm-none-eabi/lib/thumb/v7e-m+fp/hard/libc_nano.a(libc_a-findfp.o)
                0x08003660                __sinit
 .text._fwalk_sglue
                0x08003690       0x3c /Applications/STM32CubeIDE.app/Contents/Eclipse/plugins/com.st.stm32cube.ide.mcu.externaltools.gnu-tools-for-stm32.14.3.rel1.macosaarch64_1.0.0.202602081740/tools/bin/../lib/gcc/arm-none-eabi/14.3.1/../../../../arm-none-eabi/lib/thumb/v7e-m+fp/hard/libc_nano.a(libc_a-fwalk.o)
                0x08003690                _fwalk_sglue
 .text.printf   0x080036cc       0x24 /Applications/STM32CubeIDE.app/Contents/Eclipse/plugins/com.st.stm32cube.ide.mcu.externaltools.gnu-tools-for-stm32.14.3.rel1.macosaarch64_1.0.0.202602081740/tools/bin/../lib/gcc/arm-none-eabi/14.3.1/../../../../arm-none-eabi/lib/thumb/v7e-m+fp/hard/libc_nano.a(libc_a-printf.o)
                0x080036cc                printf
                0x080036cc                iprintf
 .text._puts_r  0x080036f0       0xaa /Applications/STM32CubeIDE.app/Contents/Eclipse/plugins/com.st.stm32cube.ide.mcu.externaltools.gnu-tools-for-stm32.14.3.rel1.macosaarch64_1.0.0.202602081740/tools/bin/../lib/gcc/arm-none-eabi/14.3.1/../../../../arm-none-eabi/lib/thumb/v7e-m+fp/hard/libc_nano.a(libc_a-puts.o)
                0x080036f0                _puts_r
 *fill*         0x0800379a        0x2 
 .text.puts     0x0800379c       0x10 /Applications/STM32CubeIDE.app/Contents/Eclipse/plugins/com.st.stm32cube.ide.mcu.externaltools.gnu-tools-for-stm32.14.3.rel1.macosaarch64_1.0.0.202602081740/tools/bin/../lib/gcc/arm-none-eabi/14.3.1/../../../../arm-none-eabi/lib/thumb/v7e-m+fp/hard/libc_nano.a(libc_a-puts.o)
                0x0800379c                puts
 .text.memset   0x080037ac       0x10 /Applications/STM32CubeIDE.app/Contents/Eclipse/plugins/com.st.stm32cube.ide.mcu.externaltools.gnu-tools-for-stm32.14.3.rel1.macosaarch64_1.0.0.202602081740/tools/bin/../lib/gcc/arm-none-eabi/14.3.1/../../../../arm-none-eabi/lib/thumb/v7e-m+fp/hard/libc_nano.a(libc_a-memset.o)
                0x080037ac                memset
 .text.__errno  0x080037bc        0xc /Applications/STM32CubeIDE.app/Contents/Eclipse/plugins/com.st.stm32cube.ide.mcu.externaltools.gnu-tools-for-stm32.14.3.rel1.macosaarch64_1.0.0.202602081740/tools/bin/../lib/gcc/arm-none-eabi/14.3.1/../../../../arm-none-eabi/lib/thumb/v7e-m+fp/hard/libc_nano.a(libc_a-errno.o)
                0x080037bc                __errno
 .text.__libc_init_array
                0x080037c8       0x48 /Applications/STM32CubeIDE.app/Contents/Eclipse/plugins/com.st.stm32cube.ide.mcu.externaltools.gnu-tools-for-stm32.14.3.rel1.macosaarch64_1.0.0.202602081740/tools/bin/../lib/gcc/arm-none-eabi/14.3.1/../../../../arm-none-eabi/lib/thumb/v7e-m+fp/hard/libc_nano.a(libc_a-init.o)
                0x080037c8                __libc_init_array
 .text.__retarget_lock_init_recursive
                0x08003810        0x2 /Applications/STM32CubeIDE.app/Contents/Eclipse/plugins/com.st.stm32cube.ide.mcu.externaltools.gnu-tools-for-stm32.14.3.rel1.macosaarch64_1.0.0.202602081740/tools/bin/../lib/gcc/arm-none-eabi/14.3.1/../../../../arm-none-eabi/lib/thumb/v7e-m+fp/hard/libc_nano.a(libc_a-lock.o)
                0x08003810                __retarget_lock_init_recursive
 .text.__retarget_lock_acquire_recursive
                0x08003812        0x2 /Applications/STM32CubeIDE.app/Contents/Eclipse/plugins/com.st.stm32cube.ide.mcu.externaltools.gnu-tools-for-stm32.14.3.rel1.macosaarch64_1.0.0.202602081740/tools/bin/../lib/gcc/arm-none-eabi/14.3.1/../../../../arm-none-eabi/lib/thumb/v7e-m+fp/hard/libc_nano.a(libc_a-lock.o)
                0x08003812                __retarget_lock_acquire_recursive
 .text.__retarget_lock_release_recursive
                0x08003814        0x2 /Applications/STM32CubeIDE.app/Contents/Eclipse/plugins/com.st.stm32cube.ide.mcu.externaltools.gnu-tools-for-stm32.14.3.rel1.macosaarch64_1.0.0.202602081740/tools/bin/../lib/gcc/arm-none-eabi/14.3.1/../../../../arm-none-eabi/lib/thumb/v7e-m+fp/hard/libc_nano.a(libc_a-lock.o)
                0x08003814                __retarget_lock_release_recursive
 .text.__sfputc_r
                0x08003816       0x2e /Applications/STM32CubeIDE.app/Contents/Eclipse/plugins/com.st.stm32cube.ide.mcu.externaltools.gnu-tools-for-stm32.14.3.rel1.macosaarch64_1.0.0.202602081740/tools/bin/../lib/gcc/arm-none-eabi/14.3.1/../../../../arm-none-eabi/lib/thumb/v7e-m+fp/hard/libc_nano.a(libc_a-nano-vfprintf.o)
 .text.__sfputs_r
                0x08003844       0x24 /Applications/STM32CubeIDE.app/Contents/Eclipse/plugins/com.st.stm32cube.ide.mcu.externaltools.gnu-tools-for-stm32.14.3.rel1.macosaarch64_1.0.0.202602081740/tools/bin/../lib/gcc/arm-none-eabi/14.3.1/../../../../arm-none-eabi/lib/thumb/v7e-m+fp/hard/libc_nano.a(libc_a-nano-vfprintf.o)
                0x08003844                __sfputs_r
 .text._vfprintf_r
                0x08003868      0x228 /Applications/STM32CubeIDE.app/Contents/Eclipse/plugins/com.st.stm32cube.ide.mcu.externaltools.gnu-tools-for-stm32.14.3.rel1.macosaarch64_1.0.0.202602081740/tools/bin/../lib/gcc/arm-none-eabi/14.3.1/../../../../arm-none-eabi/lib/thumb/v7e-m+fp/hard/libc_nano.a(libc_a-nano-vfprintf.o)
                0x08003868                _vfiprintf_r
                0x08003868                _vfprintf_r
 .text.sbrk_aligned
                0x08003a90       0x44 /Applications/STM32CubeIDE.app/Contents/Eclipse/plugins/com.st.stm32cube.ide.mcu.externaltools.gnu-tools-for-stm32.14.3.rel1.macosaarch64_1.0.0.202602081740/tools/bin/../lib/gcc/arm-none-eabi/14.3.1/../../../../arm-none-eabi/lib/thumb/v7e-m+fp/hard/libc_nano.a(libc_a-mallocr.o)
 .text._malloc_r
                0x08003ad4      0x100 /Applications/STM32CubeIDE.app/Contents/Eclipse/plugins/com.st.stm32cube.ide.mcu.externaltools.gnu-tools-for-stm32.14.3.rel1.macosaarch64_1.0.0.202602081740/tools/bin/../lib/gcc/arm-none-eabi/14.3.1/../../../../arm-none-eabi/lib/thumb/v7e-m+fp/hard/libc_nano.a(libc_a-mallocr.o)
                0x08003ad4                _malloc_r
 .text._printf_common
                0x08003bd4       0xda /Applications/STM32CubeIDE.app/Contents/Eclipse/plugins/com.st.stm32cube.ide.mcu.externaltools.gnu-tools-for-stm32.14.3.rel1.macosaarch64_1.0.0.202602081740/tools/bin/../lib/gcc/arm-none-eabi/14.3.1/../../../../arm-none-eabi/lib/thumb/v7e-m+fp/hard/libc_nano.a(libc_a-nano-vfprintf_i.o)
                0x08003bd4                _printf_common
 *fill*         0x08003cae        0x2 
 .text._printf_i
                0x08003cb0      0x24c /Applications/STM32CubeIDE.app/Contents/Eclipse/plugins/com.st.stm32cube.ide.mcu.externaltools.gnu-tools-for-stm32.14.3.rel1.macosaarch64_1.0.0.202602081740/tools/bin/../lib/gcc/arm-none-eabi/14.3.1/../../../../arm-none-eabi/lib/thumb/v7e-m+fp/hard/libc_nano.a(libc_a-nano-vfprintf_i.o)
                0x08003cb0                _printf_i
 .text.__sflush_r
                0x08003efc      0x104 /Applications/STM32CubeIDE.app/Contents/Eclipse/plugins/com.st.stm32cube.ide.mcu.externaltools.gnu-tools-for-stm32.14.3.rel1.macosaarch64_1.0.0.202602081740/tools/bin/../lib/gcc/arm-none-eabi/14.3.1/../../../../arm-none-eabi/lib/thumb/v7e-m+fp/hard/libc_nano.a(libc_a-fflush.o)
                0x08003efc                __sflush_r
 .text._fflush_r
                0x08004000       0x50 /Applications/STM32CubeIDE.app/Contents/Eclipse/plugins/com.st.stm32cube.ide.mcu.externaltools.gnu-tools-for-stm32.14.3.rel1.macosaarch64_1.0.0.202602081740/tools/bin/../lib/gcc/arm-none-eabi/14.3.1/../../../../arm-none-eabi/lib/thumb/v7e-m+fp/hard/libc_nano.a(libc_a-fflush.o)
                0x08004000                _fflush_r
 .text.__malloc_lock
                0x08004050        0xc /Applications/STM32CubeIDE.app/Contents/Eclipse/plugins/com.st.stm32cube.ide.mcu.externaltools.gnu-tools-for-stm32.14.3.rel1.macosaarch64_1.0.0.202602081740/tools/bin/../lib/gcc/arm-none-eabi/14.3.1/../../../../arm-none-eabi/lib/thumb/v7e-m+fp/hard/libc_nano.a(libc_a-mlock.o)
                0x08004050                __malloc_lock
 .text.__malloc_unlock
                0x0800405c        0xc /Applications/STM32CubeIDE.app/Contents/Eclipse/plugins/com.st.stm32cube.ide.mcu.externaltools.gnu-tools-for-stm32.14.3.rel1.macosaarch64_1.0.0.202602081740/tools/bin/../lib/gcc/arm-none-eabi/14.3.1/../../../../arm-none-eabi/lib/thumb/v7e-m+fp/hard/libc_nano.a(libc_a-mlock.o)
                0x0800405c                __malloc_unlock
 .text.__sread  0x08004068       0x22 /Applications/STM32CubeIDE.app/Contents/Eclipse/plugins/com.st.stm32cube.ide.mcu.externaltools.gnu-tools-for-stm32.14.3.rel1.macosaarch64_1.0.0.202602081740/tools/bin/../lib/gcc/arm-none-eabi/14.3.1/../../../../arm-none-eabi/lib/thumb/v7e-m+fp/hard/libc_nano.a(libc_a-stdio.o)
                0x08004068                __sread
 .text.__swrite
                0x0800408a       0x38 /Applications/STM32CubeIDE.app/Contents/Eclipse/plugins/com.st.stm32cube.ide.mcu.externaltools.gnu-tools-for-stm32.14.3.rel1.macosaarch64_1.0.0.202602081740/tools/bin/../lib/gcc/arm-none-eabi/14.3.1/../../../../arm-none-eabi/lib/thumb/v7e-m+fp/hard/libc_nano.a(libc_a-stdio.o)
                0x0800408a                __swrite
 .text.__sseek  0x080040c2       0x26 /Applications/STM32CubeIDE.app/Contents/Eclipse/plugins/com.st.stm32cube.ide.mcu.externaltools.gnu-tools-for-stm32.14.3.rel1.macosaarch64_1.0.0.202602081740/tools/bin/../lib/gcc/arm-none-eabi/14.3.1/../../../../arm-none-eabi/lib/thumb/v7e-m+fp/hard/libc_nano.a(libc_a-stdio.o)
                0x080040c2                __sseek
 .text.__sclose
                0x080040e8        0x8 /Applications/STM32CubeIDE.app/Contents/Eclipse/plugins/com.st.stm32cube.ide.mcu.externaltools.gnu-tools-for-stm32.14.3.rel1.macosaarch64_1.0.0.202602081740/tools/bin/../lib/gcc/arm-none-eabi/14.3.1/../../../../arm-none-eabi/lib/thumb/v7e-m+fp/hard/libc_nano.a(libc_a-stdio.o)
                0x080040e8                __sclose
 .text.__swbuf_r
                0x080040f0       0x7c /Applications/STM32CubeIDE.app/Contents/Eclipse/plugins/com.st.stm32cube.ide.mcu.externaltools.gnu-tools-for-stm32.14.3.rel1.macosaarch64_1.0.0.202602081740/tools/bin/../lib/gcc/arm-none-eabi/14.3.1/../../../../arm-none-eabi/lib/thumb/v7e-m+fp/hard/libc_nano.a(libc_a-wbuf.o)
                0x080040f0                __swbuf_r
 .text.__swsetup_r
                0x0800416c       0xa8 /Applications/STM32CubeIDE.app/Contents/Eclipse/plugins/com.st.stm32cube.ide.mcu.externaltools.gnu-tools-for-stm32.14.3.rel1.macosaarch64_1.0.0.202602081740/tools/bin/../lib/gcc/arm-none-eabi/14.3.1/../../../../arm-none-eabi/lib/thumb/v7e-m+fp/hard/libc_nano.a(libc_a-wsetup.o)
                0x0800416c                __swsetup_r
 .text.__swhatbuf_r
                0x08004214       0x48 /Applications/STM32CubeIDE.app/Contents/Eclipse/plugins/com.st.stm32cube.ide.mcu.externaltools.gnu-tools-for-stm32.14.3.rel1.macosaarch64_1.0.0.202602081740/tools/bin/../lib/gcc/arm-none-eabi/14.3.1/../../../../arm-none-eabi/lib/thumb/v7e-m+fp/hard/libc_nano.a(libc_a-makebuf.o)
                0x08004214                __swhatbuf_r
 .text.__smakebuf_r
                0x0800425c       0x72 /Applications/STM32CubeIDE.app/Contents/Eclipse/plugins/com.st.stm32cube.ide.mcu.externaltools.gnu-tools-for-stm32.14.3.rel1.macosaarch64_1.0.0.202602081740/tools/bin/../lib/gcc/arm-none-eabi/14.3.1/../../../../arm-none-eabi/lib/thumb/v7e-m+fp/hard/libc_nano.a(libc_a-makebuf.o)
                0x0800425c                __smakebuf_r
 *fill*         0x080042ce        0x2 
 .text._isatty_r
                0x080042d0       0x20 /Applications/STM32CubeIDE.app/Contents/Eclipse/plugins/com.st.stm32cube.ide.mcu.externaltools.gnu-tools-for-stm32.14.3.rel1.macosaarch64_1.0.0.202602081740/tools/bin/../lib/gcc/arm-none-eabi/14.3.1/../../../../arm-none-eabi/lib/thumb/v7e-m+fp/hard/libc_nano.a(libc_a-isattyr.o)
                0x080042d0                _isatty_r
 .text._lseek_r
                0x080042f0       0x24 /Applications/STM32CubeIDE.app/Contents/Eclipse/plugins/com.st.stm32cube.ide.mcu.externaltools.gnu-tools-for-stm32.14.3.rel1.macosaarch64_1.0.0.202602081740/tools/bin/../lib/gcc/arm-none-eabi/14.3.1/../../../../arm-none-eabi/lib/thumb/v7e-m+fp/hard/libc_nano.a(libc_a-lseekr.o)
                0x080042f0                _lseek_r
 .text._read_r  0x08004314       0x24 /Applications/STM32CubeIDE.app/Contents/Eclipse/plugins/com.st.stm32cube.ide.mcu.externaltools.gnu-tools-for-stm32.14.3.rel1.macosaarch64_1.0.0.202602081740/tools/bin/../lib/gcc/arm-none-eabi/14.3.1/../../../../arm-none-eabi/lib/thumb/v7e-m+fp/hard/libc_nano.a(libc_a-readr.o)
                0x08004314                _read_r
 .text._sbrk_r  0x08004338       0x20 /Applications/STM32CubeIDE.app/Contents/Eclipse/plugins/com.st.stm32cube.ide.mcu.externaltools.gnu-tools-for-stm32.14.3.rel1.macosaarch64_1.0.0.202602081740/tools/bin/../lib/gcc/arm-none-eabi/14.3.1/../../../../arm-none-eabi/lib/thumb/v7e-m+fp/hard/libc_nano.a(libc_a-sbrkr.o)
                0x08004338                _sbrk_r
 .text._write_r
                0x08004358       0x24 /Applications/STM32CubeIDE.app/Contents/Eclipse/plugins/com.st.stm32cube.ide.mcu.externaltools.gnu-tools-for-stm32.14.3.rel1.macosaarch64_1.0.0.202602081740/tools/bin/../lib/gcc/arm-none-eabi/14.3.1/../../../../arm-none-eabi/lib/thumb/v7e-m+fp/hard/libc_nano.a(libc_a-writer.o)
                0x08004358                _write_r
 .text._close_r
                0x0800437c       0x20 /Applications/STM32CubeIDE.app/Contents/Eclipse/plugins/com.st.stm32cube.ide.mcu.externaltools.gnu-tools-for-stm32.14.3.rel1.macosaarch64_1.0.0.202602081740/tools/bin/../lib/gcc/arm-none-eabi/14.3.1/../../../../arm-none-eabi/lib/thumb/v7e-m+fp/hard/libc_nano.a(libc_a-closer.o)
                0x0800437c                _close_r
 .text._fstat_r
                0x0800439c       0x24 /Applications/STM32CubeIDE.app/Contents/Eclipse/plugins/com.st.stm32cube.ide.mcu.externaltools.gnu-tools-for-stm32.14.3.rel1.macosaarch64_1.0.0.202602081740/tools/bin/../lib/gcc/arm-none-eabi/14.3.1/../../../../arm-none-eabi/lib/thumb/v7e-m+fp/hard/libc_nano.a(libc_a-fstatr.o)
                0x0800439c                _fstat_r
 .text._free_r  0x080043c0       0x94 /Applications/STM32CubeIDE.app/Contents/Eclipse/plugins/com.st.stm32cube.ide.mcu.externaltools.gnu-tools-for-stm32.14.3.rel1.macosaarch64_1.0.0.202602081740/tools/bin/../lib/gcc/arm-none-eabi/14.3.1/../../../../arm-none-eabi/lib/thumb/v7e-m+fp/hard/libc_nano.a(libc_a-freer.o)
                0x080043c0                _free_r
 *(.glue_7)
 .glue_7        0x08004454        0x0 linker stubs
 *(.glue_7t)
 .glue_7t       0x08004454        0x0 linker stubs
 *(.eh_frame)
 .eh_frame      0x08004454        0x0 /Applications/STM32CubeIDE.app/Contents/Eclipse/plugins/com.st.stm32cube.ide.mcu.externaltools.gnu-tools-for-stm32.14.3.rel1.macosaarch64_1.0.0.202602081740/tools/bin/../lib/gcc/arm-none-eabi/14.3.1/thumb/v7e-m+fp/hard/crtbegin.o
 *(.init)
 .init          0x08004454        0x4 /Applications/STM32CubeIDE.app/Contents/Eclipse/plugins/com.st.stm32cube.ide.mcu.externaltools.gnu-tools-for-stm32.14.3.rel1.macosaarch64_1.0.0.202602081740/tools/bin/../lib/gcc/arm-none-eabi/14.3.1/thumb/v7e-m+fp/hard/crti.o
                0x08004454                _init
 .init          0x08004458        0x8 /Applications/STM32CubeIDE.app/Contents/Eclipse/plugins/com.st.stm32cube.ide.mcu.externaltools.gnu-tools-for-stm32.14.3.rel1.macosaarch64_1.0.0.202602081740/tools/bin/../lib/gcc/arm-none-eabi/14.3.1/thumb/v7e-m+fp/hard/crtn.o
 *(.fini)
 .fini          0x08004460        0x4 /Applications/STM32CubeIDE.app/Contents/Eclipse/plugins/com.st.stm32cube.ide.mcu.externaltools.gnu-tools-for-stm32.14.3.rel1.macosaarch64_1.0.0.202602081740/tools/bin/../lib/gcc/arm-none-eabi/14.3.1/thumb/v7e-m+fp/hard/crti.o
                0x08004460                _fini
 .fini          0x08004464        0x8 /Applications/STM32CubeIDE.app/Contents/Eclipse/plugins/com.st.stm32cube.ide.mcu.externaltools.gnu-tools-for-stm32.14.3.rel1.macosaarch64_1.0.0.202602081740/tools/bin/../lib/gcc/arm-none-eabi/14.3.1/thumb/v7e-m+fp/hard/crtn.o
                0x0800446c                        . = ALIGN (0x4)
                0x0800446c                        _etext = .

.vfp11_veneer   0x0800446c        0x0
 .vfp11_veneer  0x0800446c        0x0 linker stubs

.v4_bx          0x0800446c        0x0
 .v4_bx         0x0800446c        0x0 linker stubs

.iplt           0x0800446c        0x0
 .iplt          0x0800446c        0x0 /Applications/STM32CubeIDE.app/Contents/Eclipse/plugins/com.st.stm32cube.ide.mcu.externaltools.gnu-tools-for-stm32.14.3.rel1.macosaarch64_1.0.0.202602081740/tools/bin/../lib/gcc/arm-none-eabi/14.3.1/thumb/v7e-m+fp/hard/crtbegin.o

.rodata         0x0800446c      0x198
                0x0800446c                        . = ALIGN (0x4)
 *(.rodata)
 *(.rodata*)
 .rodata.calculateFileCRC.str1.1
                0x0800446c       0xbc ./Core/Src/bootloader.o
                                 0x7a (size before relaxing)
 .rodata.MSIRangeTable
                0x08004528       0x30 ./Core/Src/system_stm32l4xx.o
                0x08004528                MSIRangeTable
 .rodata.APBPrescTable
                0x08004558        0x8 ./Core/Src/system_stm32l4xx.o
                0x08004558                APBPrescTable
 .rodata.AHBPrescTable
                0x08004560       0x10 ./Core/Src/system_stm32l4xx.o
                0x08004560                AHBPrescTable
 .rodata.SD_Driver
                0x08004570       0x14 ./FATFS/Target/sd_diskio.o
                0x08004570                SD_Driver
 .rodata.f_open.str1.1
                0x08004584        0xf ./Middlewares/Third_Party/FatFs/src/ff.o
 .rodata.ExCvt  0x08004584       0x80 ./Middlewares/Third_Party/FatFs/src/ff.o
 .rodata._vfprintf_r.str1.1
                0x08004604       0x11 /Applications/STM32CubeIDE.app/Contents/Eclipse/plugins/com.st.stm32cube.ide.mcu.externaltools.gnu-tools-for-stm32.14.3.rel1.macosaarch64_1.0.0.202602081740/tools/bin/../lib/gcc/arm-none-eabi/14.3.1/../../../../arm-none-eabi/lib/thumb/v7e-m+fp/hard/libc_nano.a(libc_a-nano-vfprintf.o)
 .rodata._printf_i.str1.1
                0x08004604       0x22 /Applications/STM32CubeIDE.app/Contents/Eclipse/plugins/com.st.stm32cube.ide.mcu.externaltools.gnu-tools-for-stm32.14.3.rel1.macosaarch64_1.0.0.202602081740/tools/bin/../lib/gcc/arm-none-eabi/14.3.1/../../../../arm-none-eabi/lib/thumb/v7e-m+fp/hard/libc_nano.a(libc_a-nano-vfprintf_i.o)
                0x08004628                        . = ALIGN (0x4)

.ARM.extab      0x08004604        0x0
                0x08004604                        . = ALIGN (0x4)
 *(.ARM.extab* .gnu.linkonce.armextab.*)
                0x08004604                        . = ALIGN (0x4)

.ARM            0x08004604        0x8
                0x08004604                        . = ALIGN (0x4)
                0x08004604                        __exidx_start = .
 *(.ARM.exidx*)
 .ARM.exidx     0x08004604        0x8 /Applications/STM32CubeIDE.app/Contents/Eclipse/plugins/com.st.stm32cube.ide.mcu.externaltools.gnu-tools-for-stm32.14.3.rel1.macosaarch64_1.0.0.202602081740/tools/bin/../lib/gcc/arm-none-eabi/14.3.1/../../../../arm-none-eabi/lib/thumb/v7e-m+fp/hard/libc_nano.a(libc_a-memchr.o)
                0x0800460c                        __exidx_end = .
                0x0800460c                        . = ALIGN (0x4)

.preinit_array  0x0800460c        0x0
                0x0800460c                        . = ALIGN (0x4)
                0x0800460c                        PROVIDE (__preinit_array_start = .)
 *(.preinit_array*)
                0x0800460c                        PROVIDE (__preinit_array_end = .)
                0x0800460c                        . = ALIGN (0x4)

.init_array     0x0800460c        0x4
                0x0800460c                        . = ALIGN (0x4)
                0x0800460c                        PROVIDE (__init_array_start = .)
 *(SORT_BY_NAME(.init_array.*))
 *(.init_array*)
 .init_array    0x0800460c        0x4 /Applications/STM32CubeIDE.app/Contents/Eclipse/plugins/com.st.stm32cube.ide.mcu.externaltools.gnu-tools-for-stm32.14.3.rel1.macosaarch64_1.0.0.202602081740/tools/bin/../lib/gcc/arm-none-eabi/14.3.1/thumb/v7e-m+fp/hard/crtbegin.o
                0x08004610                        PROVIDE (__init_array_end = .)
                0x08004610                        . = ALIGN (0x4)

.fini_array     0x08004610        0x4
                0x08004610                        . = ALIGN (0x4)
                [!provide]                        PROVIDE (__fini_array_start = .)
 *(SORT_BY_NAME(.fini_array.*))
 *(.fini_array*)
 .fini_array    0x08004610        0x4 /Applications/STM32CubeIDE.app/Contents/Eclipse/plugins/com.st.stm32cube.ide.mcu.externaltools.gnu-tools-for-stm32.14.3.rel1.macosaarch64_1.0.0.202602081740/tools/bin/../lib/gcc/arm-none-eabi/14.3.1/thumb/v7e-m+fp/hard/crtbegin.o
                [!provide]                        PROVIDE (__fini_array_end = .)
                0x08004614                        . = ALIGN (0x4)
                0x08004614                        _sidata = LOADADDR (.data)

.rel.dyn        0x08004614        0x0
 .rel.iplt      0x08004614        0x0 /Applications/STM32CubeIDE.app/Contents/Eclipse/plugins/com.st.stm32cube.ide.mcu.externaltools.gnu-tools-for-stm32.14.3.rel1.macosaarch64_1.0.0.202602081740/tools/bin/../lib/gcc/arm-none-eabi/14.3.1/thumb/v7e-m+fp/hard/crtbegin.o

.data           0x20000000       0x6c load address 0x08004614
                0x20000000                        . = ALIGN (0x4)
                0x20000000                        _sdata = .
 *(.data)
 *(.data*)
 .data.SystemCoreClock
                0x20000000        0x4 ./Core/Src/system_stm32l4xx.o
                0x20000000                SystemCoreClock
 .data.uwTickFreq
                0x20000004        0x1 ./Drivers/STM32L4xx_HAL_Driver/Src/stm32l4xx_hal.o
                0x20000004                uwTickFreq
 *fill*         0x20000005        0x3 
 .data.uwTickPrio
                0x20000008        0x4 ./Drivers/STM32L4xx_HAL_Driver/Src/stm32l4xx_hal.o
                0x20000008                uwTickPrio
 .data.Stat     0x2000000c        0x1 ./FATFS/Target/sd_diskio.o
 *fill*         0x2000000d        0x3 
 .data.__sglue  0x20000010        0xc /Applications/STM32CubeIDE.app/Contents/Eclipse/plugins/com.st.stm32cube.ide.mcu.externaltools.gnu-tools-for-stm32.14.3.rel1.macosaarch64_1.0.0.202602081740/tools/bin/../lib/gcc/arm-none-eabi/14.3.1/../../../../arm-none-eabi/lib/thumb/v7e-m+fp/hard/libc_nano.a(libc_a-findfp.o)
                0x20000010                __sglue
 .data._impure_ptr
                0x2000001c        0x4 /Applications/STM32CubeIDE.app/Contents/Eclipse/plugins/com.st.stm32cube.ide.mcu.externaltools.gnu-tools-for-stm32.14.3.rel1.macosaarch64_1.0.0.202602081740/tools/bin/../lib/gcc/arm-none-eabi/14.3.1/../../../../arm-none-eabi/lib/thumb/v7e-m+fp/hard/libc_nano.a(libc_a-impure.o)
                0x2000001c                _impure_ptr
 .data._impure_data
                0x20000020       0x4c /Applications/STM32CubeIDE.app/Contents/Eclipse/plugins/com.st.stm32cube.ide.mcu.externaltools.gnu-tools-for-stm32.14.3.rel1.macosaarch64_1.0.0.202602081740/tools/bin/../lib/gcc/arm-none-eabi/14.3.1/../../../../arm-none-eabi/lib/thumb/v7e-m+fp/hard/libc_nano.a(libc_a-impure.o)
                0x20000020                _impure_data
 *(.RamFunc)
 *(.RamFunc*)
                0x2000006c                        . = ALIGN (0x4)
                0x2000006c                        _edata = .

.igot.plt       0x2000006c        0x0 load address 0x08004680
 .igot.plt      0x2000006c        0x0 /Applications/STM32CubeIDE.app/Contents/Eclipse/plugins/com.st.stm32cube.ide.mcu.externaltools.gnu-tools-for-stm32.14.3.rel1.macosaarch64_1.0.0.202602081740/tools/bin/../lib/gcc/arm-none-eabi/14.3.1/thumb/v7e-m+fp/hard/crtbegin.o
                0x2000006c                        . = ALIGN (0x4)

.bss            0x2000006c      0x638 load address 0x08004680
                0x2000006c                        _sbss = .
                0x2000006c                        __bss_start__ = _sbss
 *(.bss)
 .bss           0x2000006c       0x1c /Applications/STM32CubeIDE.app/Contents/Eclipse/plugins/com.st.stm32cube.ide.mcu.externaltools.gnu-tools-for-stm32.14.3.rel1.macosaarch64_1.0.0.202602081740/tools/bin/../lib/gcc/arm-none-eabi/14.3.1/thumb/v7e-m+fp/hard/crtbegin.o
 *(.bss*)
 .bss.crc_buffer.1
                0x20000088      0x200 ./Core/Src/bootloader.o
 .bss.FR_Status
                0x20000288        0x1 ./Core/Src/bootloader.o
                0x20000288                FR_Status
 *fill*         0x20000289        0x3 
 .bss.FatFs     0x2000028c      0x228 ./Core/Src/bootloader.o
 .bss.hsd1      0x200004b4       0x84 ./Core/Src/main.o
                0x200004b4                hsd1
 .bss.__sbrk_heap_end
                0x20000538        0x4 ./Core/Src/sysmem.o
 .bss.uwTick    0x2000053c        0x4 ./Drivers/STM32L4xx_HAL_Driver/Src/stm32l4xx_hal.o
                0x2000053c                uwTick
 .bss.SDPath    0x20000540        0x4 ./FATFS/App/fatfs.o
                0x20000540                SDPath
 .bss.retSD     0x20000544        0x1 ./FATFS/App/fatfs.o
                0x20000544                retSD
 *fill*         0x20000545        0x1 
 .bss.Fsid      0x20000546        0x2 ./Middlewares/Third_Party/FatFs/src/ff.o
 .bss.FatFs     0x20000548        0x4 ./Middlewares/Third_Party/FatFs/src/ff.o
 .bss.disk      0x2000054c        0xc ./Middlewares/Third_Party/FatFs/src/ff_gen_drv.o
                0x2000054c                disk
 .bss.__sf      0x20000558      0x138 /Applications/STM32CubeIDE.app/Contents/Eclipse/plugins/com.st.stm32cube.ide.mcu.externaltools.gnu-tools-for-stm32.14.3.rel1.macosaarch64_1.0.0.202602081740/tools/bin/../lib/gcc/arm-none-eabi/14.3.1/../../../../arm-none-eabi/lib/thumb/v7e-m+fp/hard/libc_nano.a(libc_a-findfp.o)
                0x20000558                __sf
 .bss.__stdio_exit_handler
                0x20000690        0x4 /Applications/STM32CubeIDE.app/Contents/Eclipse/plugins/com.st.stm32cube.ide.mcu.externaltools.gnu-tools-for-stm32.14.3.rel1.macosaarch64_1.0.0.202602081740/tools/bin/../lib/gcc/arm-none-eabi/14.3.1/../../../../arm-none-eabi/lib/thumb/v7e-m+fp/hard/libc_nano.a(libc_a-findfp.o)
                0x20000690                __stdio_exit_handler
 .bss.__lock___malloc_recursive_mutex
                0x20000694        0x1 /Applications/STM32CubeIDE.app/Contents/Eclipse/plugins/com.st.stm32cube.ide.mcu.externaltools.gnu-tools-for-stm32.14.3.rel1.macosaarch64_1.0.0.202602081740/tools/bin/../lib/gcc/arm-none-eabi/14.3.1/../../../../arm-none-eabi/lib/thumb/v7e-m+fp/hard/libc_nano.a(libc_a-lock.o)
                0x20000694                __lock___malloc_recursive_mutex
 .bss.__lock___sfp_recursive_mutex
                0x20000695        0x1 /Applications/STM32CubeIDE.app/Contents/Eclipse/plugins/com.st.stm32cube.ide.mcu.externaltools.gnu-tools-for-stm32.14.3.rel1.macosaarch64_1.0.0.202602081740/tools/bin/../lib/gcc/arm-none-eabi/14.3.1/../../../../arm-none-eabi/lib/thumb/v7e-m+fp/hard/libc_nano.a(libc_a-lock.o)
                0x20000695                __lock___sfp_recursive_mutex
 *fill*         0x20000696        0x2 
 .bss.__malloc_sbrk_start
                0x20000698        0x4 /Applications/STM32CubeIDE.app/Contents/Eclipse/plugins/com.st.stm32cube.ide.mcu.externaltools.gnu-tools-for-stm32.14.3.rel1.macosaarch64_1.0.0.202602081740/tools/bin/../lib/gcc/arm-none-eabi/14.3.1/../../../../arm-none-eabi/lib/thumb/v7e-m+fp/hard/libc_nano.a(libc_a-mallocr.o)
                0x20000698                __malloc_sbrk_start
 .bss.__malloc_free_list
                0x2000069c        0x4 /Applications/STM32CubeIDE.app/Contents/Eclipse/plugins/com.st.stm32cube.ide.mcu.externaltools.gnu-tools-for-stm32.14.3.rel1.macosaarch64_1.0.0.202602081740/tools/bin/../lib/gcc/arm-none-eabi/14.3.1/../../../../arm-none-eabi/lib/thumb/v7e-m+fp/hard/libc_nano.a(libc_a-mallocr.o)
                0x2000069c                __malloc_free_list
 .bss.errno     0x200006a0        0x4 /Applications/STM32CubeIDE.app/Contents/Eclipse/plugins/com.st.stm32cube.ide.mcu.externaltools.gnu-tools-for-stm32.14.3.rel1.macosaarch64_1.0.0.202602081740/tools/bin/../lib/gcc/arm-none-eabi/14.3.1/../../../../arm-none-eabi/lib/thumb/v7e-m+fp/hard/libc_nano.a(libc_a-reent.o)
                0x200006a0                errno
 *(COMMON)
                0x200006a4                        . = ALIGN (0x4)
                0x200006a4                        _ebss = .
                0x200006a4                        __bss_end__ = _ebss

._user_heap_stack
                0x200006a4      0x604 load address 0x08004680
                0x200006a8                        . = ALIGN (0x8)
 *fill*         0x200006a4        0x4 
                [!provide]                        PROVIDE (end = .)
                0x200006a8                        PROVIDE (_end = .)
                0x200008a8                        . = (. + _Min_Heap_Size)
 *fill*         0x200006a8      0x200 
                0x20000ca8                        . = (. + _Min_Stack_Size)
 *fill*         0x200008a8      0x400 
                0x20000ca8                        . = ALIGN (0x8)

/DISCARD/
 libc.a(*)
 libm.a(*)
 libgcc.a(*)

.ARM.attributes
                0x00000000       0x30
 *(.ARM.attributes)
 .ARM.attributes
                0x00000000       0x22 /Applications/STM32CubeIDE.app/Contents/Eclipse/plugins/com.st.stm32cube.ide.mcu.externaltools.gnu-tools-for-stm32.14.3.rel1.macosaarch64_1.0.0.202602081740/tools/bin/../lib/gcc/arm-none-eabi/14.3.1/thumb/v7e-m+fp/hard/crti.o
 .ARM.attributes
                0x00000022       0x34 /Applications/STM32CubeIDE.app/Contents/Eclipse/plugins/com.st.stm32cube.ide.mcu.externaltools.gnu-tools-for-stm32.14.3.rel1.macosaarch64_1.0.0.202602081740/tools/bin/../lib/gcc/arm-none-eabi/14.3.1/thumb/v7e-m+fp/hard/crtbegin.o
 .ARM.attributes
                0x00000056       0x34 ./Core/Src/bootloader.o
 .ARM.attributes
                0x0000008a       0x34 ./Core/Src/main.o
 .ARM.attributes
                0x000000be       0x34 ./Core/Src/stm32l4xx_hal_msp.o
 .ARM.attributes
                0x000000f2       0x34 ./Core/Src/stm32l4xx_it.o
 .ARM.attributes
                0x00000126       0x34 ./Core/Src/syscalls.o
 .ARM.attributes
                0x0000015a       0x34 ./Core/Src/sysmem.o
 .ARM.attributes
                0x0000018e       0x34 ./Core/Src/system_stm32l4xx.o
 .ARM.attributes
                0x000001c2       0x21 ./Core/Startup/startup_stm32l431rctx.o
 .ARM.attributes
                0x000001e3       0x34 ./Drivers/STM32L4xx_HAL_Driver/Src/stm32l4xx_hal.o
 .ARM.attributes
                0x00000217       0x34 ./Drivers/STM32L4xx_HAL_Driver/Src/stm32l4xx_hal_cortex.o
 .ARM.attributes
                0x0000024b       0x34 ./Drivers/STM32L4xx_HAL_Driver/Src/stm32l4xx_hal_gpio.o
 .ARM.attributes
                0x0000027f       0x34 ./Drivers/STM32L4xx_HAL_Driver/Src/stm32l4xx_hal_pwr_ex.o
 .ARM.attributes
                0x000002b3       0x34 ./Drivers/STM32L4xx_HAL_Driver/Src/stm32l4xx_hal_rcc.o
 .ARM.attributes
                0x000002e7       0x34 ./Drivers/STM32L4xx_HAL_Driver/Src/stm32l4xx_hal_rcc_ex.o
 .ARM.attributes
                0x0000031b       0x34 ./Drivers/STM32L4xx_HAL_Driver/Src/stm32l4xx_hal_sd.o
 .ARM.attributes
                0x0000034f       0x34 ./Drivers/STM32L4xx_HAL_Driver/Src/stm32l4xx_ll_sdmmc.o
 .ARM.attributes
                0x00000383       0x34 ./FATFS/App/fatfs.o
 .ARM.attributes
                0x000003b7       0x34 ./FATFS/Target/bsp_driver_sd.o
 .ARM.attributes
                0x000003eb       0x34 ./FATFS/Target/sd_diskio.o
 .ARM.attributes
                0x0000041f       0x34 ./Middlewares/Third_Party/FatFs/src/diskio.o
 .ARM.attributes
                0x00000453       0x34 ./Middlewares/Third_Party/FatFs/src/ff.o
 .ARM.attributes
                0x00000487       0x34 ./Middlewares/Third_Party/FatFs/src/ff_gen_drv.o
 .ARM.attributes
                0x000004bb       0x34 /Applications/STM32CubeIDE.app/Contents/Eclipse/plugins/com.st.stm32cube.ide.mcu.externaltools.gnu-tools-for-stm32.14.3.rel1.macosaarch64_1.0.0.202602081740/tools/bin/../lib/gcc/arm-none-eabi/14.3.1/../../../../arm-none-eabi/lib/thumb/v7e-m+fp/hard/libc_nano.a(libc_a-findfp.o)
 .ARM.attributes
                0x000004ef       0x34 /Applications/STM32CubeIDE.app/Contents/Eclipse/plugins/com.st.stm32cube.ide.mcu.externaltools.gnu-tools-for-stm32.14.3.rel1.macosaarch64_1.0.0.202602081740/tools/bin/../lib/gcc/arm-none-eabi/14.3.1/../../../../arm-none-eabi/lib/thumb/v7e-m+fp/hard/libc_nano.a(libc_a-fwalk.o)
 .ARM.attributes
                0x00000523       0x34 /Applications/STM32CubeIDE.app/Contents/Eclipse/plugins/com.st.stm32cube.ide.mcu.externaltools.gnu-tools-for-stm32.14.3.rel1.macosaarch64_1.0.0.202602081740/tools/bin/../lib/gcc/arm-none-eabi/14.3.1/../../../../arm-none-eabi/lib/thumb/v7e-m+fp/hard/libc_nano.a(libc_a-printf.o)
 .ARM.attributes
                0x00000557       0x34 /Applications/STM32CubeIDE.app/Contents/Eclipse/plugins/com.st.stm32cube.ide.mcu.externaltools.gnu-tools-for-stm32.14.3.rel1.macosaarch64_1.0.0.202602081740/tools/bin/../lib/gcc/arm-none-eabi/14.3.1/../../../../arm-none-eabi/lib/thumb/v7e-m+fp/hard/libc_nano.a(libc_a-puts.o)
 .ARM.attributes
                0x0000058b       0x34 /Applications/STM32CubeIDE.app/Contents/Eclipse/plugins/com.st.stm32cube.ide.mcu.externaltools.gnu-tools-for-stm32.14.3.rel1.macosaarch64_1.0.0.202602081740/tools/bin/../lib/gcc/arm-none-eabi/14.3.1/../../../../arm-none-eabi/lib/thumb/v7e-m+fp/hard/libc_nano.a(libc_a-memset.o)
 .ARM.attributes
                0x000005bf       0x34 /Applications/STM32CubeIDE.app/Contents/Eclipse/plugins/com.st.stm32cube.ide.mcu.externaltools.gnu-tools-for-stm32.14.3.rel1.macosaarch64_1.0.0.202602081740/tools/bin/../lib/gcc/arm-none-eabi/14.3.1/../../../../arm-none-eabi/lib/thumb/v7e-m+fp/hard/libc_nano.a(libc_a-errno.o)
 .ARM.attributes
                0x000005f3       0x34 /Applications/STM32CubeIDE.app/Contents/Eclipse/plugins/com.st.stm32cube.ide.mcu.externaltools.gnu-tools-for-stm32.14.3.rel1.macosaarch64_1.0.0.202602081740/tools/bin/../lib/gcc/arm-none-eabi/14.3.1/../../../../arm-none-eabi/lib/thumb/v7e-m+fp/hard/libc_nano.a(libc_a-init.o)
 .ARM.attributes
                0x00000627       0x34 /Applications/STM32CubeIDE.app/Contents/Eclipse/plugins/com.st.stm32cube.ide.mcu.externaltools.gnu-tools-for-stm32.14.3.rel1.macosaarch64_1.0.0.202602081740/tools/bin/../lib/gcc/arm-none-eabi/14.3.1/../../../../arm-none-eabi/lib/thumb/v7e-m+fp/hard/libc_nano.a(libc_a-lock.o)
 .ARM.attributes
                0x0000065b       0x34 /Applications/STM32CubeIDE.app/Contents/Eclipse/plugins/com.st.stm32cube.ide.mcu.externaltools.gnu-tools-for-stm32.14.3.rel1.macosaarch64_1.0.0.202602081740/tools/bin/../lib/gcc/arm-none-eabi/14.3.1/../../../../arm-none-eabi/lib/thumb/v7e-m+fp/hard/libc_nano.a(libc_a-impure.o)
 .ARM.attributes
                0x0000068f       0x34 /Applications/STM32CubeIDE.app/Contents/Eclipse/plugins/com.st.stm32cube.ide.mcu.externaltools.gnu-tools-for-stm32.14.3.rel1.macosaarch64_1.0.0.202602081740/tools/bin/../lib/gcc/arm-none-eabi/14.3.1/../../../../arm-none-eabi/lib/thumb/v7e-m+fp/hard/libc_nano.a(libc_a-nano-vfprintf.o)
 .ARM.attributes
                0x000006c3       0x34 /Applications/STM32CubeIDE.app/Contents/Eclipse/plugins/com.st.stm32cube.ide.mcu.externaltools.gnu-tools-for-stm32.14.3.rel1.macosaarch64_1.0.0.202602081740/tools/bin/../lib/gcc/arm-none-eabi/14.3.1/../../../../arm-none-eabi/lib/thumb/v7e-m+fp/hard/libc_nano.a(libc_a-mallocr.o)
 .ARM.attributes
                0x000006f7       0x34 /Applications/STM32CubeIDE.app/Contents/Eclipse/plugins/com.st.stm32cube.ide.mcu.externaltools.gnu-tools-for-stm32.14.3.rel1.macosaarch64_1.0.0.202602081740/tools/bin/../lib/gcc/arm-none-eabi/14.3.1/../../../../arm-none-eabi/lib/thumb/v7e-m+fp/hard/libc_nano.a(libc_a-nano-vfprintf_i.o)
 .ARM.attributes
                0x0000072b       0x34 /Applications/STM32CubeIDE.app/Contents/Eclipse/plugins/com.st.stm32cube.ide.mcu.externaltools.gnu-tools-for-stm32.14.3.rel1.macosaarch64_1.0.0.202602081740/tools/bin/../lib/gcc/arm-none-eabi/14.3.1/../../../../arm-none-eabi/lib/thumb/v7e-m+fp/hard/libc_nano.a(libc_a-fflush.o)
 .ARM.attributes
                0x0000075f       0x34 /Applications/STM32CubeIDE.app/Contents/Eclipse/plugins/com.st.stm32cube.ide.mcu.externaltools.gnu-tools-for-stm32.14.3.rel1.macosaarch64_1.0.0.202602081740/tools/bin/../lib/gcc/arm-none-eabi/14.3.1/../../../../arm-none-eabi/lib/thumb/v7e-m+fp/hard/libc_nano.a(libc_a-mlock.o)
 .ARM.attributes
                0x00000793       0x34 /Applications/STM32CubeIDE.app/Contents/Eclipse/plugins/com.st.stm32cube.ide.mcu.externaltools.gnu-tools-for-stm32.14.3.rel1.macosaarch64_1.0.0.202602081740/tools/bin/../lib/gcc/arm-none-eabi/14.3.1/../../../../arm-none-eabi/lib/thumb/v7e-m+fp/hard/libc_nano.a(libc_a-stdio.o)
 .ARM.attributes
                0x000007c7       0x34 /Applications/STM32CubeIDE.app/Contents/Eclipse/plugins/com.st.stm32cube.ide.mcu.externaltools.gnu-tools-for-stm32.14.3.rel1.macosaarch64_1.0.0.202602081740/tools/bin/../lib/gcc/arm-none-eabi/14.3.1/../../../../arm-none-eabi/lib/thumb/v7e-m+fp/hard/libc_nano.a(libc_a-wbuf.o)
 .ARM.attributes
                0x000007fb       0x34 /Applications/STM32CubeIDE.app/Contents/Eclipse/plugins/com.st.stm32cube.ide.mcu.externaltools.gnu-tools-for-stm32.14.3.rel1.macosaarch64_1.0.0.202602081740/tools/bin/../lib/gcc/arm-none-eabi/14.3.1/../../../../arm-none-eabi/lib/thumb/v7e-m+fp/hard/libc_nano.a(libc_a-wsetup.o)
 .ARM.attributes
                0x0000082f       0x34 /Applications/STM32CubeIDE.app/Contents/Eclipse/plugins/com.st.stm32cube.ide.mcu.externaltools.gnu-tools-for-stm32.14.3.rel1.macosaarch64_1.0.0.202602081740/tools/bin/../lib/gcc/arm-none-eabi/14.3.1/../../../../arm-none-eabi/lib/thumb/v7e-m+fp/hard/libc_nano.a(libc_a-makebuf.o)
 .ARM.attributes
                0x00000863       0x34 /Applications/STM32CubeIDE.app/Contents/Eclipse/plugins/com.st.stm32cube.ide.mcu.externaltools.gnu-tools-for-stm32.14.3.rel1.macosaarch64_1.0.0.202602081740/tools/bin/../lib/gcc/arm-none-eabi/14.3.1/../../../../arm-none-eabi/lib/thumb/v7e-m+fp/hard/libc_nano.a(libc_a-isattyr.o)
 .ARM.attributes
                0x00000897       0x34 /Applications/STM32CubeIDE.app/Contents/Eclipse/plugins/com.st.stm32cube.ide.mcu.externaltools.gnu-tools-for-stm32.14.3.rel1.macosaarch64_1.0.0.202602081740/tools/bin/../lib/gcc/arm-none-eabi/14.3.1/../../../../arm-none-eabi/lib/thumb/v7e-m+fp/hard/libc_nano.a(libc_a-lseekr.o)
 .ARM.attributes
                0x000008cb       0x34 /Applications/STM32CubeIDE.app/Contents/Eclipse/plugins/com.st.stm32cube.ide.mcu.externaltools.gnu-tools-for-stm32.14.3.rel1.macosaarch64_1.0.0.202602081740/tools/bin/../lib/gcc/arm-none-eabi/14.3.1/../../../../arm-none-eabi/lib/thumb/v7e-m+fp/hard/libc_nano.a(libc_a-readr.o)
 .ARM.attributes
                0x000008ff       0x34 /Applications/STM32CubeIDE.app/Contents/Eclipse/plugins/com.st.stm32cube.ide.mcu.externaltools.gnu-tools-for-stm32.14.3.rel1.macosaarch64_1.0.0.202602081740/tools/bin/../lib/gcc/arm-none-eabi/14.3.1/../../../../arm-none-eabi/lib/thumb/v7e-m+fp/hard/libc_nano.a(libc_a-sbrkr.o)
 .ARM.attributes
                0x00000933       0x34 /Applications/STM32CubeIDE.app/Contents/Eclipse/plugins/com.st.stm32cube.ide.mcu.externaltools.gnu-tools-for-stm32.14.3.rel1.macosaarch64_1.0.0.202602081740/tools/bin/../lib/gcc/arm-none-eabi/14.3.1/../../../../arm-none-eabi/lib/thumb/v7e-m+fp/hard/libc_nano.a(libc_a-writer.o)
 .ARM.attributes
                0x00000967       0x34 /Applications/STM32CubeIDE.app/Contents/Eclipse/plugins/com.st.stm32cube.ide.mcu.externaltools.gnu-tools-for-stm32.14.3.rel1.macosaarch64_1.0.0.202602081740/tools/bin/../lib/gcc/arm-none-eabi/14.3.1/../../../../arm-none-eabi/lib/thumb/v7e-m+fp/hard/libc_nano.a(libc_a-closer.o)
 .ARM.attributes
                0x0000099b       0x34 /Applications/STM32CubeIDE.app/Contents/Eclipse/plugins/com.st.stm32cube.ide.mcu.externaltools.gnu-tools-for-stm32.14.3.rel1.macosaarch64_1.0.0.202602081740/tools/bin/../lib/gcc/arm-none-eabi/14.3.1/../../../../arm-none-eabi/lib/thumb/v7e-m+fp/hard/libc_nano.a(libc_a-reent.o)
 .ARM.attributes
                0x000009cf       0x34 /Applications/STM32CubeIDE.app/Contents/Eclipse/plugins/com.st.stm32cube.ide.mcu.externaltools.gnu-tools-for-stm32.14.3.rel1.macosaarch64_1.0.0.202602081740/tools/bin/../lib/gcc/arm-none-eabi/14.3.1/../../../../arm-none-eabi/lib/thumb/v7e-m+fp/hard/libc_nano.a(libc_a-fstatr.o)
 .ARM.attributes
                0x00000a03       0x1c /Applications/STM32CubeIDE.app/Contents/Eclipse/plugins/com.st.stm32cube.ide.mcu.externaltools.gnu-tools-for-stm32.14.3.rel1.macosaarch64_1.0.0.202602081740/tools/bin/../lib/gcc/arm-none-eabi/14.3.1/../../../../arm-none-eabi/lib/thumb/v7e-m+fp/hard/libc_nano.a(libc_a-memchr.o)
 .ARM.attributes
                0x00000a1f       0x34 /Applications/STM32CubeIDE.app/Contents/Eclipse/plugins/com.st.stm32cube.ide.mcu.externaltools.gnu-tools-for-stm32.14.3.rel1.macosaarch64_1.0.0.202602081740/tools/bin/../lib/gcc/arm-none-eabi/14.3.1/../../../../arm-none-eabi/lib/thumb/v7e-m+fp/hard/libc_nano.a(libc_a-freer.o)
 .ARM.attributes
                0x00000a53       0x22 /Applications/STM32CubeIDE.app/Contents/Eclipse/plugins/com.st.stm32cube.ide.mcu.externaltools.gnu-tools-for-stm32.14.3.rel1.macosaarch64_1.0.0.202602081740/tools/bin/../lib/gcc/arm-none-eabi/14.3.1/thumb/v7e-m+fp/hard/crtn.o
OUTPUT(L431Bootloader.elf elf32-littlearm)
LOAD linker stubs
LOAD /Applications/STM32CubeIDE.app/Contents/Eclipse/plugins/com.st.stm32cube.ide.mcu.externaltools.gnu-tools-for-stm32.14.3.rel1.macosaarch64_1.0.0.202602081740/tools/bin/../lib/gcc/arm-none-eabi/14.3.1/../../../../arm-none-eabi/lib/thumb/v7e-m+fp/hard/libc.a
LOAD /Applications/STM32CubeIDE.app/Contents/Eclipse/plugins/com.st.stm32cube.ide.mcu.externaltools.gnu-tools-for-stm32.14.3.rel1.macosaarch64_1.0.0.202602081740/tools/bin/../lib/gcc/arm-none-eabi/14.3.1/../../../../arm-none-eabi/lib/thumb/v7e-m+fp/hard/libm.a
LOAD /Applications/STM32CubeIDE.app/Contents/Eclipse/plugins/com.st.stm32cube.ide.mcu.externaltools.gnu-tools-for-stm32.14.3.rel1.macosaarch64_1.0.0.202602081740/tools/bin/../lib/gcc/arm-none-eabi/14.3.1/thumb/v7e-m+fp/hard/libgcc.a

.debug_info     0x00000000    0x10b15
 .debug_info    0x00000000     0x11b6 ./Core/Src/bootloader.o
 .debug_info    0x000011b6     0x1311 ./Core/Src/main.o
 .debug_info    0x000024c7      0xd92 ./Core/Src/stm32l4xx_hal_msp.o
 .debug_info    0x00003259      0x15b ./Core/Src/stm32l4xx_it.o
 .debug_info    0x000033b4      0x7b5 ./Core/Src/syscalls.o
 .debug_info    0x00003b69      0x175 ./Core/Src/sysmem.o
 .debug_info    0x00003cde      0x606 ./Core/Src/system_stm32l4xx.o
 .debug_info    0x000042e4       0x30 ./Core/Startup/startup_stm32l431rctx.o
 .debug_info    0x00004314      0xbe0 ./Drivers/STM32L4xx_HAL_Driver/Src/stm32l4xx_hal.o
 .debug_info    0x00004ef4      0xfc0 ./Drivers/STM32L4xx_HAL_Driver/Src/stm32l4xx_hal_cortex.o
 .debug_info    0x00005eb4      0x7dd ./Drivers/STM32L4xx_HAL_Driver/Src/stm32l4xx_hal_gpio.o
 .debug_info    0x00006691      0x987 ./Drivers/STM32L4xx_HAL_Driver/Src/stm32l4xx_hal_pwr_ex.o
 .debug_info    0x00007018      0xeaa ./Drivers/STM32L4xx_HAL_Driver/Src/stm32l4xx_hal_rcc.o
 .debug_info    0x00007ec2     0x119f ./Drivers/STM32L4xx_HAL_Driver/Src/stm32l4xx_hal_rcc_ex.o
 .debug_info    0x00009061     0x2715 ./Drivers/STM32L4xx_HAL_Driver/Src/stm32l4xx_hal_sd.o
 .debug_info    0x0000b776     0x1bae ./Drivers/STM32L4xx_HAL_Driver/Src/stm32l4xx_ll_sdmmc.o
 .debug_info    0x0000d324      0x4c4 ./FATFS/App/fatfs.o
 .debug_info    0x0000d7e8      0xc4b ./FATFS/Target/bsp_driver_sd.o
 .debug_info    0x0000e433      0x6e4 ./FATFS/Target/sd_diskio.o
 .debug_info    0x0000eb17      0x4c2 ./Middlewares/Third_Party/FatFs/src/diskio.o
 .debug_info    0x0000efd9     0x165a ./Middlewares/Third_Party/FatFs/src/ff.o
 .debug_info    0x00010633      0x4e2 ./Middlewares/Third_Party/FatFs/src/ff_gen_drv.o

.debug_abbrev   0x00000000     0x34b7
 .debug_abbrev  0x00000000      0x326 ./Core/Src/bootloader.o
 .debug_abbrev  0x00000326      0x3e7 ./Core/Src/main.o
 .debug_abbrev  0x0000070d      0x218 ./Core/Src/stm32l4xx_hal_msp.o
 .debug_abbrev  0x00000925       0xef ./Core/Src/stm32l4xx_it.o
 .debug_abbrev  0x00000a14      0x208 ./Core/Src/syscalls.o
 .debug_abbrev  0x00000c1c       0xec ./Core/Src/sysmem.o
 .debug_abbrev  0x00000d08      0x131 ./Core/Src/system_stm32l4xx.o
 .debug_abbrev  0x00000e39       0x24 ./Core/Startup/startup_stm32l431rctx.o
 .debug_abbrev  0x00000e5d      0x2ee ./Drivers/STM32L4xx_HAL_Driver/Src/stm32l4xx_hal.o
 .debug_abbrev  0x0000114b      0x396 ./Drivers/STM32L4xx_HAL_Driver/Src/stm32l4xx_hal_cortex.o
 .debug_abbrev  0x000014e1      0x21a ./Drivers/STM32L4xx_HAL_Driver/Src/stm32l4xx_hal_gpio.o
 .debug_abbrev  0x000016fb      0x25f ./Drivers/STM32L4xx_HAL_Driver/Src/stm32l4xx_hal_pwr_ex.o
 .debug_abbrev  0x0000195a      0x2d0 ./Drivers/STM32L4xx_HAL_Driver/Src/stm32l4xx_hal_rcc.o
 .debug_abbrev  0x00001c2a      0x36a ./Drivers/STM32L4xx_HAL_Driver/Src/stm32l4xx_hal_rcc_ex.o
 .debug_abbrev  0x00001f94      0x3c3 ./Drivers/STM32L4xx_HAL_Driver/Src/stm32l4xx_hal_sd.o
 .debug_abbrev  0x00002357      0x35b ./Drivers/STM32L4xx_HAL_Driver/Src/stm32l4xx_ll_sdmmc.o
 .debug_abbrev  0x000026b2      0x17e ./FATFS/App/fatfs.o
 .debug_abbrev  0x00002830      0x2a1 ./FATFS/Target/bsp_driver_sd.o
 .debug_abbrev  0x00002ad1      0x2ae ./FATFS/Target/sd_diskio.o
 .debug_abbrev  0x00002d7f      0x1ce ./Middlewares/Third_Party/FatFs/src/diskio.o
 .debug_abbrev  0x00002f4d      0x329 ./Middlewares/Third_Party/FatFs/src/ff.o
 .debug_abbrev  0x00003276      0x241 ./Middlewares/Third_Party/FatFs/src/ff_gen_drv.o

.debug_loclists
                0x00000000     0x6124
 .debug_loclists
                0x00000000      0x100 ./Core/Src/bootloader.o
 .debug_loclists
                0x00000100       0xb8 ./Core/Src/main.o
 .debug_loclists
                0x000001b8       0x57 ./Core/Src/stm32l4xx_hal_msp.o
 .debug_loclists
                0x0000020f      0x335 ./Core/Src/syscalls.o
 .debug_loclists
                0x00000544       0x3f ./Core/Src/sysmem.o
 .debug_loclists
                0x00000583       0xb0 ./Core/Src/system_stm32l4xx.o
 .debug_loclists
                0x00000633      0x13d ./Drivers/STM32L4xx_HAL_Driver/Src/stm32l4xx_hal.o
 .debug_loclists
                0x00000770      0x410 ./Drivers/STM32L4xx_HAL_Driver/Src/stm32l4xx_hal_cortex.o
 .debug_loclists
                0x00000b80      0x25f ./Drivers/STM32L4xx_HAL_Driver/Src/stm32l4xx_hal_gpio.o
 .debug_loclists
                0x00000ddf      0x38c ./Drivers/STM32L4xx_HAL_Driver/Src/stm32l4xx_hal_pwr_ex.o
 .debug_loclists
                0x0000116b      0x60a ./Drivers/STM32L4xx_HAL_Driver/Src/stm32l4xx_hal_rcc.o
 .debug_loclists
                0x00001775      0x977 ./Drivers/STM32L4xx_HAL_Driver/Src/stm32l4xx_hal_rcc_ex.o
 .debug_loclists
                0x000020ec     0x1554 ./Drivers/STM32L4xx_HAL_Driver/Src/stm32l4xx_hal_sd.o
 .debug_loclists
                0x00003640      0xfb6 ./Drivers/STM32L4xx_HAL_Driver/Src/stm32l4xx_ll_sdmmc.o
 .debug_loclists
                0x000045f6      0x350 ./FATFS/Target/bsp_driver_sd.o
 .debug_loclists
                0x00004946      0x2c3 ./FATFS/Target/sd_diskio.o
 .debug_loclists
                0x00004c09      0x19c ./Middlewares/Third_Party/FatFs/src/diskio.o
 .debug_loclists
                0x00004da5     0x1195 ./Middlewares/Third_Party/FatFs/src/ff.o
 .debug_loclists
                0x00005f3a      0x1ea ./Middlewares/Third_Party/FatFs/src/ff_gen_drv.o

.debug_aranges  0x00000000      0xb80
 .debug_aranges
                0x00000000       0x40 ./Core/Src/bootloader.o
 .debug_aranges
                0x00000040       0x38 ./Core/Src/main.o
 .debug_aranges
                0x00000078       0x30 ./Core/Src/stm32l4xx_hal_msp.o
 .debug_aranges
                0x000000a8       0x60 ./Core/Src/stm32l4xx_it.o
 .debug_aranges
                0x00000108       0xa8 ./Core/Src/syscalls.o
 .debug_aranges
                0x000001b0       0x20 ./Core/Src/sysmem.o
 .debug_aranges
                0x000001d0       0x28 ./Core/Src/system_stm32l4xx.o
 .debug_aranges
                0x000001f8       0x28 ./Core/Startup/startup_stm32l431rctx.o
 .debug_aranges
                0x00000220      0x130 ./Drivers/STM32L4xx_HAL_Driver/Src/stm32l4xx_hal.o
 .debug_aranges
                0x00000350       0xb8 ./Drivers/STM32L4xx_HAL_Driver/Src/stm32l4xx_hal_cortex.o
 .debug_aranges
                0x00000408       0x58 ./Drivers/STM32L4xx_HAL_Driver/Src/stm32l4xx_hal_gpio.o
 .debug_aranges
                0x00000460      0x100 ./Drivers/STM32L4xx_HAL_Driver/Src/stm32l4xx_hal_pwr_ex.o
 .debug_aranges
                0x00000560       0x90 ./Drivers/STM32L4xx_HAL_Driver/Src/stm32l4xx_hal_rcc.o
 .debug_aranges
                0x000005f0       0xe8 ./Drivers/STM32L4xx_HAL_Driver/Src/stm32l4xx_hal_rcc_ex.o
 .debug_aranges
                0x000006d8      0x120 ./Drivers/STM32L4xx_HAL_Driver/Src/stm32l4xx_hal_sd.o
 .debug_aranges
                0x000007f8      0x188 ./Drivers/STM32L4xx_HAL_Driver/Src/stm32l4xx_ll_sdmmc.o
 .debug_aranges
                0x00000980       0x28 ./FATFS/App/fatfs.o
 .debug_aranges
                0x000009a8       0x98 ./FATFS/Target/bsp_driver_sd.o
 .debug_aranges
                0x00000a40       0x40 ./FATFS/Target/sd_diskio.o
 .debug_aranges
                0x00000a80       0x48 ./Middlewares/Third_Party/FatFs/src/diskio.o
 .debug_aranges
                0x00000ac8       0x78 ./Middlewares/Third_Party/FatFs/src/ff.o
 .debug_aranges
                0x00000b40       0x40 ./Middlewares/Third_Party/FatFs/src/ff_gen_drv.o

.debug_rnglists
                0x00000000      0xae5
 .debug_rnglists
                0x00000000       0x46 ./Core/Src/bootloader.o
 .debug_rnglists
                0x00000046       0x5f ./Core/Src/main.o
 .debug_rnglists
                0x000000a5       0x38 ./Core/Src/stm32l4xx_hal_msp.o
 .debug_rnglists
                0x000000dd       0x43 ./Core/Src/stm32l4xx_it.o
 .debug_rnglists
                0x00000120       0x85 ./Core/Src/syscalls.o
 .debug_rnglists
                0x000001a5       0x13 ./Core/Src/sysmem.o
 .debug_rnglists
                0x000001b8       0x1a ./Core/Src/system_stm32l4xx.o
 .debug_rnglists
                0x000001d2       0x19 ./Core/Startup/startup_stm32l431rctx.o
 .debug_rnglists
                0x000001eb       0xdf ./Drivers/STM32L4xx_HAL_Driver/Src/stm32l4xx_hal.o
 .debug_rnglists
                0x000002ca       0xee ./Drivers/STM32L4xx_HAL_Driver/Src/stm32l4xx_hal_cortex.o
 .debug_rnglists
                0x000003b8       0x52 ./Drivers/STM32L4xx_HAL_Driver/Src/stm32l4xx_hal_gpio.o
 .debug_rnglists
                0x0000040a       0xbe ./Drivers/STM32L4xx_HAL_Driver/Src/stm32l4xx_hal_pwr_ex.o
 .debug_rnglists
                0x000004c8       0x7c ./Drivers/STM32L4xx_HAL_Driver/Src/stm32l4xx_hal_rcc.o
 .debug_rnglists
                0x00000544       0xec ./Drivers/STM32L4xx_HAL_Driver/Src/stm32l4xx_hal_rcc_ex.o
 .debug_rnglists
                0x00000630      0x148 ./Drivers/STM32L4xx_HAL_Driver/Src/stm32l4xx_hal_sd.o
 .debug_rnglists
                0x00000778      0x148 ./Drivers/STM32L4xx_HAL_Driver/Src/stm32l4xx_ll_sdmmc.o
 .debug_rnglists
                0x000008c0       0x19 ./FATFS/App/fatfs.o
 .debug_rnglists
                0x000008d9       0x6d ./FATFS/Target/bsp_driver_sd.o
 .debug_rnglists
                0x00000946       0x37 ./FATFS/Target/sd_diskio.o
 .debug_rnglists
                0x0000097d       0x31 ./Middlewares/Third_Party/FatFs/src/diskio.o
 .debug_rnglists
                0x000009ae      0x10c ./Middlewares/Third_Party/FatFs/src/ff.o
 .debug_rnglists
                0x00000aba       0x2b ./Middlewares/Third_Party/FatFs/src/ff_gen_drv.o

.debug_macro    0x00000000    0x2361e
 .debug_macro   0x00000000      0x36f ./Core/Src/bootloader.o
 .debug_macro   0x0000036f      0xade ./Core/Src/bootloader.o
 .debug_macro   0x00000e4d      0x1a1 ./Core/Src/bootloader.o
 .debug_macro   0x00000fee       0x2e ./Core/Src/bootloader.o
 .debug_macro   0x0000101c       0x28 ./Core/Src/bootloader.o
 .debug_macro   0x00001044       0x22 ./Core/Src/bootloader.o
 .debug_macro   0x00001066       0x8e ./Core/Src/bootloader.o
 .debug_macro   0x000010f4       0x51 ./Core/Src/bootloader.o
 .debug_macro   0x00001145      0x103 ./Core/Src/bootloader.o
 .debug_macro   0x00001248       0x6a ./Core/Src/bootloader.o
 .debug_macro   0x000012b2      0x1df ./Core/Src/bootloader.o
 .debug_macro   0x00001491       0x1c ./Core/Src/bootloader.o
 .debug_macro   0x000014ad       0x22 ./Core/Src/bootloader.o
 .debug_macro   0x000014cf       0xfb ./Core/Src/bootloader.o
 .debug_macro   0x000015ca     0x1011 ./Core/Src/bootloader.o
 .debug_macro   0x000025db      0x11f ./Core/Src/bootloader.o
 .debug_macro   0x000026fa    0x1511c ./Core/Src/bootloader.o
 .debug_macro   0x00017816       0x6d ./Core/Src/bootloader.o
 .debug_macro   0x00017883     0x38fb ./Core/Src/bootloader.o
 .debug_macro   0x0001b17e      0x190 ./Core/Src/bootloader.o
 .debug_macro   0x0001b30e       0x5c ./Core/Src/bootloader.o
 .debug_macro   0x0001b36a     0x1328 ./Core/Src/bootloader.o
 .debug_macro   0x0001c692      0x5a5 ./Core/Src/bootloader.o
 .debug_macro   0x0001cc37      0x1b9 ./Core/Src/bootloader.o
 .debug_macro   0x0001cdf0      0x11b ./Core/Src/bootloader.o
 .debug_macro   0x0001cf0b      0x2c4 ./Core/Src/bootloader.o
 .debug_macro   0x0001d1cf      0x27a ./Core/Src/bootloader.o
 .debug_macro   0x0001d449      0x23d ./Core/Src/bootloader.o
 .debug_macro   0x0001d686      0x241 ./Core/Src/bootloader.o
 .debug_macro   0x0001d8c7      0x375 ./Core/Src/bootloader.o
 .debug_macro   0x0001dc3c       0xd6 ./Core/Src/bootloader.o
 .debug_macro   0x0001dd12      0x122 ./Core/Src/bootloader.o
 .debug_macro   0x0001de34      0x2ee ./Core/Src/bootloader.o
 .debug_macro   0x0001e122      0x781 ./Core/Src/bootloader.o
 .debug_macro   0x0001e8a3      0x1d5 ./Core/Src/bootloader.o
 .debug_macro   0x0001ea78      0x26d ./Core/Src/bootloader.o
 .debug_macro   0x0001ece5       0x46 ./Core/Src/bootloader.o
 .debug_macro   0x0001ed2b       0xe5 ./Core/Src/bootloader.o
 .debug_macro   0x0001ee10       0x2a ./Core/Src/bootloader.o
 .debug_macro   0x0001ee3a       0x61 ./Core/Src/bootloader.o
 .debug_macro   0x0001ee9b       0x43 ./Core/Src/bootloader.o
 .debug_macro   0x0001eede       0x34 ./Core/Src/bootloader.o
 .debug_macro   0x0001ef12       0x16 ./Core/Src/bootloader.o
 .debug_macro   0x0001ef28       0x3c ./Core/Src/bootloader.o
 .debug_macro   0x0001ef64      0x364 ./Core/Src/bootloader.o
 .debug_macro   0x0001f2c8       0x16 ./Core/Src/bootloader.o
 .debug_macro   0x0001f2de       0x4a ./Core/Src/bootloader.o
 .debug_macro   0x0001f328       0x34 ./Core/Src/bootloader.o
 .debug_macro   0x0001f35c       0x10 ./Core/Src/bootloader.o
 .debug_macro   0x0001f36c       0x58 ./Core/Src/bootloader.o
 .debug_macro   0x0001f3c4       0x8e ./Core/Src/bootloader.o
 .debug_macro   0x0001f452       0x1c ./Core/Src/bootloader.o
 .debug_macro   0x0001f46e      0x17e ./Core/Src/bootloader.o
 .debug_macro   0x0001f5ec       0x16 ./Core/Src/bootloader.o
 .debug_macro   0x0001f602       0x29 ./Core/Src/bootloader.o
 .debug_macro   0x0001f62b       0x12 ./Core/Src/bootloader.o
 .debug_macro   0x0001f63d       0xe2 ./Core/Src/bootloader.o
 .debug_macro   0x0001f71f       0x8e ./Core/Src/bootloader.o
 .debug_macro   0x0001f7ad       0x28 ./Core/Src/bootloader.o
 .debug_macro   0x0001f7d5       0x1c ./Core/Src/bootloader.o
 .debug_macro   0x0001f7f1       0x10 ./Core/Src/bootloader.o
 .debug_macro   0x0001f801       0x1c ./Core/Src/bootloader.o
 .debug_macro   0x0001f81d       0x16 ./Core/Src/bootloader.o
 .debug_macro   0x0001f833      0x146 ./Core/Src/bootloader.o
 .debug_macro   0x0001f979       0x16 ./Core/Src/bootloader.o
 .debug_macro   0x0001f98f       0x20 ./Core/Src/bootloader.o
 .debug_macro   0x0001f9af      0x336 ./Core/Src/main.o
 .debug_macro   0x0001fce5      0x1ca ./Core/Src/stm32l4xx_hal_msp.o
 .debug_macro   0x0001feaf      0x1d4 ./Core/Src/stm32l4xx_it.o
 .debug_macro   0x00020083      0x274 ./Core/Src/syscalls.o
 .debug_macro   0x000202f7       0x5b ./Core/Src/syscalls.o
 .debug_macro   0x00020352       0x94 ./Core/Src/syscalls.o
 .debug_macro   0x000203e6       0x57 ./Core/Src/syscalls.o
 .debug_macro   0x0002043d       0x10 ./Core/Src/syscalls.o
 .debug_macro   0x0002044d       0x10 ./Core/Src/syscalls.o
 .debug_macro   0x0002045d       0x10 ./Core/Src/syscalls.o
 .debug_macro   0x0002046d       0x10 ./Core/Src/syscalls.o
 .debug_macro   0x0002047d       0x1c ./Core/Src/syscalls.o
 .debug_macro   0x00020499       0x52 ./Core/Src/syscalls.o
 .debug_macro   0x000204eb       0x22 ./Core/Src/syscalls.o
 .debug_macro   0x0002050d       0x10 ./Core/Src/syscalls.o
 .debug_macro   0x0002051d       0x52 ./Core/Src/syscalls.o
 .debug_macro   0x0002056f       0xcf ./Core/Src/syscalls.o
 .debug_macro   0x0002063e       0x1c ./Core/Src/syscalls.o
 .debug_macro   0x0002065a       0x3d ./Core/Src/syscalls.o
 .debug_macro   0x00020697       0x35 ./Core/Src/syscalls.o
 .debug_macro   0x000206cc      0x12c ./Core/Src/syscalls.o
 .debug_macro   0x000207f8       0x10 ./Core/Src/syscalls.o
 .debug_macro   0x00020808      0x242 ./Core/Src/syscalls.o
 .debug_macro   0x00020a4a       0x10 ./Core/Src/syscalls.o
 .debug_macro   0x00020a5a      0x18a ./Core/Src/syscalls.o
 .debug_macro   0x00020be4       0x16 ./Core/Src/syscalls.o
 .debug_macro   0x00020bfa       0xce ./Core/Src/syscalls.o
 .debug_macro   0x00020cc8      0x112 ./Core/Src/sysmem.o
 .debug_macro   0x00020dda      0x23c ./Core/Src/sysmem.o
 .debug_macro   0x00021016      0x1c0 ./Core/Src/system_stm32l4xx.o
 .debug_macro   0x000211d6      0x20e ./Drivers/STM32L4xx_HAL_Driver/Src/stm32l4xx_hal.o
 .debug_macro   0x000213e4      0x1c0 ./Drivers/STM32L4xx_HAL_Driver/Src/stm32l4xx_hal_cortex.o
 .debug_macro   0x000215a4      0x1c7 ./Drivers/STM32L4xx_HAL_Driver/Src/stm32l4xx_hal_gpio.o
 .debug_macro   0x0002176b      0x1e4 ./Drivers/STM32L4xx_HAL_Driver/Src/stm32l4xx_hal_pwr_ex.o
 .debug_macro   0x0002194f      0x202 ./Drivers/STM32L4xx_HAL_Driver/Src/stm32l4xx_hal_rcc.o
 .debug_macro   0x00021b51      0x1f6 ./Drivers/STM32L4xx_HAL_Driver/Src/stm32l4xx_hal_rcc_ex.o
 .debug_macro   0x00021d47      0x1d6 ./Drivers/STM32L4xx_HAL_Driver/Src/stm32l4xx_hal_sd.o
 .debug_macro   0x00021f1d      0x1c1 ./Drivers/STM32L4xx_HAL_Driver/Src/stm32l4xx_ll_sdmmc.o
 .debug_macro   0x000220de      0x2f8 ./FATFS/App/fatfs.o
 .debug_macro   0x000223d6      0x1cf ./FATFS/Target/bsp_driver_sd.o
 .debug_macro   0x000225a5       0x40 ./FATFS/Target/bsp_driver_sd.o
 .debug_macro   0x000225e5      0x2fb ./FATFS/Target/sd_diskio.o
 .debug_macro   0x000228e0       0x16 ./FATFS/Target/sd_diskio.o
 .debug_macro   0x000228f6       0x7c ./FATFS/Target/sd_diskio.o
 .debug_macro   0x00022972      0x2e5 ./Middlewares/Third_Party/FatFs/src/diskio.o
 .debug_macro   0x00022c57      0x6e2 ./Middlewares/Third_Party/FatFs/src/ff.o
 .debug_macro   0x00023339      0x2e5 ./Middlewares/Third_Party/FatFs/src/ff_gen_drv.o

.debug_line     0x00000000    0x11e62
 .debug_line    0x00000000      0xbc5 ./Core/Src/bootloader.o
 .debug_line    0x00000bc5      0xbc6 ./Core/Src/main.o
 .debug_line    0x0000178b      0x7da ./Core/Src/stm32l4xx_hal_msp.o
 .debug_line    0x00001f65      0x790 ./Core/Src/stm32l4xx_it.o
 .debug_line    0x000026f5      0x902 ./Core/Src/syscalls.o
 .debug_line    0x00002ff7      0x567 ./Core/Src/sysmem.o
 .debug_line    0x0000355e      0x7a3 ./Core/Src/system_stm32l4xx.o
 .debug_line    0x00003d01       0x7a ./Core/Startup/startup_stm32l431rctx.o
 .debug_line    0x00003d7b      0xba6 ./Drivers/STM32L4xx_HAL_Driver/Src/stm32l4xx_hal.o
 .debug_line    0x00004921      0xcf1 ./Drivers/STM32L4xx_HAL_Driver/Src/stm32l4xx_hal_cortex.o
 .debug_line    0x00005612      0xb9a ./Drivers/STM32L4xx_HAL_Driver/Src/stm32l4xx_hal_gpio.o
 .debug_line    0x000061ac      0xc2e ./Drivers/STM32L4xx_HAL_Driver/Src/stm32l4xx_hal_pwr_ex.o
 .debug_line    0x00006dda     0x1429 ./Drivers/STM32L4xx_HAL_Driver/Src/stm32l4xx_hal_rcc.o
 .debug_line    0x00008203     0x15ad ./Drivers/STM32L4xx_HAL_Driver/Src/stm32l4xx_hal_rcc_ex.o
 .debug_line    0x000097b0     0x294e ./Drivers/STM32L4xx_HAL_Driver/Src/stm32l4xx_hal_sd.o
 .debug_line    0x0000c0fe     0x1568 ./Drivers/STM32L4xx_HAL_Driver/Src/stm32l4xx_ll_sdmmc.o
 .debug_line    0x0000d666      0x8e5 ./FATFS/App/fatfs.o
 .debug_line    0x0000df4b      0x8d8 ./FATFS/Target/bsp_driver_sd.o
 .debug_line    0x0000e823      0xa5e ./FATFS/Target/sd_diskio.o
 .debug_line    0x0000f281      0x989 ./Middlewares/Third_Party/FatFs/src/diskio.o
 .debug_line    0x0000fc0a     0x189f ./Middlewares/Third_Party/FatFs/src/ff.o
 .debug_line    0x000114a9      0x9b9 ./Middlewares/Third_Party/FatFs/src/ff_gen_drv.o

.debug_str      0x00000000    0xc8b9e
 .debug_str     0x00000000    0xc8b9e ./Core/Src/bootloader.o
                              0xc2f8d (size before relaxing)
 .debug_str     0x000c8b9e    0xc2e63 ./Core/Src/main.o
 .debug_str     0x000c8b9e    0xbee10 ./Core/Src/stm32l4xx_hal_msp.o
 .debug_str     0x000c8b9e    0xbe626 ./Core/Src/stm32l4xx_it.o
 .debug_str     0x000c8b9e     0x997c ./Core/Src/syscalls.o
 .debug_str     0x000c8b9e     0x7726 ./Core/Src/sysmem.o
 .debug_str     0x000c8b9e    0xbe7a5 ./Core/Src/system_stm32l4xx.o
 .debug_str     0x000c8b9e       0x8b ./Core/Startup/startup_stm32l431rctx.o
 .debug_str     0x000c8b9e    0xbf26a ./Drivers/STM32L4xx_HAL_Driver/Src/stm32l4xx_hal.o
 .debug_str     0x000c8b9e    0xbef38 ./Drivers/STM32L4xx_HAL_Driver/Src/stm32l4xx_hal_cortex.o
 .debug_str     0x000c8b9e    0xbe92b ./Drivers/STM32L4xx_HAL_Driver/Src/stm32l4xx_hal_gpio.o