Archive member included to satisfy reference by file (symbol)

/Applications/STM32CubeIDE.app/Contents/Eclipse/plugins/com.st.stm32cube.ide.mcu.externaltools.gnu-tools-for-stm32.14.3.rel1.macosaarch64_1.0.0.202602081740/tools/bin/../lib/gcc/arm-none-eabi/14.3.1/../../../../arm-none-eabi/lib/thumb/v7e-m+fp/hard/libc_nano.a(libc_a-exit.o)
                              /Applications/STM32CubeIDE.app/Contents/Eclipse/plugins/com.st.stm32cube.ide.mcu.externaltools.gnu-tools-for-stm32.14.3.rel1.macosaarch64_1.0.0.202602081740/tools/bin/../lib/gcc/arm-none-eabi/14.3.1/../../../../arm-none-eabi/lib/thumb/v7e-m+fp/hard/crt0.o (exit)
/Applications/STM32CubeIDE.app/Contents/Eclipse/plugins/com.st.stm32cube.ide.mcu.externaltools.gnu-tools-for-stm32.14.3.rel1.macosaarch64_1.0.0.202602081740/tools/bin/../lib/gcc/arm-none-eabi/14.3.1/../../../../arm-none-eabi/lib/thumb/v7e-m+fp/hard/libc_nano.a(libc_a-findfp.o)
                              /Applications/STM32CubeIDE.app/Contents/Eclipse/plugins/com.st.stm32cube.ide.mcu.externaltools.gnu-tools-for-stm32.14.3.rel1.macosaarch64_1.0.0.202602081740/tools/bin/../lib/gcc/arm-none-eabi/14.3.1/../../../../arm-none-eabi/lib/thumb/v7e-m+fp/hard/libc_nano.a(libc_a-exit.o) (__stdio_exit_handler)
/Applications/STM32CubeIDE.app/Contents/Eclipse/plugins/com.st.stm32cube.ide.mcu.externaltools.gnu-tools-for-stm32.14.3.rel1.macosaarch64_1.0.0.202602081740/tools/bin/../lib/gcc/arm-none-eabi/14.3.1/../../../../arm-none-eabi/lib/thumb/v7e-m+fp/hard/libc_nano.a(libc_a-fwalk.o)
                              /Applications/STM32CubeIDE.app/Contents/Eclipse/plugins/com.st.stm32cube.ide.mcu.externaltools.gnu-tools-for-stm32.14.3.rel1.macosaarch64_1.0.0.202602081740/tools/bin/../lib/gcc/arm-none-eabi/14.3.1/../../../../arm-none-eabi/lib/thumb/v7e-m+fp/hard/libc_nano.a(libc_a-findfp.o) (_fwalk_sglue)
/Applications/STM32CubeIDE.app/Contents/Eclipse/plugins/com.st.stm32cube.ide.mcu.externaltools.gnu-tools-for-stm32.14.3.rel1.macosaarch64_1.0.0.202602081740/tools/bin/../lib/gcc/arm-none-eabi/14.3.1/../../../../arm-none-eabi/lib/thumb/v7e-m+fp/hard/libc_nano.a(libc_a-printf.o)
                              ./Core/Src/bootloader.o (printf)
/Applications/STM32CubeIDE.app/Contents/Eclipse/plugins/com.st.stm32cube.ide.mcu.externaltools.gnu-tools-for-stm32.14.3.rel1.macosaarch64_1.0.0.202602081740/tools/bin/../lib/gcc/arm-none-eabi/14.3.1/../../../../arm-none-eabi/lib/thumb/v7e-m+fp/hard/libc_nano.a(libc_a-puts.o)
                              ./Core/Src/bootloader.o (puts)
/Applications/STM32CubeIDE.app/Contents/Eclipse/plugins/com.st.stm32cube.ide.mcu.externaltools.gnu-tools-for-stm32.14.3.rel1.macosaarch64_1.0.0.202602081740/tools/bin/../lib/gcc/arm-none-eabi/14.3.1/../../../../arm-none-eabi/lib/thumb/v7e-m+fp/hard/libc_nano.a(libc_a-memset.o)
                              /Applications/STM32CubeIDE.app/Contents/Eclipse/plugins/com.st.stm32cube.ide.mcu.externaltools.gnu-tools-for-stm32.14.3.rel1.macosaarch64_1.0.0.202602081740/tools/bin/../lib/gcc/arm-none-eabi/14.3.1/../../../../arm-none-eabi/lib/thumb/v7e-m+fp/hard/crt0.o (memset)
/Applications/STM32CubeIDE.app/Contents/Eclipse/plugins/com.st.stm32cube.ide.mcu.externaltools.gnu-tools-for-stm32.14.3.rel1.macosaarch64_1.0.0.202602081740/tools/bin/../lib/gcc/arm-none-eabi/14.3.1/../../../../arm-none-eabi/lib/thumb/v7e-m+fp/hard/libc_nano.a(libc_a-errno.o)
                              ./Core/Src/syscalls.o (__errno)
/Applications/STM32CubeIDE.app/Contents/Eclipse/plugins/com.st.stm32cube.ide.mcu.externaltools.gnu-tools-for-stm32.14.3.rel1.macosaarch64_1.0.0.202602081740/tools/bin/../lib/gcc/arm-none-eabi/14.3.1/../../../../arm-none-eabi/lib/thumb/v7e-m+fp/hard/libc_nano.a(libc_a-init.o)
                              /Applications/STM32CubeIDE.app/Contents/Eclipse/plugins/com.st.stm32cube.ide.mcu.externaltools.gnu-tools-for-stm32.14.3.rel1.macosaarch64_1.0.0.202602081740/tools/bin/../lib/gcc/arm-none-eabi/14.3.1/../../../../arm-none-eabi/lib/thumb/v7e-m+fp/hard/crt0.o (__libc_init_array)
/Applications/STM32CubeIDE.app/Contents/Eclipse/plugins/com.st.stm32cube.ide.mcu.externaltools.gnu-tools-for-stm32.14.3.rel1.macosaarch64_1.0.0.202602081740/tools/bin/../lib/gcc/arm-none-eabi/14.3.1/../../../../arm-none-eabi/lib/thumb/v7e-m+fp/hard/libc_nano.a(libc_a-lock.o)
                              /Applications/STM32CubeIDE.app/Contents/Eclipse/plugins/com.st.stm32cube.ide.mcu.externaltools.gnu-tools-for-stm32.14.3.rel1.macosaarch64_1.0.0.202602081740/tools/bin/../lib/gcc/arm-none-eabi/14.3.1/../../../../arm-none-eabi/lib/thumb/v7e-m+fp/hard/libc_nano.a(libc_a-findfp.o) (__retarget_lock_init_recursive)
/Applications/STM32CubeIDE.app/Contents/Eclipse/plugins/com.st.stm32cube.ide.mcu.externaltools.gnu-tools-for-stm32.14.3.rel1.macosaarch64_1.0.0.202602081740/tools/bin/../lib/gcc/arm-none-eabi/14.3.1/../../../../arm-none-eabi/lib/thumb/v7e-m+fp/hard/libc_nano.a(libc_a-impure.o)
[...]
Memory Configuration

Name             Origin             Length             Attributes
RAM              0x20000000         0x0000c000         xrw
RAM2             0x10000000         0x00004000         xrw
FLASH            0x08000000         0x00008000         xr
*default*        0x00000000         0xffffffff

Linker script and memory map

LOAD /Applications/STM32CubeIDE.app/Contents/Eclipse/plugins/com.st.stm32cube.ide.mcu.externaltools.gnu-tools-for-stm32.14.3.rel1.macosaarch64_1.0.0.202602081740/tools/bin/../lib/gcc/arm-none-eabi/14.3.1/thumb/v7e-m+fp/hard/crti.o
LOAD /Applications/STM32CubeIDE.app/Contents/Eclipse/plugins/com.st.stm32cube.ide.mcu.externaltools.gnu-tools-for-stm32.14.3.rel1.macosaarch64_1.0.0.202602081740/tools/bin/../lib/gcc/arm-none-eabi/14.3.1/thumb/v7e-m+fp/hard/crtbegin.o
LOAD /Applications/STM32CubeIDE.app/Contents/Eclipse/plugins/com.st.stm32cube.ide.mcu.externaltools.gnu-tools-for-stm32.14.3.rel1.macosaarch64_1.0.0.202602081740/tools/bin/../lib/gcc/arm-none-eabi/14.3.1/../../../../arm-none-eabi/lib/thumb/v7e-m+fp/hard/crt0.o
LOAD ./Core/Src/bootloader.o
LOAD ./Core/Src/main.o
LOAD ./Core/Src/stm32l4xx_hal_msp.o
LOAD ./Core/Src/stm32l4xx_it.o
LOAD ./Core/Src/syscalls.o
LOAD ./Core/Src/sysmem.o
LOAD ./Core/Src/system_stm32l4xx.o
LOAD ./Core/Startup/startup_stm32l431rctx.o
LOAD ./Drivers/STM32L4xx_HAL_Driver/Src/stm32l4xx_hal.o
LOAD ./Drivers/STM32L4xx_HAL_Driver/Src/stm32l4xx_hal_cortex.o
LOAD ./Drivers/STM32L4xx_HAL_Driver/Src/stm32l4xx_hal_dma.o
LOAD ./Drivers/STM32L4xx_HAL_Driver/Src/stm32l4xx_hal_dma_ex.o
LOAD ./Drivers/STM32L4xx_HAL_Driver/Src/stm32l4xx_hal_exti.o
LOAD ./Drivers/STM32L4xx_HAL_Driver/Src/stm32l4xx_hal_flash.o
LOAD ./Drivers/STM32L4xx_HAL_Driver/Src/stm32l4xx_hal_flash_ex.o
LOAD ./Drivers/STM32L4xx_HAL_Driver/Src/stm32l4xx_hal_flash_ramfunc.o
LOAD ./Drivers/STM32L4xx_HAL_Driver/Src/stm32l4xx_hal_gpio.o
LOAD ./Drivers/STM32L4xx_HAL_Driver/Src/stm32l4xx_hal_i2c.o
LOAD ./Drivers/STM32L4xx_HAL_Driver/Src/stm32l4xx_hal_i2c_ex.o
LOAD ./Drivers/STM32L4xx_HAL_Driver/Src/stm32l4xx_hal_mmc.o
LOAD ./Drivers/STM32L4xx_HAL_Driver/Src/stm32l4xx_hal_mmc_ex.o
LOAD ./Drivers/STM32L4xx_HAL_Driver/Src/stm32l4xx_hal_pwr.o
LOAD ./Drivers/STM32L4xx_HAL_Driver/Src/stm32l4xx_hal_pwr_ex.o
LOAD ./Drivers/STM32L4xx_HAL_Driver/Src/stm32l4xx_hal_rcc.o
LOAD ./Drivers/STM32L4xx_HAL_Driver/Src/stm32l4xx_hal_rcc_ex.o
LOAD ./Drivers/STM32L4xx_HAL_Driver/Src/stm32l4xx_hal_sd.o
LOAD ./Drivers/STM32L4xx_HAL_Driver/Src/stm32l4xx_hal_sd_ex.o
LOAD ./Drivers/STM32L4xx_HAL_Driver/Src/stm32l4xx_ll_sdmmc.o
LOAD ./FATFS/App/fatfs.o
LOAD ./FATFS/Target/bsp_driver_sd.o
LOAD ./FATFS/Target/sd_diskio.o
LOAD ./Middlewares/Third_Party/FatFs/src/diskio.o
LOAD ./Middlewares/Third_Party/FatFs/src/ff.o
LOAD ./Middlewares/Third_Party/FatFs/src/ff_gen_drv.o
LOAD ./Middlewares/Third_Party/FatFs/src/option/syscall.o
START GROUP
LOAD /Applications/STM32CubeIDE.app/Contents/Eclipse/plugins/com.st.stm32cube.ide.mcu.externaltools.gnu-tools-for-stm32.14.3.rel1.macosaarch64_1.0.0.202602081740/tools/bin/../lib/gcc/arm-none-eabi/14.3.1/../../../../arm-none-eabi/lib/thumb/v7e-m+fp/hard/libc_nano.a
LOAD /Applications/STM32CubeIDE.app/Contents/Eclipse/plugins/com.st.stm32cube.ide.mcu.externaltools.gnu-tools-for-stm32.14.3.rel1.macosaarch64_1.0.0.202602081740/tools/bin/../lib/gcc/arm-none-eabi/14.3.1/../../../../arm-none-eabi/lib/thumb/v7e-m+fp/hard/libm.a
END GROUP
START GROUP
LOAD /Applications/STM32CubeIDE.app/Contents/Eclipse/plugins/com.st.stm32cube.ide.mcu.externaltools.gnu-tools-for-stm32.14.3.rel1.macosaarch64_1.0.0.202602081740/tools/bin/../lib/gcc/arm-none-eabi/14.3.1/thumb/v7e-m+fp/hard/libgcc.a
LOAD /Applications/STM32CubeIDE.app/Contents/Eclipse/plugins/com.st.stm32cube.ide.mcu.externaltools.gnu-tools-for-stm32.14.3.rel1.macosaarch64_1.0.0.202602081740/tools/bin/../lib/gcc/arm-none-eabi/14.3.1/../../../../arm-none-eabi/lib/thumb/v7e-m+fp/hard/libc_nano.a
END GROUP
START GROUP
LOAD /Applications/STM32CubeIDE.app/Contents/Eclipse/plugins/com.st.stm32cube.ide.mcu.externaltools.gnu-tools-for-stm32.14.3.rel1.macosaarch64_1.0.0.202602081740/tools/bin/../lib/gcc/arm-none-eabi/14.3.1/thumb/v7e-m+fp/hard/libgcc.a
LOAD /Applications/STM32CubeIDE.app/Contents/Eclipse/plugins/com.st.stm32cube.ide.mcu.externaltools.gnu-tools-for-stm32.14.3.rel1.macosaarch64_1.0.0.202602081740/tools/bin/../lib/gcc/arm-none-eabi/14.3.1/../../../../arm-none-eabi/lib/thumb/v7e-m+fp/hard/libc_nano.a
LOAD /Applications/STM32CubeIDE.app/Contents/Eclipse/plugins/com.st.stm32cube.ide.mcu.externaltools.gnu-tools-for-stm32.14.3.rel1.macosaarch64_1.0.0.202602081740/tools/bin/../lib/gcc/arm-none-eabi/14.3.1/../../../../arm-none-eabi/lib/thumb/v7e-m+fp/hard/libnosys.a
END GROUP
START GROUP
LOAD /Applications/STM32CubeIDE.app/Contents/Eclipse/plugins/com.st.stm32cube.ide.mcu.externaltools.gnu-tools-for-stm32.14.3.rel1.macosaarch64_1.0.0.202602081740/tools/bin/../lib/gcc/arm-none-eabi/14.3.1/thumb/v7e-m+fp/hard/libgcc.a
LOAD /Applications/STM32CubeIDE.app/Contents/Eclipse/plugins/com.st.stm32cube.ide.mcu.externaltools.gnu-tools-for-stm32.14.3.rel1.macosaarch64_1.0.0.202602081740/tools/bin/../lib/gcc/arm-none-eabi/14.3.1/../../../../arm-none-eabi/lib/thumb/v7e-m+fp/hard/libc_nano.a
LOAD /Applications/STM32CubeIDE.app/Contents/Eclipse/plugins/com.st.stm32cube.ide.mcu.externaltools.gnu-tools-for-stm32.14.3.rel1.macosaarch64_1.0.0.202602081740/tools/bin/../lib/gcc/arm-none-eabi/14.3.1/../../../../arm-none-eabi/lib/thumb/v7e-m+fp/hard/libnosys.a
END GROUP
LOAD /Applications/STM32CubeIDE.app/Contents/Eclipse/plugins/com.st.stm32cube.ide.mcu.externaltools.gnu-tools-for-stm32.14.3.rel1.macosaarch64_1.0.0.202602081740/tools/bin/../lib/gcc/arm-none-eabi/14.3.1/thumb/v7e-m+fp/hard/crtend.o
LOAD /Applications/STM32CubeIDE.app/Contents/Eclipse/plugins/com.st.stm32cube.ide.mcu.externaltools.gnu-tools-for-stm32.14.3.rel1.macosaarch64_1.0.0.202602081740/tools/bin/../lib/gcc/arm-none-eabi/14.3.1/thumb/v7e-m+fp/hard/crtn.o
                0x2000c000                        _estack = (ORIGIN (RAM) + LENGTH (RAM))
                0x00000200                        _Min_Heap_Size = 0x200
                0x00000400                        _Min_Stack_Size = 0x400

.isr_vector     0x08000000      0x18c
                0x08000000                        . = ALIGN (0x4)
 *(.isr_vector)
 .isr_vector    0x08000000      0x18c ./Core/Startup/startup_stm32l431rctx.o
                0x08000000                g_pfnVectors
                0x0800018c                        . = ALIGN (0x4)

.text           0x08000190     0x4710
                0x08000190                        . = ALIGN (0x4)
 *(.text)
 .text          0x08000190       0x40 /Applications/STM32CubeIDE.app/Contents/Eclipse/plugins/com.st.stm32cube.ide.mcu.externaltools.gnu-tools-for-stm32.14.3.rel1.macosaarch64_1.0.0.202602081740/tools/bin/../lib/gcc/arm-none-eabi/14.3.1/thumb/v7e-m+fp/hard/crtbegin.o
 .text          0x080001d0       0xa0 /Applications/STM32CubeIDE.app/Contents/Eclipse/plugins/com.st.stm32cube.ide.mcu.externaltools.gnu-tools-for-stm32.14.3.rel1.macosaarch64_1.0.0.202602081740/tools/bin/../lib/gcc/arm-none-eabi/14.3.1/../../../../arm-none-eabi/lib/thumb/v7e-m+fp/hard/libc_nano.a(libc_a-memchr.o)
                0x080001d0                memchr
 *(.text*)
 .text.initCRC  0x08000270       0x10 ./Core/Src/bootloader.o
                0x08000270                initCRC
 .text.calculateBinaryCRC
                0x08000280       0x94 ./Core/Src/bootloader.o
                0x08000280                calculateBinaryCRC
 .text.calculateFileCRC
                0x08000314       0x88 ./Core/Src/bootloader.o
                0x08000314                calculateFileCRC
 .text.calculateFlashCRC
                0x0800039c       0x28 ./Core/Src/bootloader.o
                0x0800039c                calculateFlashCRC
 .text.bootloader_reflash
                0x080003c4       0xd0 ./Core/Src/bootloader.o
                0x080003c4                bootloader_reflash
 .text.bootloader_jump_to_app
                0x08000494       0x30 ./Core/Src/bootloader.o
                0x08000494                bootloader_jump_to_app
 .text._write   0x080004c4       0x40 ./Core/Src/main.o
                0x080004c4                _write
 .text.SystemClock_Config
                0x08000504       0x72 ./Core/Src/main.o
                0x08000504                SystemClock_Config
 *fill*         0x08000576        0x2 
 .text.startup.main
                0x08000578      0x100 ./Core/Src/main.o
                0x08000578                main
 .text.Error_Handler
                0x08000678        0x4 ./Core/Src/main.o
                0x08000678                Error_Handler
 .text.HAL_MspInit
                0x0800067c       0x30 ./Core/Src/stm32l4xx_hal_msp.o
                0x0800067c                HAL_MspInit
 .text.HAL_SD_MspInit
                0x080006ac       0xb8 ./Core/Src/stm32l4xx_hal_msp.o
                0x080006ac                HAL_SD_MspInit
 .text.HAL_SD_MspDeInit
                0x08000764       0x3c ./Core/Src/stm32l4xx_hal_msp.o
                0x08000764                HAL_SD_MspDeInit
 .text.NMI_Handler
                0x080007a0        0x2 ./Core/Src/stm32l4xx_it.o
                0x080007a0                NMI_Handler
 .text.HardFault_Handler
                0x080007a2        0x2 ./Core/Src/stm32l4xx_it.o
                0x080007a2                HardFault_Handler
 .text.MemManage_Handler
                0x080007a4        0x2 ./Core/Src/stm32l4xx_it.o
                0x080007a4                MemManage_Handler
 .text.BusFault_Handler
                0x080007a6        0x2 ./Core/Src/stm32l4xx_it.o
                0x080007a6                BusFault_Handler
 .text.UsageFault_Handler
                0x080007a8        0x2 ./Core/Src/stm32l4xx_it.o
                0x080007a8                UsageFault_Handler
 .text.SVC_Handler
                0x080007aa        0x2 ./Core/Src/stm32l4xx_it.o
                0x080007aa                SVC_Handler
 .text.DebugMon_Handler
                0x080007ac        0x2 ./Core/Src/stm32l4xx_it.o
                0x080007ac                DebugMon_Handler
 .text.PendSV_Handler
                0x080007ae        0x2 ./Core/Src/stm32l4xx_it.o
                0x080007ae                PendSV_Handler
 .text.SysTick_Handler
                0x080007b0        0x4 ./Core/Src/stm32l4xx_it.o
                0x080007b0                SysTick_Handler
 .text._read    0x080007b4       0x1c ./Core/Src/syscalls.o
                0x080007b4                _read
 .text._close   0x080007d0        0x6 ./Core/Src/syscalls.o
                0x080007d0                _close
 .text._fstat   0x080007d6        0xa ./Core/Src/syscalls.o
                0x080007d6                _fstat
 .text._isatty  0x080007e0        0x4 ./Core/Src/syscalls.o
                0x080007e0                _isatty
 .text._lseek   0x080007e4        0x4 ./Core/Src/syscalls.o
                0x080007e4                _lseek
 .text._sbrk    0x080007e8       0x3c ./Core/Src/sysmem.o
                0x080007e8                _sbrk
 .text.SystemInit
                0x08000824       0x14 ./Core/Src/system_stm32l4xx.o
                0x08000824                SystemInit
 .text.Reset_Handler
                0x08000838       0x50 ./Core/Startup/startup_stm32l431rctx.o
                0x08000838                Reset_Handler
 .text.Default_Handler
                0x08000888        0x2 ./Core/Startup/startup_stm32l431rctx.o
                0x08000888                TIM1_BRK_TIM15_IRQHandler
                0x08000888                EXTI2_IRQHandler
                0x08000888                TIM1_CC_IRQHandler
                0x08000888                TSC_IRQHandler
                0x08000888                TAMP_STAMP_IRQHandler
                0x08000888                EXTI3_IRQHandler
                0x08000888                LPTIM2_IRQHandler
                0x08000888                I2C3_ER_IRQHandler
                0x08000888                EXTI0_IRQHandler
                0x08000888                I2C2_EV_IRQHandler
                0x08000888                CAN1_RX0_IRQHandler
                0x08000888                FPU_IRQHandler
                0x08000888                TIM1_UP_TIM16_IRQHandler
                0x08000888                SPI1_IRQHandler
                0x08000888                TIM6_DAC_IRQHandler
                0x08000888                DMA2_Channel2_IRQHandler
                0x08000888                DMA1_Channel4_IRQHandler
                0x08000888                ADC1_IRQHandler
                0x08000888                USART3_IRQHandler
                0x08000888                DMA1_Channel7_IRQHandler
                0x08000888                CAN1_RX1_IRQHandler
                0x08000888                DMA2_Channel1_IRQHandler
                0x08000888                QUADSPI_IRQHandler
                0x08000888                I2C1_EV_IRQHandler
                0x08000888                DMA1_Channel6_IRQHandler
                0x08000888                DMA2_Channel4_IRQHandler
                0x08000888                RCC_IRQHandler
                0x08000888                TIM1_TRG_COM_IRQHandler
                0x08000888                DMA1_Channel1_IRQHandler
                0x08000888                Default_Handler
                0x08000888                DMA2_Channel7_IRQHandler
                0x08000888                EXTI15_10_IRQHandler
                0x08000888                TIM7_IRQHandler
                0x08000888                SDMMC1_IRQHandler
                0x08000888                I2C3_EV_IRQHandler
                0x08000888                EXTI9_5_IRQHandler
                0x08000888                RTC_WKUP_IRQHandler
                0x08000888                PVD_PVM_IRQHandler
                0x08000888                SPI2_IRQHandler
                0x08000888                CAN1_TX_IRQHandler
                0x08000888                DMA2_Channel5_IRQHandler
                0x08000888                CRS_IRQHandler
                0x08000888                DMA1_Channel5_IRQHandler
                0x08000888                EXTI4_IRQHandler
                0x08000888                RNG_IRQHandler
                0x08000888                DMA1_Channel3_IRQHandler
                0x08000888                COMP_IRQHandler
                0x08000888                WWDG_IRQHandler
                0x08000888                LPUART1_IRQHandler
                0x08000888                DMA2_Channel6_IRQHandler
                0x08000888                TIM2_IRQHandler
                0x08000888                EXTI1_IRQHandler
                0x08000888                USART2_IRQHandler
                0x08000888                I2C2_ER_IRQHandler
                0x08000888                DMA1_Channel2_IRQHandler
                0x08000888                CAN1_SCE_IRQHandler
                0x08000888                FLASH_IRQHandler
                0x08000888                USART1_IRQHandler
                0x08000888                SPI3_IRQHandler
                0x08000888                I2C1_ER_IRQHandler
                0x08000888                SWPMI1_IRQHandler
                0x08000888                LPTIM1_IRQHandler
                0x08000888                SAI1_IRQHandler
                0x08000888                DMA2_Channel3_IRQHandler
                0x08000888                RTC_Alarm_IRQHandler
 *fill*         0x0800088a        0x2 
 .text.HAL_InitTick
                0x0800088c       0x4c ./Drivers/STM32L4xx_HAL_Driver/Src/stm32l4xx_hal.o
                0x0800088c                HAL_InitTick
 .text.HAL_Init
                0x080008d8       0x1e ./Drivers/STM32L4xx_HAL_Driver/Src/stm32l4xx_hal.o
                0x080008d8                HAL_Init
 *fill*         0x080008f6        0x2 
 .text.HAL_IncTick
                0x080008f8       0x18 ./Drivers/STM32L4xx_HAL_Driver/Src/stm32l4xx_hal.o
                0x080008f8                HAL_IncTick
 .text.HAL_GetTick
                0x08000910        0xc ./Drivers/STM32L4xx_HAL_Driver/Src/stm32l4xx_hal.o
                0x08000910                HAL_GetTick
 .text.HAL_Delay
                0x0800091c       0x28 ./Drivers/STM32L4xx_HAL_Driver/Src/stm32l4xx_hal.o
                0x0800091c                HAL_Delay
 .text.HAL_NVIC_SetPriorityGrouping
                0x08000944       0x24 ./Drivers/STM32L4xx_HAL_Driver/Src/stm32l4xx_hal_cortex.o
                0x08000944                HAL_NVIC_SetPriorityGrouping
 .text.HAL_NVIC_SetPriority
                0x08000968       0x64 ./Drivers/STM32L4xx_HAL_Driver/Src/stm32l4xx_hal_cortex.o
                0x08000968                HAL_NVIC_SetPriority
 .text.HAL_SYSTICK_Config
                0x080009cc       0x28 ./Drivers/STM32L4xx_HAL_Driver/Src/stm32l4xx_hal_cortex.o
                0x080009cc                HAL_SYSTICK_Config
 .text.FLASH_Program_Fast
                0x080009f4       0x2c ./Drivers/STM32L4xx_HAL_Driver/Src/stm32l4xx_hal_flash.o
 .text.HAL_FLASH_Unlock
                0x08000a20       0x24 ./Drivers/STM32L4xx_HAL_Driver/Src/stm32l4xx_hal_flash.o
                0x08000a20                HAL_FLASH_Unlock
 .text.HAL_FLASH_Lock
                0x08000a44       0x14 ./Drivers/STM32L4xx_HAL_Driver/Src/stm32l4xx_hal_flash.o
                0x08000a44                HAL_FLASH_Lock
 .text.FLASH_WaitForLastOperation
                0x08000a58       0x54 ./Drivers/STM32L4xx_HAL_Driver/Src/stm32l4xx_hal_flash.o
                0x08000a58                FLASH_WaitForLastOperation
 .text.HAL_FLASH_Program
                0x08000aac       0xa4 ./Drivers/STM32L4xx_HAL_Driver/Src/stm32l4xx_hal_flash.o
                0x08000aac                HAL_FLASH_Program
 .text.FLASH_MassErase
                0x08000b50       0x20 ./Drivers/STM32L4xx_HAL_Driver/Src/stm32l4xx_hal_flash_ex.o
 .text.FLASH_PageErase
                0x08000b70       0x28 ./Drivers/STM32L4xx_HAL_Driver/Src/stm32l4xx_hal_flash_ex.o
                0x08000b70                FLASH_PageErase
 .text.FLASH_FlushCaches
                0x08000b98       0x60 ./Drivers/STM32L4xx_HAL_Driver/Src/stm32l4xx_hal_flash_ex.o
                0x08000b98                FLASH_FlushCaches
 .text.HAL_FLASHEx_Erase
                0x08000bf8       0xd8 ./Drivers/STM32L4xx_HAL_Driver/Src/stm32l4xx_hal_flash_ex.o
                0x08000bf8                HAL_FLASHEx_Erase
 .text.HAL_GPIO_Init
                0x08000cd0      0x188 ./Drivers/STM32L4xx_HAL_Driver/Src/stm32l4xx_hal_gpio.o
                0x08000cd0                HAL_GPIO_Init
 .text.HAL_GPIO_DeInit
                0x08000e58       0xf4 ./Drivers/STM32L4xx_HAL_Driver/Src/stm32l4xx_hal_gpio.o
                0x08000e58                HAL_GPIO_DeInit
 .text.HAL_GPIO_WritePin
                0x08000f4c        0xa ./Drivers/STM32L4xx_HAL_Driver/Src/stm32l4xx_hal_gpio.o
                0x08000f4c                HAL_GPIO_WritePin
 *fill*         0x08000f56        0x2 
 .text.HAL_PWREx_GetVoltageRange
                0x08000f58       0x10 ./Drivers/STM32L4xx_HAL_Driver/Src/stm32l4xx_hal_pwr_ex.o
                0x08000f58                HAL_PWREx_GetVoltageRange
 .text.HAL_PWREx_ControlVoltageScaling
                0x08000f68       0x6c ./Drivers/STM32L4xx_HAL_Driver/Src/stm32l4xx_hal_pwr_ex.o
                0x08000f68                HAL_PWREx_ControlVoltageScaling
 .text.RCC_SetFlashLatencyFromMSIRange
                0x08000fd4       0x84 ./Drivers/STM32L4xx_HAL_Driver/Src/stm32l4xx_hal_rcc.o
 .text.HAL_RCC_GetSysClockFreq
                0x08001058       0x94 ./Drivers/STM32L4xx_HAL_Driver/Src/stm32l4xx_hal_rcc.o
                0x08001058                HAL_RCC_GetSysClockFreq
 .text.HAL_RCC_OscConfig
                0x080010ec      0x544 ./Drivers/STM32L4xx_HAL_Driver/Src/stm32l4xx_hal_rcc.o
                0x080010ec                HAL_RCC_OscConfig
 .text.HAL_RCC_ClockConfig
                0x08001630      0x154 ./Drivers/STM32L4xx_HAL_Driver/Src/stm32l4xx_hal_rcc.o
                0x08001630                HAL_RCC_ClockConfig
 .text.HAL_RCC_GetPCLK1Freq
                0x08001784       0x24 ./Drivers/STM32L4xx_HAL_Driver/Src/stm32l4xx_hal_rcc.o
                0x08001784                HAL_RCC_GetPCLK1Freq
 .text.HAL_RCC_GetPCLK2Freq
                0x080017a8       0x24 ./Drivers/STM32L4xx_HAL_Driver/Src/stm32l4xx_hal_rcc.o
                0x080017a8                HAL_RCC_GetPCLK2Freq
 .text.RCCEx_PLLSAI1_Config
                0x080017cc      0x10c ./Drivers/STM32L4xx_HAL_Driver/Src/stm32l4xx_hal_rcc_ex.o
 .text.HAL_RCCEx_PeriphCLKConfig
                0x080018d8      0x2b4 ./Drivers/STM32L4xx_HAL_Driver/Src/stm32l4xx_hal_rcc_ex.o
                0x080018d8                HAL_RCCEx_PeriphCLKConfig
 .text.HAL_RCCEx_GetPeriphCLKFreq
                0x08001b8c      0x384 ./Drivers/STM32L4xx_HAL_Driver/Src/stm32l4xx_hal_rcc_ex.o
                0x08001b8c                HAL_RCCEx_GetPeriphCLKFreq
 .text.SD_FindSCR.constprop.0
                0x08001f10       0xcc ./Drivers/STM32L4xx_HAL_Driver/Src/stm32l4xx_hal_sd.o
 .text.HAL_SD_DeInit
                0x08001fdc       0x26 ./Drivers/STM32L4xx_HAL_Driver/Src/stm32l4xx_hal_sd.o
                0x08001fdc                HAL_SD_DeInit
 *fill*         0x08002002        0x2 
 .text.HAL_SD_ReadBlocks
                0x08002004      0x1f4 ./Drivers/STM32L4xx_HAL_Driver/Src/stm32l4xx_hal_sd.o
                0x08002004                HAL_SD_ReadBlocks
 .text.HAL_SD_WriteBlocks
                0x080021f8      0x18c ./Drivers/STM32L4xx_HAL_Driver/Src/stm32l4xx_hal_sd.o
                0x080021f8                HAL_SD_WriteBlocks
 .text.HAL_SD_GetCardCSD
                0x08002384      0x168 ./Drivers/STM32L4xx_HAL_Driver/Src/stm32l4xx_hal_sd.o
                0x08002384                HAL_SD_GetCardCSD
 .text.HAL_SD_InitCard
                0x080024ec      0x224 ./Drivers/STM32L4xx_HAL_Driver/Src/stm32l4xx_hal_sd.o
                0x080024ec                HAL_SD_InitCard
 .text.HAL_SD_GetCardInfo
                0x08002710       0x24 ./Drivers/STM32L4xx_HAL_Driver/Src/stm32l4xx_hal_sd.o
                0x08002710                HAL_SD_GetCardInfo
 .text.HAL_SD_ConfigWideBusOperation
                0x08002734      0x144 ./Drivers/STM32L4xx_HAL_Driver/Src/stm32l4xx_hal_sd.o
                0x08002734                HAL_SD_ConfigWideBusOperation
 .text.HAL_SD_Init
                0x08002878       0x4e ./Drivers/STM32L4xx_HAL_Driver/Src/stm32l4xx_hal_sd.o
                0x08002878                HAL_SD_Init
 .text.HAL_SD_GetCardState
                0x080028c6       0x28 ./Drivers/STM32L4xx_HAL_Driver/Src/stm32l4xx_hal_sd.o
                0x080028c6                HAL_SD_GetCardState
 .text.SDMMC_Init
                0x080028ee       0x36 ./Drivers/STM32L4xx_HAL_Driver/Src/stm32l4xx_ll_sdmmc.o
                0x080028ee                SDMMC_Init
 .text.SDMMC_ReadFIFO
                0x08002924        0x6 ./Drivers/STM32L4xx_HAL_Driver/Src/stm32l4xx_ll_sdmmc.o
                0x08002924                SDMMC_ReadFIFO
 .text.SDMMC_WriteFIFO
                0x0800292a        0xa ./Drivers/STM32L4xx_HAL_Driver/Src/stm32l4xx_ll_sdmmc.o
                0x0800292a                SDMMC_WriteFIFO
 .text.SDMMC_PowerState_ON
                0x08002934       0x10 ./Drivers/STM32L4xx_HAL_Driver/Src/stm32l4xx_ll_sdmmc.o
                0x08002934                SDMMC_PowerState_ON
 .text.SDMMC_PowerState_OFF
                0x08002944        0x8 ./Drivers/STM32L4xx_HAL_Driver/Src/stm32l4xx_ll_sdmmc.o
                0x08002944                SDMMC_PowerState_OFF
 .text.SDMMC_GetPowerState
                0x0800294c        0x8 ./Drivers/STM32L4xx_HAL_Driver/Src/stm32l4xx_ll_sdmmc.o
                0x0800294c                SDMMC_GetPowerState
 .text.SDMMC_SendCommand
                0x08002954       0x22 ./Drivers/STM32L4xx_HAL_Driver/Src/stm32l4xx_ll_sdmmc.o
                0x08002954                SDMMC_SendCommand
 .text.SDMMC_GetResponse
                0x08002976        0x6 ./Drivers/STM32L4xx_HAL_Driver/Src/stm32l4xx_ll_sdmmc.o
                0x08002976                SDMMC_GetResponse
 .text.SDMMC_ConfigData
                0x0800297c       0x26 ./Drivers/STM32L4xx_HAL_Driver/Src/stm32l4xx_ll_sdmmc.o
                0x0800297c                SDMMC_ConfigData
 *fill*         0x080029a2        0x2 
 .text.SDMMC_CmdGoIdleState
                0x080029a4       0x50 ./Drivers/STM32L4xx_HAL_Driver/Src/stm32l4xx_ll_sdmmc.o
                0x080029a4                SDMMC_CmdGoIdleState
 .text.SDMMC_GetCmdResp1
                0x080029f4      0x11c ./Drivers/STM32L4xx_HAL_Driver/Src/stm32l4xx_ll_sdmmc.o
                0x080029f4                SDMMC_GetCmdResp1
 .text.SDMMC_CmdBlockLength
                0x08002b10       0x32 ./Drivers/STM32L4xx_HAL_Driver/Src/stm32l4xx_ll_sdmmc.o
                0x08002b10                SDMMC_CmdBlockLength
 .text.SDMMC_CmdReadSingleBlock
                0x08002b42       0x32 ./Drivers/STM32L4xx_HAL_Driver/Src/stm32l4xx_ll_sdmmc.o
                0x08002b42                SDMMC_CmdReadSingleBlock
 .text.SDMMC_CmdReadMultiBlock
                0x08002b74       0x32 ./Drivers/STM32L4xx_HAL_Driver/Src/stm32l4xx_ll_sdmmc.o
                0x08002b74                SDMMC_CmdReadMultiBlock
 .text.SDMMC_CmdWriteSingleBlock
                0x08002ba6       0x32 ./Drivers/STM32L4xx_HAL_Driver/Src/stm32l4xx_ll_sdmmc.o
                0x08002ba6                SDMMC_CmdWriteSingleBlock
 .text.SDMMC_CmdWriteMultiBlock
                0x08002bd8       0x32 ./Drivers/STM32L4xx_HAL_Driver/Src/stm32l4xx_ll_sdmmc.o
                0x08002bd8                SDMMC_CmdWriteMultiBlock
 *fill*         0x08002c0a        0x2 
 .text.SDMMC_CmdStopTransfer
                0x08002c0c       0x34 ./Drivers/STM32L4xx_HAL_Driver/Src/stm32l4xx_ll_sdmmc.o
                0x08002c0c                SDMMC_CmdStopTransfer
 .text.SDMMC_CmdSelDesel
                0x08002c40       0x32 ./Drivers/STM32L4xx_HAL_Driver/Src/stm32l4xx_ll_sdmmc.o
                0x08002c40                SDMMC_CmdSelDesel
 .text.SDMMC_CmdAppCommand
                0x08002c72       0x32 ./Drivers/STM32L4xx_HAL_Driver/Src/stm32l4xx_ll_sdmmc.o
                0x08002c72                SDMMC_CmdAppCommand
 .text.SDMMC_CmdBusWidth
                0x08002ca4       0x32 ./Drivers/STM32L4xx_HAL_Driver/Src/stm32l4xx_ll_sdmmc.o
                0x08002ca4                SDMMC_CmdBusWidth
 .text.SDMMC_CmdSendSCR
                0x08002cd6       0x32 ./Drivers/STM32L4xx_HAL_Driver/Src/stm32l4xx_ll_sdmmc.o
                0x08002cd6                SDMMC_CmdSendSCR
 .text.SDMMC_CmdSendStatus
                0x08002d08       0x32 ./Drivers/STM32L4xx_HAL_Driver/Src/stm32l4xx_ll_sdmmc.o
                0x08002d08                SDMMC_CmdSendStatus
 *fill*         0x08002d3a        0x2 
 .text.SDMMC_GetCmdResp2
                0x08002d3c       0x4c ./Drivers/STM32L4xx_HAL_Driver/Src/stm32l4xx_ll_sdmmc.o
                0x08002d3c                SDMMC_GetCmdResp2
 .text.SDMMC_CmdSendCID
                0x08002d88       0x2c ./Drivers/STM32L4xx_HAL_Driver/Src/stm32l4xx_ll_sdmmc.o
                0x08002d88                SDMMC_CmdSendCID
 .text.SDMMC_CmdSendCSD
                0x08002db4       0x2c ./Drivers/STM32L4xx_HAL_Driver/Src/stm32l4xx_ll_sdmmc.o
                0x08002db4                SDMMC_CmdSendCSD
 .text.SDMMC_GetCmdResp3
                0x08002de0       0x44 ./Drivers/STM32L4xx_HAL_Driver/Src/stm32l4xx_ll_sdmmc.o
                0x08002de0                SDMMC_GetCmdResp3
 .text.SDMMC_CmdAppOperCommand
                0x08002e24       0x34 ./Drivers/STM32L4xx_HAL_Driver/Src/stm32l4xx_ll_sdmmc.o
                0x08002e24                SDMMC_CmdAppOperCommand
 .text.SDMMC_GetCmdResp6
                0x08002e58       0x80 ./Drivers/STM32L4xx_HAL_Driver/Src/stm32l4xx_ll_sdmmc.o
                0x08002e58                SDMMC_GetCmdResp6
 .text.SDMMC_CmdSetRelAdd
                0x08002ed8       0x32 ./Drivers/STM32L4xx_HAL_Driver/Src/stm32l4xx_ll_sdmmc.o
                0x08002ed8                SDMMC_CmdSetRelAdd
 *fill*         0x08002f0a        0x2 
 .text.SDMMC_GetCmdResp7
                0x08002f0c       0x54 ./Drivers/STM32L4xx_HAL_Driver/Src/stm32l4xx_ll_sdmmc.o
                0x08002f0c                SDMMC_GetCmdResp7
 .text.SDMMC_CmdOperCond
                0x08002f60       0x30 ./Drivers/STM32L4xx_HAL_Driver/Src/stm32l4xx_ll_sdmmc.o
                0x08002f60                SDMMC_CmdOperCond
 .text.MX_FATFS_Init
                0x08002f90       0x1c ./FATFS/App/fatfs.o
                0x08002f90                MX_FATFS_Init
 .text.BSP_SD_ReadBlocks
                0x08002fac       0x20 ./FATFS/Target/bsp_driver_sd.o
                0x08002fac                BSP_SD_ReadBlocks
 .text.BSP_SD_WriteBlocks
                0x08002fcc       0x20 ./FATFS/Target/bsp_driver_sd.o
                0x08002fcc                BSP_SD_WriteBlocks
 .text.BSP_SD_GetCardState
                0x08002fec       0x14 ./FATFS/Target/bsp_driver_sd.o
                0x08002fec                BSP_SD_GetCardState
 .text.BSP_SD_GetCardInfo
                0x08003000        0xc ./FATFS/Target/bsp_driver_sd.o
                0x08003000                BSP_SD_GetCardInfo
 .text.BSP_SD_IsDetected
                0x0800300c       0x10 ./FATFS/Target/bsp_driver_sd.o
                0x0800300c                BSP_SD_IsDetected
 .text.BSP_SD_Init
                0x0800301c       0x1c ./FATFS/Target/bsp_driver_sd.o
                0x0800301c                BSP_SD_Init
 .text.SD_ioctl
                0x08003038       0x50 ./FATFS/Target/sd_diskio.o
                0x08003038                SD_ioctl
 .text.SD_write
                0x08003088       0x20 ./FATFS/Target/sd_diskio.o
                0x08003088                SD_write
 .text.SD_status
                0x080030a8       0x20 ./FATFS/Target/sd_diskio.o
                0x080030a8                SD_status
 .text.SD_read  0x080030c8       0x20 ./FATFS/Target/sd_diskio.o
                0x080030c8                SD_read
 .text.SD_initialize
                0x080030e8       0x2c ./FATFS/Target/sd_diskio.o
                0x080030e8                SD_initialize
 .text.disk_status
                0x08003114       0x14 ./Middlewares/Third_Party/FatFs/src/diskio.o
                0x08003114                disk_status
 .text.disk_initialize
                0x08003128       0x20 ./Middlewares/Third_Party/FatFs/src/diskio.o
                0x08003128                disk_initialize
 .text.disk_read
                0x08003148       0x1c ./Middlewares/Third_Party/FatFs/src/diskio.o
                0x08003148                disk_read
 .text.ld_dword
                0x08003164        0x4 ./Middlewares/Third_Party/FatFs/src/ff.o
 .text.get_ldnumber
                0x08003168       0x30 ./Middlewares/Third_Party/FatFs/src/ff.o
 .text.validate
                0x08003198       0x34 ./Middlewares/Third_Party/FatFs/src/ff.o
 .text.move_window
                0x080031cc       0x2a ./Middlewares/Third_Party/FatFs/src/ff.o
 *fill*         0x080031f6        0x2 
 .text.check_fs
                0x080031f8       0x78 ./Middlewares/Third_Party/FatFs/src/ff.o
 .text.find_volume.isra.0
                0x08003270      0x1ac ./Middlewares/Third_Party/FatFs/src/ff.o
 .text.get_fat.isra.0
                0x0800341c       0xac ./Middlewares/Third_Party/FatFs/src/ff.o
 .text.dir_sdi.constprop.0
                0x080034c8       0x7c ./Middlewares/Third_Party/FatFs/src/ff.o
 .text.f_mount  0x08003544       0x48 ./Middlewares/Third_Party/FatFs/src/ff.o
                0x08003544                f_mount
 .text.f_open   0x0800358c      0x270 ./Middlewares/Third_Party/FatFs/src/ff.o
                0x0800358c                f_open
 .text.f_read   0x080037fc      0x120 ./Middlewares/Third_Party/FatFs/src/ff.o
                0x080037fc                f_read
 .text.f_close  0x0800391c       0x12 ./Middlewares/Third_Party/FatFs/src/ff.o
                0x0800391c                f_close
 *fill*         0x0800392e        0x2 
 .text.FATFS_LinkDriverEx
                0x08003930       0x40 ./Middlewares/Third_Party/FatFs/src/ff_gen_drv.o
                0x08003930                FATFS_LinkDriverEx
 .text.FATFS_LinkDriver
                0x08003970        0x6 ./Middlewares/Third_Party/FatFs/src/ff_gen_drv.o
                0x08003970                FATFS_LinkDriver
 *fill*         0x08003976        0x2 
 .text.std      0x08003978       0x6c /Applications/STM32CubeIDE.app/Contents/Eclipse/plugins/com.st.stm32cube.ide.mcu.externaltools.gnu-tools-for-stm32.14.3.rel1.macosaarch64_1.0.0.202602081740/tools/bin/../lib/gcc/arm-none-eabi/14.3.1/../../../../arm-none-eabi/lib/thumb/v7e-m+fp/hard/libc_nano.a(libc_a-findfp.o)
 .text.stdio_exit_handler
                0x080039e4       0x18 /Applications/STM32CubeIDE.app/Contents/Eclipse/plugins/com.st.stm32cube.ide.mcu.externaltools.gnu-tools-for-stm32.14.3.rel1.macosaarch64_1.0.0.202602081740/tools/bin/../lib/gcc/arm-none-eabi/14.3.1/../../../../arm-none-eabi/lib/thumb/v7e-m+fp/hard/libc_nano.a(libc_a-findfp.o)
 .text.cleanup_stdio
                0x080039fc       0x40 /Applications/STM32CubeIDE.app/Contents/Eclipse/plugins/com.st.stm32cube.ide.mcu.externaltools.gnu-tools-for-stm32.14.3.rel1.macosaarch64_1.0.0.202602081740/tools/bin/../lib/gcc/arm-none-eabi/14.3.1/../../../../arm-none-eabi/lib/thumb/v7e-m+fp/hard/libc_nano.a(libc_a-findfp.o)
 .text.global_stdio_init.part.0
                0x08003a3c       0x40 /Applications/STM32CubeIDE.app/Contents/Eclipse/plugins/com.st.stm32cube.ide.mcu.externaltools.gnu-tools-for-stm32.14.3.rel1.macosaarch64_1.0.0.202602081740/tools/bin/../lib/gcc/arm-none-eabi/14.3.1/../../../../arm-none-eabi/lib/thumb/v7e-m+fp/hard/libc_nano.a(libc_a-findfp.o)
 .text.__sfp_lock_acquire
                0x08003a7c        0xc /Applications/STM32CubeIDE.app/Contents/Eclipse/plugins/com.st.stm32cube.ide.mcu.externaltools.gnu-tools-for-stm32.14.3.rel1.macosaarch64_1.0.0.202602081740/tools/bin/../lib/gcc/arm-none-eabi/14.3.1/../../../../arm-none-eabi/lib/thumb/v7e-m+fp/hard/libc_nano.a(libc_a-findfp.o)
                0x08003a7c                __sfp_lock_acquire
 .text.__sfp_lock_release
                0x08003a88        0xc /Applications/STM32CubeIDE.app/Contents/Eclipse/plugins/com.st.stm32cube.ide.mcu.externaltools.gnu-tools-for-stm32.14.3.rel1.macosaarch64_1.0.0.202602081740/tools/bin/../lib/gcc/arm-none-eabi/14.3.1/../../../../arm-none-eabi/lib/thumb/v7e-m+fp/hard/libc_nano.a(libc_a-findfp.o)
                0x08003a88                __sfp_lock_release
 .text.__sinit  0x08003a94       0x30 /Applications/STM32CubeIDE.app/Contents/Eclipse/plugins/com.st.stm32cube.ide.mcu.externaltools.gnu-tools-for-stm32.14.3.rel1.macosaarch64_1.0.0.202602081740/tools/bin/../lib/gcc/arm-none-eabi/14.3.1/../../../../arm-none-eabi/lib/thumb/v7e-m+fp/hard/libc_nano.a(libc_a-findfp.o)
                0x08003a94                __sinit
 .text._fwalk_sglue
                0x08003ac4       0x3c /Applications/STM32CubeIDE.app/Contents/Eclipse/plugins/com.st.stm32cube.ide.mcu.externaltools.gnu-tools-for-stm32.14.3.rel1.macosaarch64_1.0.0.202602081740/tools/bin/../lib/gcc/arm-none-eabi/14.3.1/../../../../arm-none-eabi/lib/thumb/v7e-m+fp/hard/libc_nano.a(libc_a-fwalk.o)
                0x08003ac4                _fwalk_sglue
 .text.printf   0x08003b00       0x24 /Applications/STM32CubeIDE.app/Contents/Eclipse/plugins/com.st.stm32cube.ide.mcu.externaltools.gnu-tools-for-stm32.14.3.rel1.macosaarch64_1.0.0.202602081740/tools/bin/../lib/gcc/arm-none-eabi/14.3.1/../../../../arm-none-eabi/lib/thumb/v7e-m+fp/hard/libc_nano.a(libc_a-printf.o)
                0x08003b00                printf
                0x08003b00                iprintf
 .text._puts_r  0x08003b24       0xaa /Applications/STM32CubeIDE.app/Contents/Eclipse/plugins/com.st.stm32cube.ide.mcu.externaltools.gnu-tools-for-stm32.14.3.rel1.macosaarch64_1.0.0.202602081740/tools/bin/../lib/gcc/arm-none-eabi/14.3.1/../../../../arm-none-eabi/lib/thumb/v7e-m+fp/hard/libc_nano.a(libc_a-puts.o)
                0x08003b24                _puts_r
 *fill*         0x08003bce        0x2 
 .text.puts     0x08003bd0       0x10 /Applications/STM32CubeIDE.app/Contents/Eclipse/plugins/com.st.stm32cube.ide.mcu.externaltools.gnu-tools-for-stm32.14.3.rel1.macosaarch64_1.0.0.202602081740/tools/bin/../lib/gcc/arm-none-eabi/14.3.1/../../../../arm-none-eabi/lib/thumb/v7e-m+fp/hard/libc_nano.a(libc_a-puts.o)
                0x08003bd0                puts
 .text.memset   0x08003be0       0x10 /Applications/STM32CubeIDE.app/Contents/Eclipse/plugins/com.st.stm32cube.ide.mcu.externaltools.gnu-tools-for-stm32.14.3.rel1.macosaarch64_1.0.0.202602081740/tools/bin/../lib/gcc/arm-none-eabi/14.3.1/../../../../arm-none-eabi/lib/thumb/v7e-m+fp/hard/libc_nano.a(libc_a-memset.o)
                0x08003be0                memset
 .text.__errno  0x08003bf0        0xc /Applications/STM32CubeIDE.app/Contents/Eclipse/plugins/com.st.stm32cube.ide.mcu.externaltools.gnu-tools-for-stm32.14.3.rel1.macosaarch64_1.0.0.202602081740/tools/bin/../lib/gcc/arm-none-eabi/14.3.1/../../../../arm-none-eabi/lib/thumb/v7e-m+fp/hard/libc_nano.a(libc_a-errno.o)
                0x08003bf0                __errno
 .text.__libc_init_array
                0x08003bfc       0x48 /Applications/STM32CubeIDE.app/Contents/Eclipse/plugins/com.st.stm32cube.ide.mcu.externaltools.gnu-tools-for-stm32.14.3.rel1.macosaarch64_1.0.0.202602081740/tools/bin/../lib/gcc/arm-none-eabi/14.3.1/../../../../arm-none-eabi/lib/thumb/v7e-m+fp/hard/libc_nano.a(libc_a-init.o)
                0x08003bfc                __libc_init_array
 .text.__retarget_lock_init_recursive
                0x08003c44        0x2 /Applications/STM32CubeIDE.app/Contents/Eclipse/plugins/com.st.stm32cube.ide.mcu.externaltools.gnu-tools-for-stm32.14.3.rel1.macosaarch64_1.0.0.202602081740/tools/bin/../lib/gcc/arm-none-eabi/14.3.1/../../../../arm-none-eabi/lib/thumb/v7e-m+fp/hard/libc_nano.a(libc_a-lock.o)
                0x08003c44                __retarget_lock_init_recursive
 .text.__retarget_lock_acquire_recursive
                0x08003c46        0x2 /Applications/STM32CubeIDE.app/Contents/Eclipse/plugins/com.st.stm32cube.ide.mcu.externaltools.gnu-tools-for-stm32.14.3.rel1.macosaarch64_1.0.0.202602081740/tools/bin/../lib/gcc/arm-none-eabi/14.3.1/../../../../arm-none-eabi/lib/thumb/v7e-m+fp/hard/libc_nano.a(libc_a-lock.o)
                0x08003c46                __retarget_lock_acquire_recursive
 .text.__retarget_lock_release_recursive
                0x08003c48        0x2 /Applications/STM32CubeIDE.app/Contents/Eclipse/plugins/com.st.stm32cube.ide.mcu.externaltools.gnu-tools-for-stm32.14.3.rel1.macosaarch64_1.0.0.202602081740/tools/bin/../lib/gcc/arm-none-eabi/14.3.1/../../../../arm-none-eabi/lib/thumb/v7e-m+fp/hard/libc_nano.a(libc_a-lock.o)
                0x08003c48                __retarget_lock_release_recursive
 .text.__sfputc_r
                0x08003c4a       0x2e /Applications/STM32CubeIDE.app/Contents/Eclipse/plugins/com.st.stm32cube.ide.mcu.externaltools.gnu-tools-for-stm32.14.3.rel1.macosaarch64_1.0.0.202602081740/tools/bin/../lib/gcc/arm-none-eabi/14.3.1/../../../../arm-none-eabi/lib/thumb/v7e-m+fp/hard/libc_nano.a(libc_a-nano-vfprintf.o)
 .text.__sfputs_r
                0x08003c78       0x24 /Applications/STM32CubeIDE.app/Contents/Eclipse/plugins/com.st.stm32cube.ide.mcu.externaltools.gnu-tools-for-stm32.14.3.rel1.macosaarch64_1.0.0.202602081740/tools/bin/../lib/gcc/arm-none-eabi/14.3.1/../../../../arm-none-eabi/lib/thumb/v7e-m+fp/hard/libc_nano.a(libc_a-nano-vfprintf.o)
                0x08003c78                __sfputs_r
 .text._vfprintf_r
                0x08003c9c      0x228 /Applications/STM32CubeIDE.app/Contents/Eclipse/plugins/com.st.stm32cube.ide.mcu.externaltools.gnu-tools-for-stm32.14.3.rel1.macosaarch64_1.0.0.202602081740/tools/bin/../lib/gcc/arm-none-eabi/14.3.1/../../../../arm-none-eabi/lib/thumb/v7e-m+fp/hard/libc_nano.a(libc_a-nano-vfprintf.o)
                0x08003c9c                _vfiprintf_r
                0x08003c9c                _vfprintf_r
 .text.sbrk_aligned
                0x08003ec4       0x44 /Applications/STM32CubeIDE.app/Contents/Eclipse/plugins/com.st.stm32cube.ide.mcu.externaltools.gnu-tools-for-stm32.14.3.rel1.macosaarch64_1.0.0.202602081740/tools/bin/../lib/gcc/arm-none-eabi/14.3.1/../../../../arm-none-eabi/lib/thumb/v7e-m+fp/hard/libc_nano.a(libc_a-mallocr.o)
 .text._malloc_r
                0x08003f08      0x100 /Applications/STM32CubeIDE.app/Contents/Eclipse/plugins/com.st.stm32cube.ide.mcu.externaltools.gnu-tools-for-stm32.14.3.rel1.macosaarch64_1.0.0.202602081740/tools/bin/../lib/gcc/arm-none-eabi/14.3.1/../../../../arm-none-eabi/lib/thumb/v7e-m+fp/hard/libc_nano.a(libc_a-mallocr.o)
                0x08003f08                _malloc_r
 .text._printf_common
                0x08004008       0xda /Applications/STM32CubeIDE.app/Contents/Eclipse/plugins/com.st.stm32cube.ide.mcu.externaltools.gnu-tools-for-stm32.14.3.rel1.macosaarch64_1.0.0.202602081740/tools/bin/../lib/gcc/arm-none-eabi/14.3.1/../../../../arm-none-eabi/lib/thumb/v7e-m+fp/hard/libc_nano.a(libc_a-nano-vfprintf_i.o)
                0x08004008                _printf_common
 *fill*         0x080040e2        0x2 
 .text._printf_i
                0x080040e4      0x24c /Applications/STM32CubeIDE.app/Contents/Eclipse/plugins/com.st.stm32cube.ide.mcu.externaltools.gnu-tools-for-stm32.14.3.rel1.macosaarch64_1.0.0.202602081740/tools/bin/../lib/gcc/arm-none-eabi/14.3.1/../../../../arm-none-eabi/lib/thumb/v7e-m+fp/hard/libc_nano.a(libc_a-nano-vfprintf_i.o)
                0x080040e4                _printf_i
 .text.__sflush_r
                0x08004330      0x104 /Applications/STM32CubeIDE.app/Contents/Eclipse/plugins/com.st.stm32cube.ide.mcu.externaltools.gnu-tools-for-stm32.14.3.rel1.macosaarch64_1.0.0.202602081740/tools/bin/../lib/gcc/arm-none-eabi/14.3.1/../../../../arm-none-eabi/lib/thumb/v7e-m+fp/hard/libc_nano.a(libc_a-fflush.o)
                0x08004330                __sflush_r
 .text._fflush_r
                0x08004434       0x50 /Applications/STM32CubeIDE.app/Contents/Eclipse/plugins/com.st.stm32cube.ide.mcu.externaltools.gnu-tools-for-stm32.14.3.rel1.macosaarch64_1.0.0.202602081740/tools/bin/../lib/gcc/arm-none-eabi/14.3.1/../../../../arm-none-eabi/lib/thumb/v7e-m+fp/hard/libc_nano.a(libc_a-fflush.o)
                0x08004434                _fflush_r
 .text.__malloc_lock
                0x08004484        0xc /Applications/STM32CubeIDE.app/Contents/Eclipse/plugins/com.st.stm32cube.ide.mcu.externaltools.gnu-tools-for-stm32.14.3.rel1.macosaarch64_1.0.0.202602081740/tools/bin/../lib/gcc/arm-none-eabi/14.3.1/../../../../arm-none-eabi/lib/thumb/v7e-m+fp/hard/libc_nano.a(libc_a-mlock.o)
                0x08004484                __malloc_lock
 .text.__malloc_unlock
                0x08004490        0xc /Applications/STM32CubeIDE.app/Contents/Eclipse/plugins/com.st.stm32cube.ide.mcu.externaltools.gnu-tools-for-stm32.14.3.rel1.macosaarch64_1.0.0.202602081740/tools/bin/../lib/gcc/arm-none-eabi/14.3.1/../../../../arm-none-eabi/lib/thumb/v7e-m+fp/hard/libc_nano.a(libc_a-mlock.o)
                0x08004490                __malloc_unlock
 .text.__sread  0x0800449c       0x22 /Applications/STM32CubeIDE.app/Contents/Eclipse/plugins/com.st.stm32cube.ide.mcu.externaltools.gnu-tools-for-stm32.14.3.rel1.macosaarch64_1.0.0.202602081740/tools/bin/../lib/gcc/arm-none-eabi/14.3.1/../../../../arm-none-eabi/lib/thumb/v7e-m+fp/hard/libc_nano.a(libc_a-stdio.o)
                0x0800449c                __sread
 .text.__swrite
                0x080044be       0x38 /Applications/STM32CubeIDE.app/Contents/Eclipse/plugins/com.st.stm32cube.ide.mcu.externaltools.gnu-tools-for-stm32.14.3.rel1.macosaarch64_1.0.0.202602081740/tools/bin/../lib/gcc/arm-none-eabi/14.3.1/../../../../arm-none-eabi/lib/thumb/v7e-m+fp/hard/libc_nano.a(libc_a-stdio.o)
                0x080044be                __swrite
 .text.__sseek  0x080044f6       0x26 /Applications/STM32CubeIDE.app/Contents/Eclipse/plugins/com.st.stm32cube.ide.mcu.externaltools.gnu-tools-for-stm32.14.3.rel1.macosaarch64_1.0.0.202602081740/tools/bin/../lib/gcc/arm-none-eabi/14.3.1/../../../../arm-none-eabi/lib/thumb/v7e-m+fp/hard/libc_nano.a(libc_a-stdio.o)
                0x080044f6                __sseek
 .text.__sclose
                0x0800451c        0x8 /Applications/STM32CubeIDE.app/Contents/Eclipse/plugins/com.st.stm32cube.ide.mcu.externaltools.gnu-tools-for-stm32.14.3.rel1.macosaarch64_1.0.0.202602081740/tools/bin/../lib/gcc/arm-none-eabi/14.3.1/../../../../arm-none-eabi/lib/thumb/v7e-m+fp/hard/libc_nano.a(libc_a-stdio.o)
                0x0800451c                __sclose
 .text.__swbuf_r
                0x08004524       0x7c /Applications/STM32CubeIDE.app/Contents/Eclipse/plugins/com.st.stm32cube.ide.mcu.externaltools.gnu-tools-for-stm32.14.3.rel1.macosaarch64_1.0.0.202602081740/tools/bin/../lib/gcc/arm-none-eabi/14.3.1/../../../../arm-none-eabi/lib/thumb/v7e-m+fp/hard/libc_nano.a(libc_a-wbuf.o)
                0x08004524                __swbuf_r
 .text.__swsetup_r
                0x080045a0       0xa8 /Applications/STM32CubeIDE.app/Contents/Eclipse/plugins/com.st.stm32cube.ide.mcu.externaltools.gnu-tools-for-stm32.14.3.rel1.macosaarch64_1.0.0.202602081740/tools/bin/../lib/gcc/arm-none-eabi/14.3.1/../../../../arm-none-eabi/lib/thumb/v7e-m+fp/hard/libc_nano.a(libc_a-wsetup.o)
                0x080045a0                __swsetup_r
 .text.__swhatbuf_r
                0x08004648       0x48 /Applications/STM32CubeIDE.app/Contents/Eclipse/plugins/com.st.stm32cube.ide.mcu.externaltools.gnu-tools-for-stm32.14.3.rel1.macosaarch64_1.0.0.202602081740/tools/bin/../lib/gcc/arm-none-eabi/14.3.1/../../../../arm-none-eabi/lib/thumb/v7e-m+fp/hard/libc_nano.a(libc_a-makebuf.o)
                0x08004648                __swhatbuf_r
 .text.__smakebuf_r
                0x08004690       0x72 /Applications/STM32CubeIDE.app/Contents/Eclipse/plugins/com.st.stm32cube.ide.mcu.externaltools.gnu-tools-for-stm32.14.3.rel1.macosaarch64_1.0.0.202602081740/tools/bin/../lib/gcc/arm-none-eabi/14.3.1/../../../../arm-none-eabi/lib/thumb/v7e-m+fp/hard/libc_nano.a(libc_a-makebuf.o)
                0x08004690                __smakebuf_r
 *fill*         0x08004702        0x2 
 .text._isatty_r
                0x08004704       0x20 /Applications/STM32CubeIDE.app/Contents/Eclipse/plugins/com.st.stm32cube.ide.mcu.externaltools.gnu-tools-for-stm32.14.3.rel1.macosaarch64_1.0.0.202602081740/tools/bin/../lib/gcc/arm-none-eabi/14.3.1/../../../../arm-none-eabi/lib/thumb/v7e-m+fp/hard/libc_nano.a(libc_a-isattyr.o)
                0x08004704                _isatty_r
 .text._lseek_r
                0x08004724       0x24 /Applications/STM32CubeIDE.app/Contents/Eclipse/plugins/com.st.stm32cube.ide.mcu.externaltools.gnu-tools-for-stm32.14.3.rel1.macosaarch64_1.0.0.202602081740/tools/bin/../lib/gcc/arm-none-eabi/14.3.1/../../../../arm-none-eabi/lib/thumb/v7e-m+fp/hard/libc_nano.a(libc_a-lseekr.o)
                0x08004724                _lseek_r
 .text._read_r  0x08004748       0x24 /Applications/STM32CubeIDE.app/Contents/Eclipse/plugins/com.st.stm32cube.ide.mcu.externaltools.gnu-tools-for-stm32.14.3.rel1.macosaarch64_1.0.0.202602081740/tools/bin/../lib/gcc/arm-none-eabi/14.3.1/../../../../arm-none-eabi/lib/thumb/v7e-m+fp/hard/libc_nano.a(libc_a-readr.o)
                0x08004748                _read_r
 .text._sbrk_r  0x0800476c       0x20 /Applications/STM32CubeIDE.app/Contents/Eclipse/plugins/com.st.stm32cube.ide.mcu.externaltools.gnu-tools-for-stm32.14.3.rel1.macosaarch64_1.0.0.202602081740/tools/bin/../lib/gcc/arm-none-eabi/14.3.1/../../../../arm-none-eabi/lib/thumb/v7e-m+fp/hard/libc_nano.a(libc_a-sbrkr.o)
                0x0800476c                _sbrk_r
 .text._write_r
                0x0800478c       0x24 /Applications/STM32CubeIDE.app/Contents/Eclipse/plugins/com.st.stm32cube.ide.mcu.externaltools.gnu-tools-for-stm32.14.3.rel1.macosaarch64_1.0.0.202602081740/tools/bin/../lib/gcc/arm-none-eabi/14.3.1/../../../../arm-none-eabi/lib/thumb/v7e-m+fp/hard/libc_nano.a(libc_a-writer.o)
                0x0800478c                _write_r
 .text._close_r
                0x080047b0       0x20 /Applications/STM32CubeIDE.app/Contents/Eclipse/plugins/com.st.stm32cube.ide.mcu.externaltools.gnu-tools-for-stm32.14.3.rel1.macosaarch64_1.0.0.202602081740/tools/bin/../lib/gcc/arm-none-eabi/14.3.1/../../../../arm-none-eabi/lib/thumb/v7e-m+fp/hard/libc_nano.a(libc_a-closer.o)
                0x080047b0                _close_r
 .text._fstat_r
                0x080047d0       0x24 /Applications/STM32CubeIDE.app/Contents/Eclipse/plugins/com.st.stm32cube.ide.mcu.externaltools.gnu-tools-for-stm32.14.3.rel1.macosaarch64_1.0.0.202602081740/tools/bin/../lib/gcc/arm-none-eabi/14.3.1/../../../../arm-none-eabi/lib/thumb/v7e-m+fp/hard/libc_nano.a(libc_a-fstatr.o)
                0x080047d0                _fstat_r
 .text._free_r  0x080047f4       0x94 /Applications/STM32CubeIDE.app/Contents/Eclipse/plugins/com.st.stm32cube.ide.mcu.externaltools.gnu-tools-for-stm32.14.3.rel1.macosaarch64_1.0.0.202602081740/tools/bin/../lib/gcc/arm-none-eabi/14.3.1/../../../../arm-none-eabi/lib/thumb/v7e-m+fp/hard/libc_nano.a(libc_a-freer.o)
                0x080047f4                _free_r
 *(.glue_7)
 .glue_7        0x08004888        0x0 linker stubs
 *(.glue_7t)
 .glue_7t       0x08004888        0x0 linker stubs
 *(.eh_frame)
 .eh_frame      0x08004888        0x0 /Applications/STM32CubeIDE.app/Contents/Eclipse/plugins/com.st.stm32cube.ide.mcu.externaltools.gnu-tools-for-stm32.14.3.rel1.macosaarch64_1.0.0.202602081740/tools/bin/../lib/gcc/arm-none-eabi/14.3.1/thumb/v7e-m+fp/hard/crtbegin.o
 *(.init)
 .init          0x08004888        0x4 /Applications/STM32CubeIDE.app/Contents/Eclipse/plugins/com.st.stm32cube.ide.mcu.externaltools.gnu-tools-for-stm32.14.3.rel1.macosaarch64_1.0.0.202602081740/tools/bin/../lib/gcc/arm-none-eabi/14.3.1/thumb/v7e-m+fp/hard/crti.o
                0x08004888                _init
 .init          0x0800488c        0x8 /Applications/STM32CubeIDE.app/Contents/Eclipse/plugins/com.st.stm32cube.ide.mcu.externaltools.gnu-tools-for-stm32.14.3.rel1.macosaarch64_1.0.0.202602081740/tools/bin/../lib/gcc/arm-none-eabi/14.3.1/thumb/v7e-m+fp/hard/crtn.o
 *(.fini)
 .fini          0x08004894        0x4 /Applications/STM32CubeIDE.app/Contents/Eclipse/plugins/com.st.stm32cube.ide.mcu.externaltools.gnu-tools-for-stm32.14.3.rel1.macosaarch64_1.0.0.202602081740/tools/bin/../lib/gcc/arm-none-eabi/14.3.1/thumb/v7e-m+fp/hard/crti.o
                0x08004894                _fini
 .fini          0x08004898        0x8 /Applications/STM32CubeIDE.app/Contents/Eclipse/plugins/com.st.stm32cube.ide.mcu.externaltools.gnu-tools-for-stm32.14.3.rel1.macosaarch64_1.0.0.202602081740/tools/bin/../lib/gcc/arm-none-eabi/14.3.1/thumb/v7e-m+fp/hard/crtn.o
                0x080048a0                        . = ALIGN (0x4)
                0x080048a0                        _etext = .

.vfp11_veneer   0x080048a0        0x0
 .vfp11_veneer  0x080048a0        0x0 linker stubs

.v4_bx          0x080048a0        0x0
 .v4_bx         0x080048a0        0x0 linker stubs

.iplt           0x080048a0        0x0
 .iplt          0x080048a0        0x0 /Applications/STM32CubeIDE.app/Contents/Eclipse/plugins/com.st.stm32cube.ide.mcu.externaltools.gnu-tools-for-stm32.14.3.rel1.macosaarch64_1.0.0.202602081740/tools/bin/../lib/gcc/arm-none-eabi/14.3.1/thumb/v7e-m+fp/hard/crtbegin.o

.rodata         0x080048a0      0x1f8
                0x080048a0                        . = ALIGN (0x4)
 *(.rodata)
 .rodata        0x080048a0       0x10 ./Core/Src/bootloader.o
 *(.rodata*)
 .rodata.calculateFileCRC.str1.1
                0x080048b0      0x109 ./Core/Src/bootloader.o
                                 0x7a (size before relaxing)
 .rodata.bootloader_reflash.str1.1
                0x080049b9       0x23 ./Core/Src/bootloader.o
 .rodata.main.str1.1
                0x080049b9       0x2a ./Core/Src/main.o
 *fill*         0x080049b9        0x3 
 .rodata.MSIRangeTable
                0x080049bc       0x30 ./Core/Src/system_stm32l4xx.o
                0x080049bc                MSIRangeTable
 .rodata.APBPrescTable
                0x080049ec        0x8 ./Core/Src/system_stm32l4xx.o
                0x080049ec                APBPrescTable
 .rodata.AHBPrescTable
                0x080049f4       0x10 ./Core/Src/system_stm32l4xx.o
                0x080049f4                AHBPrescTable
 .rodata.SD_Driver
                0x08004a04       0x14 ./FATFS/Target/sd_diskio.o
                0x08004a04                SD_Driver
 .rodata.f_open.str1.1
                0x08004a18        0xf ./Middlewares/Third_Party/FatFs/src/ff.o
 .rodata.ExCvt  0x08004a18       0x80 ./Middlewares/Third_Party/FatFs/src/ff.o
 .rodata._vfprintf_r.str1.1
                0x08004a98       0x11 /Applications/STM32CubeIDE.app/Contents/Eclipse/plugins/com.st.stm32cube.ide.mcu.externaltools.gnu-tools-for-stm32.14.3.rel1.macosaarch64_1.0.0.202602081740/tools/bin/../lib/gcc/arm-none-eabi/14.3.1/../../../../arm-none-eabi/lib/thumb/v7e-m+fp/hard/libc_nano.a(libc_a-nano-vfprintf.o)
 .rodata._printf_i.str1.1
                0x08004a98       0x22 /Applications/STM32CubeIDE.app/Contents/Eclipse/plugins/com.st.stm32cube.ide.mcu.externaltools.gnu-tools-for-stm32.14.3.rel1.macosaarch64_1.0.0.202602081740/tools/bin/../lib/gcc/arm-none-eabi/14.3.1/../../../../arm-none-eabi/lib/thumb/v7e-m+fp/hard/libc_nano.a(libc_a-nano-vfprintf_i.o)
                0x08004abc                        . = ALIGN (0x4)

.ARM.extab      0x08004a98        0x0
                0x08004a98                        . = ALIGN (0x4)
 *(.ARM.extab* .gnu.linkonce.armextab.*)
                0x08004a98                        . = ALIGN (0x4)

.ARM            0x08004a98        0x8
                0x08004a98                        . = ALIGN (0x4)
                0x08004a98                        __exidx_start = .
 *(.ARM.exidx*)
 .ARM.exidx     0x08004a98        0x8 /Applications/STM32CubeIDE.app/Contents/Eclipse/plugins/com.st.stm32cube.ide.mcu.externaltools.gnu-tools-for-stm32.14.3.rel1.macosaarch64_1.0.0.202602081740/tools/bin/../lib/gcc/arm-none-eabi/14.3.1/../../../../arm-none-eabi/lib/thumb/v7e-m+fp/hard/libc_nano.a(libc_a-memchr.o)
                0x08004aa0                        __exidx_end = .
                0x08004aa0                        . = ALIGN (0x4)

.preinit_array  0x08004aa0        0x0
                0x08004aa0                        . = ALIGN (0x4)
                0x08004aa0                        PROVIDE (__preinit_array_start = .)
 *(.preinit_array*)
                0x08004aa0                        PROVIDE (__preinit_array_end = .)
                0x08004aa0                        . = ALIGN (0x4)

.init_array     0x08004aa0        0x4
                0x08004aa0                        . = ALIGN (0x4)
                0x08004aa0                        PROVIDE (__init_array_start = .)
 *(SORT_BY_NAME(.init_array.*))
 *(.init_array*)
 .init_array    0x08004aa0        0x4 /Applications/STM32CubeIDE.app/Contents/Eclipse/plugins/com.st.stm32cube.ide.mcu.externaltools.gnu-tools-for-stm32.14.3.rel1.macosaarch64_1.0.0.202602081740/tools/bin/../lib/gcc/arm-none-eabi/14.3.1/thumb/v7e-m+fp/hard/crtbegin.o
                0x08004aa4                        PROVIDE (__init_array_end = .)
                0x08004aa4                        . = ALIGN (0x4)

.fini_array     0x08004aa4        0x4
                0x08004aa4                        . = ALIGN (0x4)
                [!provide]                        PROVIDE (__fini_array_start = .)
 *(SORT_BY_NAME(.fini_array.*))
 *(.fini_array*)
 .fini_array    0x08004aa4        0x4 /Applications/STM32CubeIDE.app/Contents/Eclipse/plugins/com.st.stm32cube.ide.mcu.externaltools.gnu-tools-for-stm32.14.3.rel1.macosaarch64_1.0.0.202602081740/tools/bin/../lib/gcc/arm-none-eabi/14.3.1/thumb/v7e-m+fp/hard/crtbegin.o
                [!provide]                        PROVIDE (__fini_array_end = .)
                0x08004aa8                        . = ALIGN (0x4)
                0x08004aa8                        _sidata = LOADADDR (.data)

.rel.dyn        0x08004aa8        0x0
 .rel.iplt      0x08004aa8        0x0 /Applications/STM32CubeIDE.app/Contents/Eclipse/plugins/com.st.stm32cube.ide.mcu.externaltools.gnu-tools-for-stm32.14.3.rel1.macosaarch64_1.0.0.202602081740/tools/bin/../lib/gcc/arm-none-eabi/14.3.1/thumb/v7e-m+fp/hard/crtbegin.o

.data           0x20000000      0x28c load address 0x08004aa8
                0x20000000                        . = ALIGN (0x4)
                0x20000000                        _sdata = .
 *(.data)
 *(.data*)
 .data.data_buffer.0
                0x20000000      0x200 ./Core/Src/bootloader.o
 .data.SystemCoreClock
                0x20000200        0x4 ./Core/Src/system_stm32l4xx.o
                0x20000200                SystemCoreClock
 .data.uwTickFreq
                0x20000204        0x1 ./Drivers/STM32L4xx_HAL_Driver/Src/stm32l4xx_hal.o
                0x20000204                uwTickFreq
 *fill*         0x20000205        0x3 
 .data.uwTickPrio
                0x20000208        0x4 ./Drivers/STM32L4xx_HAL_Driver/Src/stm32l4xx_hal.o
                0x20000208                uwTickPrio
 .data.pFlash   0x2000020c       0x20 ./Drivers/STM32L4xx_HAL_Driver/Src/stm32l4xx_hal_flash.o
                0x2000020c                pFlash
 .data.Stat     0x2000022c        0x1 ./FATFS/Target/sd_diskio.o
 *fill*         0x2000022d        0x3 
 .data.__sglue  0x20000230        0xc /Applications/STM32CubeIDE.app/Contents/Eclipse/plugins/com.st.stm32cube.ide.mcu.externaltools.gnu-tools-for-stm32.14.3.rel1.macosaarch64_1.0.0.202602081740/tools/bin/../lib/gcc/arm-none-eabi/14.3.1/../../../../arm-none-eabi/lib/thumb/v7e-m+fp/hard/libc_nano.a(libc_a-findfp.o)
                0x20000230                __sglue
 .data._impure_ptr
                0x2000023c        0x4 /Applications/STM32CubeIDE.app/Contents/Eclipse/plugins/com.st.stm32cube.ide.mcu.externaltools.gnu-tools-for-stm32.14.3.rel1.macosaarch64_1.0.0.202602081740/tools/bin/../lib/gcc/arm-none-eabi/14.3.1/../../../../arm-none-eabi/lib/thumb/v7e-m+fp/hard/libc_nano.a(libc_a-impure.o)
                0x2000023c                _impure_ptr
 .data._impure_data
                0x20000240       0x4c /Applications/STM32CubeIDE.app/Contents/Eclipse/plugins/com.st.stm32cube.ide.mcu.externaltools.gnu-tools-for-stm32.14.3.rel1.macosaarch64_1.0.0.202602081740/tools/bin/../lib/gcc/arm-none-eabi/14.3.1/../../../../arm-none-eabi/lib/thumb/v7e-m+fp/hard/libc_nano.a(libc_a-impure.o)
                0x20000240                _impure_data
 *(.RamFunc)
 *(.RamFunc*)
                0x2000028c                        . = ALIGN (0x4)
                0x2000028c                        _edata = .

.igot.plt       0x2000028c        0x0 load address 0x08004d34
 .igot.plt      0x2000028c        0x0 /Applications/STM32CubeIDE.app/Contents/Eclipse/plugins/com.st.stm32cube.ide.mcu.externaltools.gnu-tools-for-stm32.14.3.rel1.macosaarch64_1.0.0.202602081740/tools/bin/../lib/gcc/arm-none-eabi/14.3.1/thumb/v7e-m+fp/hard/crtbegin.o
                0x2000028c                        . = ALIGN (0x4)

.bss            0x2000028c      0x638 load address 0x08004d34
                0x2000028c                        _sbss = .
                0x2000028c                        __bss_start__ = _sbss
 *(.bss)
 .bss           0x2000028c       0x1c /Applications/STM32CubeIDE.app/Contents/Eclipse/plugins/com.st.stm32cube.ide.mcu.externaltools.gnu-tools-for-stm32.14.3.rel1.macosaarch64_1.0.0.202602081740/tools/bin/../lib/gcc/arm-none-eabi/14.3.1/thumb/v7e-m+fp/hard/crtbegin.o
 *(.bss*)
 .bss.crc_buffer.1
                0x200002a8      0x200 ./Core/Src/bootloader.o
 .bss.FR_Status
                0x200004a8        0x1 ./Core/Src/bootloader.o
                0x200004a8                FR_Status
 *fill*         0x200004a9        0x3 
 .bss.FatFs     0x200004ac      0x228 ./Core/Src/bootloader.o
 .bss.hsd1      0x200006d4       0x84 ./Core/Src/main.o
                0x200006d4                hsd1
 .bss.__sbrk_heap_end
                0x20000758        0x4 ./Core/Src/sysmem.o
 .bss.uwTick    0x2000075c        0x4 ./Drivers/STM32L4xx_HAL_Driver/Src/stm32l4xx_hal.o
                0x2000075c                uwTick
 .bss.SDPath    0x20000760        0x4 ./FATFS/App/fatfs.o
                0x20000760                SDPath
 .bss.retSD     0x20000764        0x1 ./FATFS/App/fatfs.o
                0x20000764                retSD
 *fill*         0x20000765        0x1 
 .bss.Fsid      0x20000766        0x2 ./Middlewares/Third_Party/FatFs/src/ff.o
 .bss.FatFs     0x20000768        0x4 ./Middlewares/Third_Party/FatFs/src/ff.o
 .bss.disk      0x2000076c        0xc ./Middlewares/Third_Party/FatFs/src/ff_gen_drv.o
                0x2000076c                disk
 .bss.__sf      0x20000778      0x138 /Applications/STM32CubeIDE.app/Contents/Eclipse/plugins/com.st.stm32cube.ide.mcu.externaltools.gnu-tools-for-stm32.14.3.rel1.macosaarch64_1.0.0.202602081740/tools/bin/../lib/gcc/arm-none-eabi/14.3.1/../../../../arm-none-eabi/lib/thumb/v7e-m+fp/hard/libc_nano.a(libc_a-findfp.o)
                0x20000778                __sf
 .bss.__stdio_exit_handler
                0x200008b0        0x4 /Applications/STM32CubeIDE.app/Contents/Eclipse/plugins/com.st.stm32cube.ide.mcu.externaltools.gnu-tools-for-stm32.14.3.rel1.macosaarch64_1.0.0.202602081740/tools/bin/../lib/gcc/arm-none-eabi/14.3.1/../../../../arm-none-eabi/lib/thumb/v7e-m+fp/hard/libc_nano.a(libc_a-findfp.o)
                0x200008b0                __stdio_exit_handler
 .bss.__lock___malloc_recursive_mutex
                0x200008b4        0x1 /Applications/STM32CubeIDE.app/Contents/Eclipse/plugins/com.st.stm32cube.ide.mcu.externaltools.gnu-tools-for-stm32.14.3.rel1.macosaarch64_1.0.0.202602081740/tools/bin/../lib/gcc/arm-none-eabi/14.3.1/../../../../arm-none-eabi/lib/thumb/v7e-m+fp/hard/libc_nano.a(libc_a-lock.o)
                0x200008b4                __lock___malloc_recursive_mutex
 .bss.__lock___sfp_recursive_mutex
                0x200008b5        0x1 /Applications/STM32CubeIDE.app/Contents/Eclipse/plugins/com.st.stm32cube.ide.mcu.externaltools.gnu-tools-for-stm32.14.3.rel1.macosaarch64_1.0.0.202602081740/tools/bin/../lib/gcc/arm-none-eabi/14.3.1/../../../../arm-none-eabi/lib/thumb/v7e-m+fp/hard/libc_nano.a(libc_a-lock.o)
                0x200008b5                __lock___sfp_recursive_mutex
 *fill*         0x200008b6        0x2 
 .bss.__malloc_sbrk_start
                0x200008b8        0x4 /Applications/STM32CubeIDE.app/Contents/Eclipse/plugins/com.st.stm32cube.ide.mcu.externaltools.gnu-tools-for-stm32.14.3.rel1.macosaarch64_1.0.0.202602081740/tools/bin/../lib/gcc/arm-none-eabi/14.3.1/../../../../arm-none-eabi/lib/thumb/v7e-m+fp/hard/libc_nano.a(libc_a-mallocr.o)
                0x200008b8                __malloc_sbrk_start
 .bss.__malloc_free_list
                0x200008bc        0x4 /Applications/STM32CubeIDE.app/Contents/Eclipse/plugins/com.st.stm32cube.ide.mcu.externaltools.gnu-tools-for-stm32.14.3.rel1.macosaarch64_1.0.0.202602081740/tools/bin/../lib/gcc/arm-none-eabi/14.3.1/../../../../arm-none-eabi/lib/thumb/v7e-m+fp/hard/libc_nano.a(libc_a-mallocr.o)
                0x200008bc                __malloc_free_list
 .bss.errno     0x200008c0        0x4 /Applications/STM32CubeIDE.app/Contents/Eclipse/plugins/com.st.stm32cube.ide.mcu.externaltools.gnu-tools-for-stm32.14.3.rel1.macosaarch64_1.0.0.202602081740/tools/bin/../lib/gcc/arm-none-eabi/14.3.1/../../../../arm-none-eabi/lib/thumb/v7e-m+fp/hard/libc_nano.a(libc_a-reent.o)
                0x200008c0                errno
 *(COMMON)
                0x200008c4                        . = ALIGN (0x4)
                0x200008c4                        _ebss = .
                0x200008c4                        __bss_end__ = _ebss

._user_heap_stack
                0x200008c4      0x604 load address 0x08004d34
                0x200008c8                        . = ALIGN (0x8)
 *fill*         0x200008c4        0x4 
                [!provide]                        PROVIDE (end = .)
                0x200008c8                        PROVIDE (_end = .)
                0x20000ac8                        . = (. + _Min_Heap_Size)
 *fill*         0x200008c8      0x200 
                0x20000ec8                        . = (. + _Min_Stack_Size)
 *fill*         0x20000ac8      0x400 
                0x20000ec8                        . = ALIGN (0x8)

/DISCARD/
 libc.a(*)
 libm.a(*)
 libgcc.a(*)

.ARM.attributes
                0x00000000       0x30
 *(.ARM.attributes)
 .ARM.attributes
                0x00000000       0x22 /Applications/STM32CubeIDE.app/Contents/Eclipse/plugins/com.st.stm32cube.ide.mcu.externaltools.gnu-tools-for-stm32.14.3.rel1.macosaarch64_1.0.0.202602081740/tools/bin/../lib/gcc/arm-none-eabi/14.3.1/thumb/v7e-m+fp/hard/crti.o
 .ARM.attributes
                0x00000022       0x34 /Applications/STM32CubeIDE.app/Contents/Eclipse/plugins/com.st.stm32cube.ide.mcu.externaltools.gnu-tools-for-stm32.14.3.rel1.macosaarch64_1.0.0.202602081740/tools/bin/../lib/gcc/arm-none-eabi/14.3.1/thumb/v7e-m+fp/hard/crtbegin.o
 .ARM.attributes
                0x00000056       0x34 ./Core/Src/bootloader.o
 .ARM.attributes
                0x0000008a       0x34 ./Core/Src/main.o
 .ARM.attributes
                0x000000be       0x34 ./Core/Src/stm32l4xx_hal_msp.o
 .ARM.attributes
                0x000000f2       0x34 ./Core/Src/stm32l4xx_it.o
 .ARM.attributes
                0x00000126       0x34 ./Core/Src/syscalls.o
 .ARM.attributes
                0x0000015a       0x34 ./Core/Src/sysmem.o
 .ARM.attributes
                0x0000018e       0x34 ./Core/Src/system_stm32l4xx.o
 .ARM.attributes
                0x000001c2       0x21 ./Core/Startup/startup_stm32l431rctx.o
 .ARM.attributes
                0x000001e3       0x34 ./Drivers/STM32L4xx_HAL_Driver/Src/stm32l4xx_hal.o
 .ARM.attributes
                0x00000217       0x34 ./Drivers/STM32L4xx_HAL_Driver/Src/stm32l4xx_hal_cortex.o
 .ARM.attributes
                0x0000024b       0x34 ./Drivers/STM32L4xx_HAL_Driver/Src/stm32l4xx_hal_flash.o
 .ARM.attributes
                0x0000027f       0x34 ./Drivers/STM32L4xx_HAL_Driver/Src/stm32l4xx_hal_flash_ex.o
 .ARM.attributes
                0x000002b3       0x34 ./Drivers/STM32L4xx_HAL_Driver/Src/stm32l4xx_hal_gpio.o
 .ARM.attributes
                0x000002e7       0x34 ./Drivers/STM32L4xx_HAL_Driver/Src/stm32l4xx_hal_pwr_ex.o
 .ARM.attributes
                0x0000031b       0x34 ./Drivers/STM32L4xx_HAL_Driver/Src/stm32l4xx_hal_rcc.o
 .ARM.attributes
                0x0000034f       0x34 ./Drivers/STM32L4xx_HAL_Driver/Src/stm32l4xx_hal_rcc_ex.o
 .ARM.attributes
                0x00000383       0x34 ./Drivers/STM32L4xx_HAL_Driver/Src/stm32l4xx_hal_sd.o
 .ARM.attributes
                0x000003b7       0x34 ./Drivers/STM32L4xx_HAL_Driver/Src/stm32l4xx_ll_sdmmc.o
 .ARM.attributes
                0x000003eb       0x34 ./FATFS/App/fatfs.o
 .ARM.attributes
                0x0000041f       0x34 ./FATFS/Target/bsp_driver_sd.o
 .ARM.attributes
                0x00000453       0x34 ./FATFS/Target/sd_diskio.o
 .ARM.attributes
                0x00000487       0x34 ./Middlewares/Third_Party/FatFs/src/diskio.o
 .ARM.attributes
                0x000004bb       0x34 ./Middlewares/Third_Party/FatFs/src/ff.o
 .ARM.attributes
                0x000004ef       0x34 ./Middlewares/Third_Party/FatFs/src/ff_gen_drv.o
 .ARM.attributes
                0x00000523       0x34 /Applications/STM32CubeIDE.app/Contents/Eclipse/plugins/com.st.stm32cube.ide.mcu.externaltools.gnu-tools-for-stm32.14.3.rel1.macosaarch64_1.0.0.202602081740/tools/bin/../lib/gcc/arm-none-eabi/14.3.1/../../../../arm-none-eabi/lib/thumb/v7e-m+fp/hard/libc_nano.a(libc_a-findfp.o)
 .ARM.attributes
                0x00000557       0x34 /Applications/STM32CubeIDE.app/Contents/Eclipse/plugins/com.st.stm32cube.ide.mcu.externaltools.gnu-tools-for-stm32.14.3.rel1.macosaarch64_1.0.0.202602081740/tools/bin/../lib/gcc/arm-none-eabi/14.3.1/../../../../arm-none-eabi/lib/thumb/v7e-m+fp/hard/libc_nano.a(libc_a-fwalk.o)
 .ARM.attributes
                0x0000058b       0x34 /Applications/STM32CubeIDE.app/Contents/Eclipse/plugins/com.st.stm32cube.ide.mcu.externaltools.gnu-tools-for-stm32.14.3.rel1.macosaarch64_1.0.0.202602081740/tools/bin/../lib/gcc/arm-none-eabi/14.3.1/../../../../arm-none-eabi/lib/thumb/v7e-m+fp/hard/libc_nano.a(libc_a-printf.o)
 .ARM.attributes
                0x000005bf       0x34 /Applications/STM32CubeIDE.app/Contents/Eclipse/plugins/com.st.stm32cube.ide.mcu.externaltools.gnu-tools-for-stm32.14.3.rel1.macosaarch64_1.0.0.202602081740/tools/bin/../lib/gcc/arm-none-eabi/14.3.1/../../../../arm-none-eabi/lib/thumb/v7e-m+fp/hard/libc_nano.a(libc_a-puts.o)
 .ARM.attributes
                0x000005f3       0x34 /Applications/STM32CubeIDE.app/Contents/Eclipse/plugins/com.st.stm32cube.ide.mcu.externaltools.gnu-tools-for-stm32.14.3.rel1.macosaarch64_1.0.0.202602081740/tools/bin/../lib/gcc/arm-none-eabi/14.3.1/../../../../arm-none-eabi/lib/thumb/v7e-m+fp/hard/libc_nano.a(libc_a-memset.o)
 .ARM.attributes
                0x00000627       0x34 /Applications/STM32CubeIDE.app/Contents/Eclipse/plugins/com.st.stm32cube.ide.mcu.externaltools.gnu-tools-for-stm32.14.3.rel1.macosaarch64_1.0.0.202602081740/tools/bin/../lib/gcc/arm-none-eabi/14.3.1/../../../../arm-none-eabi/lib/thumb/v7e-m+fp/hard/libc_nano.a(libc_a-errno.o)
 .ARM.attributes
                0x0000065b       0x34 /Applications/STM32CubeIDE.app/Contents/Eclipse/plugins/com.st.stm32cube.ide.mcu.externaltools.gnu-tools-for-stm32.14.3.rel1.macosaarch64_1.0.0.202602081740/tools/bin/../lib/gcc/arm-none-eabi/14.3.1/../../../../arm-none-eabi/lib/thumb/v7e-m+fp/hard/libc_nano.a(libc_a-init.o)
 .ARM.attributes
                0x0000068f       0x34 /Applications/STM32CubeIDE.app/Contents/Eclipse/plugins/com.st.stm32cube.ide.mcu.externaltools.gnu-tools-for-stm32.14.3.rel1.macosaarch64_1.0.0.202602081740/tools/bin/../lib/gcc/arm-none-eabi/14.3.1/../../../../arm-none-eabi/lib/thumb/v7e-m+fp/hard/libc_nano.a(libc_a-lock.o)
 .ARM.attributes
                0x000006c3       0x34 /Applications/STM32CubeIDE.app/Contents/Eclipse/plugins/com.st.stm32cube.ide.mcu.externaltools.gnu-tools-for-stm32.14.3.rel1.macosaarch64_1.0.0.202602081740/tools/bin/../lib/gcc/arm-none-eabi/14.3.1/../../../../arm-none-eabi/lib/thumb/v7e-m+fp/hard/libc_nano.a(libc_a-impure.o)
 .ARM.attributes
                0x000006f7       0x34 /Applications/STM32CubeIDE.app/Contents/Eclipse/plugins/com.st.stm32cube.ide.mcu.externaltools.gnu-tools-for-stm32.14.3.rel1.macosaarch64_1.0.0.202602081740/tools/bin/../lib/gcc/arm-none-eabi/14.3.1/../../../../arm-none-eabi/lib/thumb/v7e-m+fp/hard/libc_nano.a(libc_a-nano-vfprintf.o)
 .ARM.attributes
                0x0000072b       0x34 /Applications/STM32CubeIDE.app/Contents/Eclipse/plugins/com.st.stm32cube.ide.mcu.externaltools.gnu-tools-for-stm32.14.3.rel1.macosaarch64_1.0.0.202602081740/tools/bin/../lib/gcc/arm-none-eabi/14.3.1/../../../../arm-none-eabi/lib/thumb/v7e-m+fp/hard/libc_nano.a(libc_a-mallocr.o)
 .ARM.attributes
                0x0000075f       0x34 /Applications/STM32CubeIDE.app/Contents/Eclipse/plugins/com.st.stm32cube.ide.mcu.externaltools.gnu-tools-for-stm32.14.3.rel1.macosaarch64_1.0.0.202602081740/tools/bin/../lib/gcc/arm-none-eabi/14.3.1/../../../../arm-none-eabi/lib/thumb/v7e-m+fp/hard/libc_nano.a(libc_a-nano-vfprintf_i.o)
 .ARM.attributes
                0x00000793       0x34 /Applications/STM32CubeIDE.app/Contents/Eclipse/plugins/com.st.stm32cube.ide.mcu.externaltools.gnu-tools-for-stm32.14.3.rel1.macosaarch64_1.0.0.202602081740/tools/bin/../lib/gcc/arm-none-eabi/14.3.1/../../../../arm-none-eabi/lib/thumb/v7e-m+fp/hard/libc_nano.a(libc_a-fflush.o)
 .ARM.attributes
                0x000007c7       0x34 /Applications/STM32CubeIDE.app/Contents/Eclipse/plugins/com.st.stm32cube.ide.mcu.externaltools.gnu-tools-for-stm32.14.3.rel1.macosaarch64_1.0.0.202602081740/tools/bin/../lib/gcc/arm-none-eabi/14.3.1/../../../../arm-none-eabi/lib/thumb/v7e-m+fp/hard/libc_nano.a(libc_a-mlock.o)
 .ARM.attributes
                0x000007fb       0x34 /Applications/STM32CubeIDE.app/Contents/Eclipse/plugins/com.st.stm32cube.ide.mcu.externaltools.gnu-tools-for-stm32.14.3.rel1.macosaarch64_1.0.0.202602081740/tools/bin/../lib/gcc/arm-none-eabi/14.3.1/../../../../arm-none-eabi/lib/thumb/v7e-m+fp/hard/libc_nano.a(libc_a-stdio.o)
 .ARM.attributes
                0x0000082f       0x34 /Applications/STM32CubeIDE.app/Contents/Eclipse/plugins/com.st.stm32cube.ide.mcu.externaltools.gnu-tools-for-stm32.14.3.rel1.macosaarch64_1.0.0.202602081740/tools/bin/../lib/gcc/arm-none-eabi/14.3.1/../../../../arm-none-eabi/lib/thumb/v7e-m+fp/hard/libc_nano.a(libc_a-wbuf.o)
 .ARM.attributes
                0x00000863       0x34 /Applications/STM32CubeIDE.app/Contents/Eclipse/plugins/com.st.stm32cube.ide.mcu.externaltools.gnu-tools-for-stm32.14.3.rel1.macosaarch64_1.0.0.202602081740/tools/bin/../lib/gcc/arm-none-eabi/14.3.1/../../../../arm-none-eabi/lib/thumb/v7e-m+fp/hard/libc_nano.a(libc_a-wsetup.o)
 .ARM.attributes
                0x00000897       0x34 /Applications/STM32CubeIDE.app/Contents/Eclipse/plugins/com.st.stm32cube.ide.mcu.externaltools.gnu-tools-for-stm32.14.3.rel1.macosaarch64_1.0.0.202602081740/tools/bin/../lib/gcc/arm-none-eabi/14.3.1/../../../../arm-none-eabi/lib/thumb/v7e-m+fp/hard/libc_nano.a(libc_a-makebuf.o)
 .ARM.attributes
                0x000008cb       0x34 /Applications/STM32CubeIDE.app/Contents/Eclipse/plugins/com.st.stm32cube.ide.mcu.externaltools.gnu-tools-for-stm32.14.3.rel1.macosaarch64_1.0.0.202602081740/tools/bin/../lib/gcc/arm-none-eabi/14.3.1/../../../../arm-none-eabi/lib/thumb/v7e-m+fp/hard/libc_nano.a(libc_a-isattyr.o)
 .ARM.attributes
                0x000008ff       0x34 /Applications/STM32CubeIDE.app/Contents/Eclipse/plugins/com.st.stm32cube.ide.mcu.externaltools.gnu-tools-for-stm32.14.3.rel1.macosaarch64_1.0.0.202602081740/tools/bin/../lib/gcc/arm-none-eabi/14.3.1/../../../../arm-none-eabi/lib/thumb/v7e-m+fp/hard/libc_nano.a(libc_a-lseekr.o)
 .ARM.attributes
                0x00000933       0x34 /Applications/STM32CubeIDE.app/Contents/Eclipse/plugins/com.st.stm32cube.ide.mcu.externaltools.gnu-tools-for-stm32.14.3.rel1.macosaarch64_1.0.0.202602081740/tools/bin/../lib/gcc/arm-none-eabi/14.3.1/../../../../arm-none-eabi/lib/thumb/v7e-m+fp/hard/libc_nano.a(libc_a-readr.o)
 .ARM.attributes
                0x00000967       0x34 /Applications/STM32CubeIDE.app/Contents/Eclipse/plugins/com.st.stm32cube.ide.mcu.externaltools.gnu-tools-for-stm32.14.3.rel1.macosaarch64_1.0.0.202602081740/tools/bin/../lib/gcc/arm-none-eabi/14.3.1/../../../../arm-none-eabi/lib/thumb/v7e-m+fp/hard/libc_nano.a(libc_a-sbrkr.o)
 .ARM.attributes
                0x0000099b       0x34 /Applications/STM32CubeIDE.app/Contents/Eclipse/plugins/com.st.stm32cube.ide.mcu.externaltools.gnu-tools-for-stm32.14.3.rel1.macosaarch64_1.0.0.202602081740/tools/bin/../lib/gcc/arm-none-eabi/14.3.1/../../../../arm-none-eabi/lib/thumb/v7e-m+fp/hard/libc_nano.a(libc_a-writer.o)
 .ARM.attributes
                0x000009cf       0x34 /Applications/STM32CubeIDE.app/Contents/Eclipse/plugins/com.st.stm32cube.ide.mcu.externaltools.gnu-tools-for-stm32.14.3.rel1.macosaarch64_1.0.0.202602081740/tools/bin/../lib/gcc/arm-none-eabi/14.3.1/../../../../arm-none-eabi/lib/thumb/v7e-m+fp/hard/libc_nano.a(libc_a-closer.o)
 .ARM.attributes
                0x00000a03       0x34 /Applications/STM32CubeIDE.app/Contents/Eclipse/plugins/com.st.stm32cube.ide.mcu.externaltools.gnu-tools-for-stm32.14.3.rel1.macosaarch64_1.0.0.202602081740/tools/bin/../lib/gcc/arm-none-eabi/14.3.1/../../../../arm-none-eabi/lib/thumb/v7e-m+fp/hard/libc_nano.a(libc_a-reent.o)
 .ARM.attributes
                0x00000a37       0x34 /Applications/STM32CubeIDE.app/Contents/Eclipse/plugins/com.st.stm32cube.ide.mcu.externaltools.gnu-tools-for-stm32.14.3.rel1.macosaarch64_1.0.0.202602081740/tools/bin/../lib/gcc/arm-none-eabi/14.3.1/../../../../arm-none-eabi/lib/thumb/v7e-m+fp/hard/libc_nano.a(libc_a-fstatr.o)
 .ARM.attributes
                0x00000a6b       0x1c /Applications/STM32CubeIDE.app/Contents/Eclipse/plugins/com.st.stm32cube.ide.mcu.externaltools.gnu-tools-for-stm32.14.3.rel1.macosaarch64_1.0.0.202602081740/tools/bin/../lib/gcc/arm-none-eabi/14.3.1/../../../../arm-none-eabi/lib/thumb/v7e-m+fp/hard/libc_nano.a(libc_a-memchr.o)
 .ARM.attributes
                0x00000a87       0x34 /Applications/STM32CubeIDE.app/Contents/Eclipse/plugins/com.st.stm32cube.ide.mcu.externaltools.gnu-tools-for-stm32.14.3.rel1.macosaarch64_1.0.0.202602081740/tools/bin/../lib/gcc/arm-none-eabi/14.3.1/../../../../arm-none-eabi/lib/thumb/v7e-m+fp/hard/libc_nano.a(libc_a-freer.o)
 .ARM.attributes
                0x00000abb       0x22 /Applications/STM32CubeIDE.app/Contents/Eclipse/plugins/com.st.stm32cube.ide.mcu.externaltools.gnu-tools-for-stm32.14.3.rel1.macosaarch64_1.0.0.202602081740/tools/bin/../lib/gcc/arm-none-eabi/14.3.1/thumb/v7e-m+fp/hard/crtn.o
OUTPUT(L431Bootloader.elf elf32-littlearm)
LOAD linker stubs
LOAD /Applications/STM32CubeIDE.app/Contents/Eclipse/plugins/com.st.stm32cube.ide.mcu.externaltools.gnu-tools-for-stm32.14.3.rel1.macosaarch64_1.0.0.202602081740/tools/bin/../lib/gcc/arm-none-eabi/14.3.1/../../../../arm-none-eabi/lib/thumb/v7e-m+fp/hard/libc.a
LOAD /Applications/STM32CubeIDE.app/Contents/Eclipse/plugins/com.st.stm32cube.ide.mcu.externaltools.gnu-tools-for-stm32.14.3.rel1.macosaarch64_1.0.0.202602081740/tools/bin/../lib/gcc/arm-none-eabi/14.3.1/../../../../arm-none-eabi/lib/thumb/v7e-m+fp/hard/libm.a
LOAD /Applications/STM32CubeIDE.app/Contents/Eclipse/plugins/com.st.stm32cube.ide.mcu.externaltools.gnu-tools-for-stm32.14.3.rel1.macosaarch64_1.0.0.202602081740/tools/bin/../lib/gcc/arm-none-eabi/14.3.1/thumb/v7e-m+fp/hard/libgcc.a

.debug_info     0x00000000    0x11ff6
 .debug_info    0x00000000     0x1377 ./Core/Src/bootloader.o
 .debug_info    0x00001377     0x1352 ./Core/Src/main.o
 .debug_info    0x000026c9      0xd92 ./Core/Src/stm32l4xx_hal_msp.o
 .debug_info    0x0000345b      0x15b ./Core/Src/stm32l4xx_it.o
 .debug_info    0x000035b6      0x7b5 ./Core/Src/syscalls.o
 .debug_info    0x00003d6b      0x175 ./Core/Src/sysmem.o
 .debug_info    0x00003ee0      0x606 ./Core/Src/system_stm32l4xx.o
 .debug_info    0x000044e6       0x30 ./Core/Startup/startup_stm32l431rctx.o
 .debug_info    0x00004516      0xbe0 ./Drivers/STM32L4xx_HAL_Driver/Src/stm32l4xx_hal.o
 .debug_info    0x000050f6      0xfc0 ./Drivers/STM32L4xx_HAL_Driver/Src/stm32l4xx_hal_cortex.o
 .debug_info    0x000060b6      0x868 ./Drivers/STM32L4xx_HAL_Driver/Src/stm32l4xx_hal_flash.o
 .debug_info    0x0000691e      0xa77 ./Drivers/STM32L4xx_HAL_Driver/Src/stm32l4xx_hal_flash_ex.o
 .debug_info    0x00007395      0x7dd ./Drivers/STM32L4xx_HAL_Driver/Src/stm32l4xx_hal_gpio.o
 .debug_info    0x00007b72      0x987 ./Drivers/STM32L4xx_HAL_Driver/Src/stm32l4xx_hal_pwr_ex.o
 .debug_info    0x000084f9      0xeaa ./Drivers/STM32L4xx_HAL_Driver/Src/stm32l4xx_hal_rcc.o
 .debug_info    0x000093a3     0x119f ./Drivers/STM32L4xx_HAL_Driver/Src/stm32l4xx_hal_rcc_ex.o
 .debug_info    0x0000a542     0x2715 ./Drivers/STM32L4xx_HAL_Driver/Src/stm32l4xx_hal_sd.o
 .debug_info    0x0000cc57     0x1bae ./Drivers/STM32L4xx_HAL_Driver/Src/stm32l4xx_ll_sdmmc.o
 .debug_info    0x0000e805      0x4c4 ./FATFS/App/fatfs.o
 .debug_info    0x0000ecc9      0xc4b ./FATFS/Target/bsp_driver_sd.o
 .debug_info    0x0000f914      0x6e4 ./FATFS/Target/sd_diskio.o
 .debug_info    0x0000fff8      0x4c2 ./Middlewares/Third_Party/FatFs/src/diskio.o
 .debug_info    0x000104ba     0x165a ./Middlewares/Third_Party/FatFs/src/ff.o
 .debug_info    0x00011b14      0x4e2 ./Middlewares/Third_Party/FatFs/src/ff_gen_drv.o

.debug_abbrev   0x00000000     0x3c6e
 .debug_abbrev  0x00000000      0x3ab ./Core/Src/bootloader.o
 .debug_abbrev  0x000003ab      0x427 ./Core/Src/main.o
 .debug_abbrev  0x000007d2      0x218 ./Core/Src/stm32l4xx_hal_msp.o
 .debug_abbrev  0x000009ea       0xef ./Core/Src/stm32l4xx_it.o
 .debug_abbrev  0x00000ad9      0x208 ./Core/Src/syscalls.o
 .debug_abbrev  0x00000ce1       0xec ./Core/Src/sysmem.o
 .debug_abbrev  0x00000dcd      0x131 ./Core/Src/system_stm32l4xx.o
 .debug_abbrev  0x00000efe       0x24 ./Core/Startup/startup_stm32l431rctx.o
 .debug_abbrev  0x00000f22      0x2ee ./Drivers/STM32L4xx_HAL_Driver/Src/stm32l4xx_hal.o
 .debug_abbrev  0x00001210      0x396 ./Drivers/STM32L4xx_HAL_Driver/Src/stm32l4xx_hal_cortex.o
 .debug_abbrev  0x000015a6      0x3d8 ./Drivers/STM32L4xx_HAL_Driver/Src/stm32l4xx_hal_flash.o
 .debug_abbrev  0x0000197e      0x31a ./Drivers/STM32L4xx_HAL_Driver/Src/stm32l4xx_hal_flash_ex.o
 .debug_abbrev  0x00001c98      0x21a ./Drivers/STM32L4xx_HAL_Driver/Src/stm32l4xx_hal_gpio.o
 .debug_abbrev  0x00001eb2      0x25f ./Drivers/STM32L4xx_HAL_Driver/Src/stm32l4xx_hal_pwr_ex.o
 .debug_abbrev  0x00002111      0x2d0 ./Drivers/STM32L4xx_HAL_Driver/Src/stm32l4xx_hal_rcc.o
 .debug_abbrev  0x000023e1      0x36a ./Drivers/STM32L4xx_HAL_Driver/Src/stm32l4xx_hal_rcc_ex.o
 .debug_abbrev  0x0000274b      0x3c3 ./Drivers/STM32L4xx_HAL_Driver/Src/stm32l4xx_hal_sd.o
 .debug_abbrev  0x00002b0e      0x35b ./Drivers/STM32L4xx_HAL_Driver/Src/stm32l4xx_ll_sdmmc.o
 .debug_abbrev  0x00002e69      0x17e ./FATFS/App/fatfs.o
 .debug_abbrev  0x00002fe7      0x2a1 ./FATFS/Target/bsp_driver_sd.o
 .debug_abbrev  0x00003288      0x2ae ./FATFS/Target/sd_diskio.o
 .debug_abbrev  0x00003536      0x1ce ./Middlewares/Third_Party/FatFs/src/diskio.o
 .debug_abbrev  0x00003704      0x329 ./Middlewares/Third_Party/FatFs/src/ff.o
 .debug_abbrev  0x00003a2d      0x241 ./Middlewares/Third_Party/FatFs/src/ff_gen_drv.o

.debug_loclists
                0x00000000     0x689b
 .debug_loclists
                0x00000000      0x14d ./Core/Src/bootloader.o
 .debug_loclists
                0x0000014d       0xcc ./Core/Src/main.o
 .debug_loclists
                0x00000219       0x57 ./Core/Src/stm32l4xx_hal_msp.o
 .debug_loclists
                0x00000270      0x335 ./Core/Src/syscalls.o
 .debug_loclists
                0x000005a5       0x3f ./Core/Src/sysmem.o
 .debug_loclists
                0x000005e4       0xb0 ./Core/Src/system_stm32l4xx.o
 .debug_loclists
                0x00000694      0x13d ./Drivers/STM32L4xx_HAL_Driver/Src/stm32l4xx_hal.o
 .debug_loclists
                0x000007d1      0x410 ./Drivers/STM32L4xx_HAL_Driver/Src/stm32l4xx_hal_cortex.o
 .debug_loclists
                0x00000be1      0x2f0 ./Drivers/STM32L4xx_HAL_Driver/Src/stm32l4xx_hal_flash.o
 .debug_loclists
                0x00000ed1      0x426 ./Drivers/STM32L4xx_HAL_Driver/Src/stm32l4xx_hal_flash_ex.o
 .debug_loclists
                0x000012f7      0x25f ./Drivers/STM32L4xx_HAL_Driver/Src/stm32l4xx_hal_gpio.o
 .debug_loclists
                0x00001556      0x38c ./Drivers/STM32L4xx_HAL_Driver/Src/stm32l4xx_hal_pwr_ex.o
 .debug_loclists
                0x000018e2      0x60a ./Drivers/STM32L4xx_HAL_Driver/Src/stm32l4xx_hal_rcc.o
 .debug_loclists
                0x00001eec      0x977 ./Drivers/STM32L4xx_HAL_Driver/Src/stm32l4xx_hal_rcc_ex.o
 .debug_loclists
                0x00002863     0x1554 ./Drivers/STM32L4xx_HAL_Driver/Src/stm32l4xx_hal_sd.o
 .debug_loclists
                0x00003db7      0xfb6 ./Drivers/STM32L4xx_HAL_Driver/Src/stm32l4xx_ll_sdmmc.o
 .debug_loclists
                0x00004d6d      0x350 ./FATFS/Target/bsp_driver_sd.o
 .debug_loclists
                0x000050bd      0x2c3 ./FATFS/Target/sd_diskio.o
 .debug_loclists
                0x00005380      0x19c ./Middlewares/Third_Party/FatFs/src/diskio.o
 .debug_loclists
                0x0000551c     0x1195 ./Middlewares/Third_Party/FatFs/src/ff.o
 .debug_loclists
                0x000066b1      0x1ea ./Middlewares/Third_Party/FatFs/src/ff_gen_drv.o

.debug_aranges  0x00000000      0xc58
 .debug_aranges
                0x00000000       0x48 ./Core/Src/bootloader.o
 .debug_aranges
                0x00000048       0x38 ./Core/Src/main.o
 .debug_aranges
                0x00000080       0x30 ./Core/Src/stm32l4xx_hal_msp.o
 .debug_aranges
                0x000000b0       0x60 ./Core/Src/stm32l4xx_it.o
 .debug_aranges
                0x00000110       0xa8 ./Core/Src/syscalls.o
 .debug_aranges
                0x000001b8       0x20 ./Core/Src/sysmem.o
 .debug_aranges
                0x000001d8       0x28 ./Core/Src/system_stm32l4xx.o
 .debug_aranges
                0x00000200       0x28 ./Core/Startup/startup_stm32l431rctx.o
 .debug_aranges
                0x00000228      0x130 ./Drivers/STM32L4xx_HAL_Driver/Src/stm32l4xx_hal.o
 .debug_aranges
                0x00000358       0xb8 ./Drivers/STM32L4xx_HAL_Driver/Src/stm32l4xx_hal_cortex.o
 .debug_aranges
                0x00000410       0x80 ./Drivers/STM32L4xx_HAL_Driver/Src/stm32l4xx_hal_flash.o
 .debug_aranges
                0x00000490       0x50 ./Drivers/STM32L4xx_HAL_Driver/Src/stm32l4xx_hal_flash_ex.o
 .debug_aranges
                0x000004e0       0x58 ./Drivers/STM32L4xx_HAL_Driver/Src/stm32l4xx_hal_gpio.o
 .debug_aranges
                0x00000538      0x100 ./Drivers/STM32L4xx_HAL_Driver/Src/stm32l4xx_hal_pwr_ex.o
 .debug_aranges
                0x00000638       0x90 ./Drivers/STM32L4xx_HAL_Driver/Src/stm32l4xx_hal_rcc.o
 .debug_aranges
                0x000006c8       0xe8 ./Drivers/STM32L4xx_HAL_Driver/Src/stm32l4xx_hal_rcc_ex.o
 .debug_aranges
                0x000007b0      0x120 ./Drivers/STM32L4xx_HAL_Driver/Src/stm32l4xx_hal_sd.o
 .debug_aranges
                0x000008d0      0x188 ./Drivers/STM32L4xx_HAL_Driver/Src/stm32l4xx_ll_sdmmc.o
 .debug_aranges
                0x00000a58       0x28 ./FATFS/App/fatfs.o
 .debug_aranges
                0x00000a80       0x98 ./FATFS/Target/bsp_driver_sd.o
 .debug_aranges
                0x00000b18       0x40 ./FATFS/Target/sd_diskio.o
 .debug_aranges
                0x00000b58       0x48 ./Middlewares/Third_Party/FatFs/src/diskio.o
 .debug_aranges
                0x00000ba0       0x78 ./Middlewares/Third_Party/FatFs/src/ff.o
 .debug_aranges
                0x00000c18       0x40 ./Middlewares/Third_Party/FatFs/src/ff_gen_drv.o

.debug_rnglists
                0x00000000      0xbde
 .debug_rnglists
                0x00000000       0x4d ./Core/Src/bootloader.o
 .debug_rnglists
                0x0000004d       0x5f ./Core/Src/main.o
 .debug_rnglists
                0x000000ac       0x38 ./Core/Src/stm32l4xx_hal_msp.o
 .debug_rnglists
                0x000000e4       0x43 ./Core/Src/stm32l4xx_it.o
 .debug_rnglists
                0x00000127       0x85 ./Core/Src/syscalls.o
 .debug_rnglists
                0x000001ac       0x13 ./Core/Src/sysmem.o
 .debug_rnglists
                0x000001bf       0x1a ./Core/Src/system_stm32l4xx.o
 .debug_rnglists
                0x000001d9       0x19 ./Core/Startup/startup_stm32l431rctx.o
 .debug_rnglists
                0x000001f2       0xdf ./Drivers/STM32L4xx_HAL_Driver/Src/stm32l4xx_hal.o
 .debug_rnglists
                0x000002d1       0xee ./Drivers/STM32L4xx_HAL_Driver/Src/stm32l4xx_hal_cortex.o
 .debug_rnglists
                0x000003bf       0x69 ./Drivers/STM32L4xx_HAL_Driver/Src/stm32l4xx_hal_flash.o
 .debug_rnglists
                0x00000428       0x89 ./Drivers/STM32L4xx_HAL_Driver/Src/stm32l4xx_hal_flash_ex.o
 .debug_rnglists
                0x000004b1       0x52 ./Drivers/STM32L4xx_HAL_Driver/Src/stm32l4xx_hal_gpio.o
 .debug_rnglists
                0x00000503       0xbe ./Drivers/STM32L4xx_HAL_Driver/Src/stm32l4xx_hal_pwr_ex.o
 .debug_rnglists
                0x000005c1       0x7c ./Drivers/STM32L4xx_HAL_Driver/Src/stm32l4xx_hal_rcc.o
 .debug_rnglists
                0x0000063d       0xec ./Drivers/STM32L4xx_HAL_Driver/Src/stm32l4xx_hal_rcc_ex.o
 .debug_rnglists
                0x00000729      0x148 ./Drivers/STM32L4xx_HAL_Driver/Src/stm32l4xx_hal_sd.o
 .debug_rnglists
                0x00000871      0x148 ./Drivers/STM32L4xx_HAL_Driver/Src/stm32l4xx_ll_sdmmc.o
 .debug_rnglists
                0x000009b9       0x19 ./FATFS/App/fatfs.o
 .debug_rnglists
                0x000009d2       0x6d ./FATFS/Target/bsp_driver_sd.o
 .debug_rnglists
                0x00000a3f       0x37 ./FATFS/Target/sd_diskio.o
 .debug_rnglists
                0x00000a76       0x31 ./Middlewares/Third_Party/FatFs/src/diskio.o
 .debug_rnglists
                0x00000aa7      0x10c ./Middlewares/Third_Party/FatFs/src/ff.o
 .debug_rnglists
                0x00000bb3       0x2b ./Middlewares/Third_Party/FatFs/src/ff_gen_drv.o

.debug_macro    0x00000000    0x239bb
 .debug_macro   0x00000000      0x379 ./Core/Src/bootloader.o
 .debug_macro   0x00000379      0xade ./Core/Src/bootloader.o
 .debug_macro   0x00000e57      0x1a1 ./Core/Src/bootloader.o
 .debug_macro   0x00000ff8       0x2e ./Core/Src/bootloader.o
 .debug_macro   0x00001026       0x28 ./Core/Src/bootloader.o
 .debug_macro   0x0000104e       0x22 ./Core/Src/bootloader.o
 .debug_macro   0x00001070       0x8e ./Core/Src/bootloader.o
 .debug_macro   0x000010fe       0x51 ./Core/Src/bootloader.o
 .debug_macro   0x0000114f      0x103 ./Core/Src/bootloader.o
 .debug_macro   0x00001252       0x6a ./Core/Src/bootloader.o
 .debug_macro   0x000012bc      0x1df ./Core/Src/bootloader.o
 .debug_macro   0x0000149b       0x1c ./Core/Src/bootloader.o
 .debug_macro   0x000014b7       0x22 ./Core/Src/bootloader.o
 .debug_macro   0x000014d9       0xfb ./Core/Src/bootloader.o
 .debug_macro   0x000015d4     0x1011 ./Core/Src/bootloader.o
 .debug_macro   0x000025e5      0x11f ./Core/Src/bootloader.o
 .debug_macro   0x00002704    0x1511c ./Core/Src/bootloader.o
 .debug_macro   0x00017820       0x6d ./Core/Src/bootloader.o
 .debug_macro   0x0001788d     0x38fb ./Core/Src/bootloader.o
 .debug_macro   0x0001b188      0x190 ./Core/Src/bootloader.o
 .debug_macro   0x0001b318       0x5c ./Core/Src/bootloader.o
 .debug_macro   0x0001b374     0x1328 ./Core/Src/bootloader.o
 .debug_macro   0x0001c69c      0x5a5 ./Core/Src/bootloader.o
 .debug_macro   0x0001cc41      0x1b9 ./Core/Src/bootloader.o
 .debug_macro   0x0001cdfa      0x11b ./Core/Src/bootloader.o
 .debug_macro   0x0001cf15      0x2c4 ./Core/Src/bootloader.o
 .debug_macro   0x0001d1d9      0x27a ./Core/Src/bootloader.o
 .debug_macro   0x0001d453      0x23d ./Core/Src/bootloader.o
 .debug_macro   0x0001d690      0x241 ./Core/Src/bootloader.o
 .debug_macro   0x0001d8d1      0x375 ./Core/Src/bootloader.o
 .debug_macro   0x0001dc46       0xd6 ./Core/Src/bootloader.o
 .debug_macro   0x0001dd1c      0x122 ./Core/Src/bootloader.o
 .debug_macro   0x0001de3e      0x2ee ./Core/Src/bootloader.o
 .debug_macro   0x0001e12c      0x781 ./Core/Src/bootloader.o
 .debug_macro   0x0001e8ad      0x1d5 ./Core/Src/bootloader.o
 .debug_macro   0x0001ea82      0x26d ./Core/Src/bootloader.o
 .debug_macro   0x0001ecef       0x46 ./Core/Src/bootloader.o
 .debug_macro   0x0001ed35       0xe5 ./Core/Src/bootloader.o
 .debug_macro   0x0001ee1a       0x2a ./Core/Src/bootloader.o
 .debug_macro   0x0001ee44       0x61 ./Core/Src/bootloader.o
 .debug_macro   0x0001eea5       0x43 ./Core/Src/bootloader.o
 .debug_macro   0x0001eee8       0x34 ./Core/Src/bootloader.o
 .debug_macro   0x0001ef1c       0x16 ./Core/Src/bootloader.o
 .debug_macro   0x0001ef32       0x3c ./Core/Src/bootloader.o
 .debug_macro   0x0001ef6e      0x364 ./Core/Src/bootloader.o
 .debug_macro   0x0001f2d2       0x16 ./Core/Src/bootloader.o
 .debug_macro   0x0001f2e8       0x4a ./Core/Src/bootloader.o
 .debug_macro   0x0001f332       0x34 ./Core/Src/bootloader.o
 .debug_macro   0x0001f366       0x10 ./Core/Src/bootloader.o
 .debug_macro   0x0001f376       0x58 ./Core/Src/bootloader.o
 .debug_macro   0x0001f3ce       0x8e ./Core/Src/bootloader.o
 .debug_macro   0x0001f45c       0x1c ./Core/Src/bootloader.o
 .debug_macro   0x0001f478      0x17e ./Core/Src/bootloader.o
 .debug_macro   0x0001f5f6       0x16 ./Core/Src/bootloader.o
 .debug_macro   0x0001f60c       0x29 ./Core/Src/bootloader.o
 .debug_macro   0x0001f635       0x12 ./Core/Src/bootloader.o
 .debug_macro   0x0001f647       0xe2 ./Core/Src/bootloader.o
 .debug_macro   0x0001f729       0x8e ./Core/Src/bootloader.o
 .debug_macro   0x0001f7b7       0x22 ./Core/Src/bootloader.o
 .debug_macro   0x0001f7d9       0x1c ./Core/Src/bootloader.o
 .debug_macro   0x0001f7f5       0x10 ./Core/Src/bootloader.o
 .debug_macro   0x0001f805       0x1c ./Core/Src/bootloader.o
 .debug_macro   0x0001f821       0x16 ./Core/Src/bootloader.o
 .debug_macro   0x0001f837      0x146 ./Core/Src/bootloader.o
 .debug_macro   0x0001f97d       0x16 ./Core/Src/bootloader.o
 .debug_macro   0x0001f993       0x20 ./Core/Src/bootloader.o
 .debug_macro   0x0001f9b3      0x349 ./Core/Src/main.o
 .debug_macro   0x0001fcfc      0x1ca ./Core/Src/stm32l4xx_hal_msp.o
 .debug_macro   0x0001fec6      0x1d4 ./Core/Src/stm32l4xx_it.o
 .debug_macro   0x0002009a      0x274 ./Core/Src/syscalls.o
 .debug_macro   0x0002030e       0x5b ./Core/Src/syscalls.o
 .debug_macro   0x00020369       0x94 ./Core/Src/syscalls.o
 .debug_macro   0x000203fd       0x57 ./Core/Src/syscalls.o
 .debug_macro   0x00020454       0x10 ./Core/Src/syscalls.o
 .debug_macro   0x00020464       0x10 ./Core/Src/syscalls.o
 .debug_macro   0x00020474       0x10 ./Core/Src/syscalls.o
 .debug_macro   0x00020484       0x10 ./Core/Src/syscalls.o
 .debug_macro   0x00020494       0x1c ./Core/Src/syscalls.o
 .debug_macro   0x000204b0       0x52 ./Core/Src/syscalls.o
 .debug_macro   0x00020502       0x22 ./Core/Src/syscalls.o
 .debug_macro   0x00020524       0x10 ./Core/Src/syscalls.o
 .debug_macro   0x00020534       0x52 ./Core/Src/syscalls.o
 .debug_macro   0x00020586       0xcf ./Core/Src/syscalls.o
 .debug_macro   0x00020655       0x1c ./Core/Src/syscalls.o
 .debug_macro   0x00020671       0x3d ./Core/Src/syscalls.o
 .debug_macro   0x000206ae       0x35 ./Core/Src/syscalls.o
 .debug_macro   0x000206e3      0x12c ./Core/Src/syscalls.o
 .debug_macro   0x0002080f       0x10 ./Core/Src/syscalls.o
 .debug_macro   0x0002081f      0x242 ./Core/Src/syscalls.o
 .debug_macro   0x00020a61       0x10 ./Core/Src/syscalls.o
 .debug_macro   0x00020a71      0x18a ./Core/Src/syscalls.o
 .debug_macro   0x00020bfb       0x16 ./Core/Src/syscalls.o
 .debug_macro   0x00020c11       0xce ./Core/Src/syscalls.o
 .debug_macro   0x00020cdf      0x112 ./Core/Src/sysmem.o
 .debug_macro   0x00020df1      0x23c ./Core/Src/sysmem.o
 .debug_macro   0x0002102d      0x1c0 ./Core/Src/system_stm32l4xx.o
 .debug_macro   0x000211ed      0x20e ./Drivers/STM32L4xx_HAL_Driver/Src/stm32l4xx_hal.o
 .debug_macro   0x000213fb      0x1c0 ./Drivers/STM32L4xx_HAL_Driver/Src/stm32l4xx_hal_cortex.o
 .debug_macro   0x000215bb      0x1c6 ./Drivers/STM32L4xx_HAL_Driver/Src/stm32l4xx_hal_flash.o