../Middlewares/Third_Party/FatFs/src/ff.c:623:7:ld_dword	0	static
../Middlewares/Third_Party/FatFs/src/ff.c:2904:5:get_ldnumber	8	static
../Middlewares/Third_Party/FatFs/src/ff.c:3216:9:validate	16	static
../Middlewares/Third_Party/FatFs/src/ff.c:912:9:move_window	16	static
../Middlewares/Third_Party/FatFs/src/ff.c:2965:6:check_fs	8	static
../Middlewares/Third_Party/FatFs/src/ff.c:2993:9:find_volume.isra	40	static
../Middlewares/Third_Party/FatFs/src/ff.c:1001:7:get_fat.isra	24	static
../Middlewares/Third_Party/FatFs/src/ff.c:1470:9:dir_sdi.constprop	24	static
../Middlewares/Third_Party/FatFs/src/ff.c:3260:9:f_mount	24	static
../Middlewares/Third_Party/FatFs/src/ff.c:3308:9:f_open	104	static
../Middlewares/Third_Party/FatFs/src/ff.c:3511:9:f_read	56	static
../Middlewares/Third_Party/FatFs/src/ff.c:3813:9:f_close	16	static
